Archive member included to satisfy reference by file (symbol)

/usr/lib/gcc/arm-none-eabi/13.2.1/thumb/v6-m/nofp/libgcc.a(_dvmd_tls.o)
                              CMakeFiles/Project.dir/home/emil/Documents/schoolfolder/year_2/2dt901/Pico_code/pico-sdk/src/rp2_common/pico_divider/divider.S.obj (__aeabi_idiv0)
/usr/lib/gcc/arm-none-eabi/13.2.1/../../../arm-none-eabi/lib/thumb/v6-m/nofp/libc.a(libc_a-calloc.o)
                              CMakeFiles/Project.dir/home/emil/Documents/schoolfolder/year_2/2dt901/Pico_code/pico-sdk/src/rp2_common/pico_malloc/pico_malloc.c.obj (calloc)
/usr/lib/gcc/arm-none-eabi/13.2.1/../../../arm-none-eabi/lib/thumb/v6-m/nofp/libc.a(libc_a-impure.o)
                              /usr/lib/gcc/arm-none-eabi/13.2.1/../../../arm-none-eabi/lib/thumb/v6-m/nofp/libc.a(libc_a-calloc.o) (_impure_ptr)
/usr/lib/gcc/arm-none-eabi/13.2.1/../../../arm-none-eabi/lib/thumb/v6-m/nofp/libc.a(libc_a-callocr.o)
                              /usr/lib/gcc/arm-none-eabi/13.2.1/../../../arm-none-eabi/lib/thumb/v6-m/nofp/libc.a(libc_a-calloc.o) (_calloc_r)
/usr/lib/gcc/arm-none-eabi/13.2.1/../../../arm-none-eabi/lib/thumb/v6-m/nofp/libc.a(libc_a-realloc.o)
                              CMakeFiles/Project.dir/home/emil/Documents/schoolfolder/year_2/2dt901/Pico_code/pico-sdk/src/rp2_common/pico_malloc/pico_malloc.c.obj (realloc)
/usr/lib/gcc/arm-none-eabi/13.2.1/../../../arm-none-eabi/lib/thumb/v6-m/nofp/libc.a(libc_a-mallocr.o)
                              /usr/lib/gcc/arm-none-eabi/13.2.1/../../../arm-none-eabi/lib/thumb/v6-m/nofp/libc.a(libc_a-callocr.o) (_malloc_r)
/usr/lib/gcc/arm-none-eabi/13.2.1/../../../arm-none-eabi/lib/thumb/v6-m/nofp/libc.a(libc_a-freer.o)
                              /usr/lib/gcc/arm-none-eabi/13.2.1/../../../arm-none-eabi/lib/thumb/v6-m/nofp/libc.a(libc_a-mallocr.o) (_free_r)
/usr/lib/gcc/arm-none-eabi/13.2.1/../../../arm-none-eabi/lib/thumb/v6-m/nofp/libc.a(libc_a-malloc.o)
                              CMakeFiles/Project.dir/home/emil/Documents/schoolfolder/year_2/2dt901/Pico_code/pico-sdk/src/rp2_common/pico_malloc/pico_malloc.c.obj (malloc)
/usr/lib/gcc/arm-none-eabi/13.2.1/../../../arm-none-eabi/lib/thumb/v6-m/nofp/libc.a(libc_a-sysconf.o)
                              /usr/lib/gcc/arm-none-eabi/13.2.1/../../../arm-none-eabi/lib/thumb/v6-m/nofp/libc.a(libc_a-mallocr.o) (sysconf)
/usr/lib/gcc/arm-none-eabi/13.2.1/../../../arm-none-eabi/lib/thumb/v6-m/nofp/libc.a(libc_a-init.o)
                              /usr/lib/gcc/arm-none-eabi/13.2.1/../../../arm-none-eabi/lib/thumb/v6-m/nofp/crt0.o (__libc_init_array)
/usr/lib/gcc/arm-none-eabi/13.2.1/../../../arm-none-eabi/lib/thumb/v6-m/nofp/libc.a(libc_a-reallocr.o)
                              /usr/lib/gcc/arm-none-eabi/13.2.1/../../../arm-none-eabi/lib/thumb/v6-m/nofp/libc.a(libc_a-realloc.o) (_realloc_r)
/usr/lib/gcc/arm-none-eabi/13.2.1/../../../arm-none-eabi/lib/thumb/v6-m/nofp/libc.a(libc_a-mlock.o)
                              /usr/lib/gcc/arm-none-eabi/13.2.1/../../../arm-none-eabi/lib/thumb/v6-m/nofp/libc.a(libc_a-mallocr.o) (__malloc_lock)
/usr/lib/gcc/arm-none-eabi/13.2.1/../../../arm-none-eabi/lib/thumb/v6-m/nofp/libc.a(libc_a-findfp.o)
                              /usr/lib/gcc/arm-none-eabi/13.2.1/../../../arm-none-eabi/lib/thumb/v6-m/nofp/libc.a(libc_a-impure.o) (__sf)
/usr/lib/gcc/arm-none-eabi/13.2.1/../../../arm-none-eabi/lib/thumb/v6-m/nofp/libc.a(libc_a-atexit.o)
                              /usr/lib/gcc/arm-none-eabi/13.2.1/../../../arm-none-eabi/lib/thumb/v6-m/nofp/crt0.o (atexit)
/usr/lib/gcc/arm-none-eabi/13.2.1/../../../arm-none-eabi/lib/thumb/v6-m/nofp/libc.a(libc_a-strlen-stub.o)
                              CMakeFiles/Project.dir/home/emil/Documents/schoolfolder/year_2/2dt901/Pico_code/pico-sdk/src/rp2_common/pico_stdio/stdio.c.obj (strlen)
/usr/lib/gcc/arm-none-eabi/13.2.1/../../../arm-none-eabi/lib/thumb/v6-m/nofp/libc.a(libc_a-sbrkr.o)
                              /usr/lib/gcc/arm-none-eabi/13.2.1/../../../arm-none-eabi/lib/thumb/v6-m/nofp/libc.a(libc_a-mallocr.o) (_sbrk_r)
/usr/lib/gcc/arm-none-eabi/13.2.1/../../../arm-none-eabi/lib/thumb/v6-m/nofp/libc.a(libc_a-fini.o)
                              /usr/lib/gcc/arm-none-eabi/13.2.1/../../../arm-none-eabi/lib/thumb/v6-m/nofp/crt0.o (__libc_fini_array)
/usr/lib/gcc/arm-none-eabi/13.2.1/../../../arm-none-eabi/lib/thumb/v6-m/nofp/libc.a(libc_a-fwalk.o)
                              /usr/lib/gcc/arm-none-eabi/13.2.1/../../../arm-none-eabi/lib/thumb/v6-m/nofp/libc.a(libc_a-findfp.o) (_fwalk_sglue)
/usr/lib/gcc/arm-none-eabi/13.2.1/../../../arm-none-eabi/lib/thumb/v6-m/nofp/libc.a(libc_a-memmove.o)
                              /usr/lib/gcc/arm-none-eabi/13.2.1/../../../arm-none-eabi/lib/thumb/v6-m/nofp/libc.a(libc_a-reallocr.o) (memmove)
/usr/lib/gcc/arm-none-eabi/13.2.1/../../../arm-none-eabi/lib/thumb/v6-m/nofp/libc.a(libc_a-errno.o)
[...]
Memory Configuration

Name             Origin             Length             Attributes
FLASH            0x10000000         0x00200000         xr
RAM              0x20000000         0x00040000         xrw
SCRATCH_X        0x20040000         0x00001000         xrw
SCRATCH_Y        0x20041000         0x00001000         xrw
*default*        0x00000000         0xffffffff

Linker script and memory map

LOAD /usr/lib/gcc/arm-none-eabi/13.2.1/thumb/v6-m/nofp/crti.o
LOAD /usr/lib/gcc/arm-none-eabi/13.2.1/thumb/v6-m/nofp/crtbegin.o
LOAD /usr/lib/gcc/arm-none-eabi/13.2.1/../../../arm-none-eabi/lib/thumb/v6-m/nofp/crt0.o

.flash_begin    0x10000000        0x0
                0x10000000                        __flash_binary_start = .

.boot2          0x10000000      0x100
                0x10000000                        __boot2_start__ = .
 *(.boot2)
 .boot2         0x10000000      0x100 /tmp/ccIQXZme.o
                0x10000100                        __boot2_end__ = .
                0x00000001                        ASSERT (((__boot2_end__ - __boot2_start__) == 0x100), ERROR: Pico second stage bootloader must be 256 bytes in size)

.text           0x10000100     0x9678
                0x10000100                        __logical_binary_start = .
 *(.vectors)
 .vectors       0x10000100       0xd4 CMakeFiles/Project.dir/home/emil/Documents/schoolfolder/year_2/2dt901/Pico_code/pico-sdk/src/rp2_common/pico_standard_link/crt0.S.obj
                0x10000100                __vectors
                0x10000100                __VECTOR_TABLE
                0x100001c0                isr_invalid
                0x100001c0                __default_isrs_start
                0x100001c2                isr_nmi
                0x100001c4                isr_hardfault
                0x100001c6                isr_svcall
                0x100001c8                isr_pendsv
                0x100001ca                isr_systick
                0x100001cc                isr_irq30
                0x100001cc                __unhandled_user_irq
                0x100001cc                isr_irq13
                0x100001cc                isr_irq27
                0x100001cc                isr_irq31
                0x100001cc                isr_irq5
                0x100001cc                isr_irq11
                0x100001cc                isr_irq23
                0x100001cc                isr_irq18
                0x100001cc                isr_irq28
                0x100001cc                isr_irq19
                0x100001cc                isr_irq0
                0x100001cc                isr_irq6
                0x100001cc                isr_irq22
                0x100001cc                isr_irq17
                0x100001cc                isr_irq14
                0x100001cc                isr_irq2
                0x100001cc                isr_irq10
                0x100001cc                isr_irq8
                0x100001cc                isr_irq24
                0x100001cc                isr_irq1
                0x100001cc                isr_irq7
                0x100001cc                isr_irq21
                0x100001cc                isr_irq20
                0x100001cc                isr_irq15
                0x100001cc                isr_irq25
                0x100001cc                isr_irq4
                0x100001cc                isr_irq16
                0x100001cc                isr_irq29
                0x100001cc                isr_irq26
                0x100001cc                __default_isrs_end
                0x100001cc                isr_irq3
                0x100001cc                isr_irq12
                0x100001cc                isr_irq9
                0x100001d2                unhandled_user_irq_num_in_r0
 *(.binary_info_header)
 .binary_info_header
                0x100001d4       0x14 CMakeFiles/Project.dir/home/emil/Documents/schoolfolder/year_2/2dt901/Pico_code/pico-sdk/src/rp2_common/pico_standard_link/crt0.S.obj
                0x100001e8                        __binary_info_header_end = .
 *(.reset)
 .reset         0x100001e8       0xa0 CMakeFiles/Project.dir/home/emil/Documents/schoolfolder/year_2/2dt901/Pico_code/pico-sdk/src/rp2_common/pico_standard_link/crt0.S.obj
                0x100001e8                _entry_point
 .reset         0x10000288       0x30 CMakeFiles/Project.dir/home/emil/Documents/schoolfolder/year_2/2dt901/Pico_code/pico-sdk/src/rp2_common/pico_standard_link/binary_info.c.obj
 *(.init)
 .init          0x100002b8        0x4 /usr/lib/gcc/arm-none-eabi/13.2.1/thumb/v6-m/nofp/crti.o
                0x100002b8                _init
 *(EXCLUDE_FILE(*libm.a: *libc.a:*lib_a-mem*.o *libgcc.a:) .text*)
 .text          0x100002bc       0x98 /usr/lib/gcc/arm-none-eabi/13.2.1/thumb/v6-m/nofp/crtbegin.o
 .text.temp_task
                0x10000354       0x78 CMakeFiles/Project.dir/Project.c.obj
                0x10000354                temp_task
 .text.buttonTask
                0x100003cc       0x38 CMakeFiles/Project.dir/Project.c.obj
                0x100003cc                buttonTask
 .text.startup.main
                0x10000404       0x7c CMakeFiles/Project.dir/Project.c.obj
                0x10000404                main
 .text.gpio_set_function
                0x10000480       0x30 CMakeFiles/Project.dir/home/emil/Documents/schoolfolder/year_2/2dt901/Pico_code/pico-sdk/src/rp2_common/hardware_gpio/gpio.c.obj
                0x10000480                gpio_set_function
 .text.gpio_set_pulls
                0x100004b0       0x24 CMakeFiles/Project.dir/home/emil/Documents/schoolfolder/year_2/2dt901/Pico_code/pico-sdk/src/rp2_common/hardware_gpio/gpio.c.obj
                0x100004b0                gpio_set_pulls
 .text.gpio_init
                0x100004d4       0x3c CMakeFiles/Project.dir/home/emil/Documents/schoolfolder/year_2/2dt901/Pico_code/pico-sdk/src/rp2_common/hardware_gpio/gpio.c.obj
                0x100004d4                gpio_init
 .text.running_on_fpga
                0x10000510       0x10 CMakeFiles/Project.dir/home/emil/Documents/schoolfolder/year_2/2dt901/Pico_code/pico-sdk/src/rp2_common/pico_platform/platform.c.obj
                0x10000510                running_on_fpga
 .text.hw_claim_lock
                0x10000520       0x18 CMakeFiles/Project.dir/home/emil/Documents/schoolfolder/year_2/2dt901/Pico_code/pico-sdk/src/rp2_common/hardware_claim/claim.c.obj
                0x10000520                hw_claim_lock
 .text.hw_claim_unlock
                0x10000538       0x14 CMakeFiles/Project.dir/home/emil/Documents/schoolfolder/year_2/2dt901/Pico_code/pico-sdk/src/rp2_common/hardware_claim/claim.c.obj
                0x10000538                hw_claim_unlock
 .text.hw_claim_or_assert
                0x1000054c       0x44 CMakeFiles/Project.dir/home/emil/Documents/schoolfolder/year_2/2dt901/Pico_code/pico-sdk/src/rp2_common/hardware_claim/claim.c.obj
                0x1000054c                hw_claim_or_assert
 .text.hw_claim_unused_from_range
                0x10000590       0x9c CMakeFiles/Project.dir/home/emil/Documents/schoolfolder/year_2/2dt901/Pico_code/pico-sdk/src/rp2_common/hardware_claim/claim.c.obj
                0x10000590                hw_claim_unused_from_range
 .text.spin_locks_reset
                0x1000062c       0x1c CMakeFiles/Project.dir/home/emil/Documents/schoolfolder/year_2/2dt901/Pico_code/pico-sdk/src/rp2_common/hardware_sync/sync.c.obj
                0x1000062c                spin_locks_reset
 .text.next_striped_spin_lock_num
                0x10000648       0x18 CMakeFiles/Project.dir/home/emil/Documents/schoolfolder/year_2/2dt901/Pico_code/pico-sdk/src/rp2_common/hardware_sync/sync.c.obj
                0x10000648                next_striped_spin_lock_num
 .text.spin_lock_claim_unused
                0x10000660       0x24 CMakeFiles/Project.dir/home/emil/Documents/schoolfolder/year_2/2dt901/Pico_code/pico-sdk/src/rp2_common/hardware_sync/sync.c.obj
                0x10000660                spin_lock_claim_unused
 .text.irq_set_enabled
                0x10000684       0x24 CMakeFiles/Project.dir/home/emil/Documents/schoolfolder/year_2/2dt901/Pico_code/pico-sdk/src/rp2_common/hardware_irq/irq.c.obj
                0x10000684                irq_set_enabled
 .text.irq_set_pending
                0x100006a8       0x10 CMakeFiles/Project.dir/home/emil/Documents/schoolfolder/year_2/2dt901/Pico_code/pico-sdk/src/rp2_common/hardware_irq/irq.c.obj
                0x100006a8                irq_set_pending
 .text.irq_has_shared_handler
                0x100006b8       0x2c CMakeFiles/Project.dir/home/emil/Documents/schoolfolder/year_2/2dt901/Pico_code/pico-sdk/src/rp2_common/hardware_irq/irq.c.obj
                0x100006b8                irq_has_shared_handler
 .text.irq_get_vtable_handler
                0x100006e4       0x10 CMakeFiles/Project.dir/home/emil/Documents/schoolfolder/year_2/2dt901/Pico_code/pico-sdk/src/rp2_common/hardware_irq/irq.c.obj
                0x100006e4                irq_get_vtable_handler
 .text.irq_set_exclusive_handler
                0x100006f4       0x54 CMakeFiles/Project.dir/home/emil/Documents/schoolfolder/year_2/2dt901/Pico_code/pico-sdk/src/rp2_common/hardware_irq/irq.c.obj
                0x100006f4                irq_set_exclusive_handler
 .text.irq_add_shared_handler
                0x10000748      0x1f4 CMakeFiles/Project.dir/home/emil/Documents/schoolfolder/year_2/2dt901/Pico_code/pico-sdk/src/rp2_common/hardware_irq/irq.c.obj
                0x10000748                irq_add_shared_handler
 .text.irq_remove_handler
                0x1000093c      0x1c4 CMakeFiles/Project.dir/home/emil/Documents/schoolfolder/year_2/2dt901/Pico_code/pico-sdk/src/rp2_common/hardware_irq/irq.c.obj
                0x1000093c                irq_remove_handler
 .text.irq_set_priority
                0x10000b00       0x28 CMakeFiles/Project.dir/home/emil/Documents/schoolfolder/year_2/2dt901/Pico_code/pico-sdk/src/rp2_common/hardware_irq/irq.c.obj
                0x10000b00                irq_set_priority
 .text.irq_add_tail_to_free_list
                0x10000b28       0xb4 CMakeFiles/Project.dir/home/emil/Documents/schoolfolder/year_2/2dt901/Pico_code/pico-sdk/src/rp2_common/hardware_irq/irq.c.obj
                0x10000b28                irq_add_tail_to_free_list
 .text.irq_init_priorities
                0x10000bdc       0x24 CMakeFiles/Project.dir/home/emil/Documents/schoolfolder/year_2/2dt901/Pico_code/pico-sdk/src/rp2_common/hardware_irq/irq.c.obj
                0x10000bdc                irq_init_priorities
 .text.user_irq_claim_unused
                0x10000c00       0x2c CMakeFiles/Project.dir/home/emil/Documents/schoolfolder/year_2/2dt901/Pico_code/pico-sdk/src/rp2_common/hardware_irq/irq.c.obj
                0x10000c00                user_irq_claim_unused
 .text.lock_init
                0x10000c2c       0x10 CMakeFiles/Project.dir/home/emil/Documents/schoolfolder/year_2/2dt901/Pico_code/pico-sdk/src/common/pico_sync/lock_core.c.obj
                0x10000c2c                lock_init
 .text.mutex_init
                0x10000c3c       0x1c CMakeFiles/Project.dir/home/emil/Documents/schoolfolder/year_2/2dt901/Pico_code/pico-sdk/src/common/pico_sync/mutex.c.obj
                0x10000c3c                mutex_init
 .text.recursive_mutex_init
                0x10000c58       0x20 CMakeFiles/Project.dir/home/emil/Documents/schoolfolder/year_2/2dt901/Pico_code/pico-sdk/src/common/pico_sync/mutex.c.obj
                0x10000c58                recursive_mutex_init
 .text.critical_section_init
                0x10000c78       0x1c CMakeFiles/Project.dir/home/emil/Documents/schoolfolder/year_2/2dt901/Pico_code/pico-sdk/src/common/pico_sync/critical_section.c.obj
                0x10000c78                critical_section_init
 .text.critical_section_init_with_lock_num
                0x10000c94       0x14 CMakeFiles/Project.dir/home/emil/Documents/schoolfolder/year_2/2dt901/Pico_code/pico-sdk/src/common/pico_sync/critical_section.c.obj
                0x10000c94                critical_section_init_with_lock_num
 .text.timer_pool_entry_comparator
                0x10000ca8       0x34 CMakeFiles/Project.dir/home/emil/Documents/schoolfolder/year_2/2dt901/Pico_code/pico-sdk/src/common/pico_time/time.c.obj
                0x10000ca8                timer_pool_entry_comparator
 .text.sleep_until_callback
                0x10000cdc       0x24 CMakeFiles/Project.dir/home/emil/Documents/schoolfolder/year_2/2dt901/Pico_code/pico-sdk/src/common/pico_time/time.c.obj
 .text.add_alarm_under_lock.isra.0
                0x10000d00      0x100 CMakeFiles/Project.dir/home/emil/Documents/schoolfolder/year_2/2dt901/Pico_code/pico-sdk/src/common/pico_time/time.c.obj
 .text.alarm_pool_alarm_callback
                0x10000e00      0x1c0 CMakeFiles/Project.dir/home/emil/Documents/schoolfolder/year_2/2dt901/Pico_code/pico-sdk/src/common/pico_time/time.c.obj
 .text.alarm_pool_init_default
                0x10000fc0       0x6c CMakeFiles/Project.dir/home/emil/Documents/schoolfolder/year_2/2dt901/Pico_code/pico-sdk/src/common/pico_time/time.c.obj
                0x10000fc0                alarm_pool_init_default
 .text.alarm_pool_get_default
                0x1000102c        0x8 CMakeFiles/Project.dir/home/emil/Documents/schoolfolder/year_2/2dt901/Pico_code/pico-sdk/src/common/pico_time/time.c.obj
                0x1000102c                alarm_pool_get_default
 .text.alarm_pool_add_alarm_at
                0x10001034      0x17c CMakeFiles/Project.dir/home/emil/Documents/schoolfolder/year_2/2dt901/Pico_code/pico-sdk/src/common/pico_time/time.c.obj
                0x10001034                alarm_pool_add_alarm_at
 .text.alarm_pool_core_num
                0x100011b0        0x4 CMakeFiles/Project.dir/home/emil/Documents/schoolfolder/year_2/2dt901/Pico_code/pico-sdk/src/common/pico_time/time.c.obj
                0x100011b0                alarm_pool_core_num
 .text.best_effort_wfe_or_timeout
                0x100011b4       0xcc CMakeFiles/Project.dir/home/emil/Documents/schoolfolder/year_2/2dt901/Pico_code/pico-sdk/src/common/pico_time/time.c.obj
                0x100011b4                best_effort_wfe_or_timeout
 .text.hardware_alarm_irq_handler
                0x10001280       0xbc CMakeFiles/Project.dir/home/emil/Documents/schoolfolder/year_2/2dt901/Pico_code/pico-sdk/src/rp2_common/hardware_timer/timer.c.obj
 .text.hardware_alarm_claim
                0x1000133c       0x18 CMakeFiles/Project.dir/home/emil/Documents/schoolfolder/year_2/2dt901/Pico_code/pico-sdk/src/rp2_common/hardware_timer/timer.c.obj
                0x1000133c                hardware_alarm_claim
 .text.time_us_64
                0x10001354       0x14 CMakeFiles/Project.dir/home/emil/Documents/schoolfolder/year_2/2dt901/Pico_code/pico-sdk/src/rp2_common/hardware_timer/timer.c.obj
                0x10001354                time_us_64
 .text.busy_wait_us
                0x10001368       0x68 CMakeFiles/Project.dir/home/emil/Documents/schoolfolder/year_2/2dt901/Pico_code/pico-sdk/src/rp2_common/hardware_timer/timer.c.obj
                0x10001368                busy_wait_us
 .text.hardware_alarm_set_callback
                0x100013d0       0x8c CMakeFiles/Project.dir/home/emil/Documents/schoolfolder/year_2/2dt901/Pico_code/pico-sdk/src/rp2_common/hardware_timer/timer.c.obj
                0x100013d0                hardware_alarm_set_callback
 .text.hardware_alarm_set_target
                0x1000145c       0xd0 CMakeFiles/Project.dir/home/emil/Documents/schoolfolder/year_2/2dt901/Pico_code/pico-sdk/src/rp2_common/hardware_timer/timer.c.obj
                0x1000145c                hardware_alarm_set_target
 .text.hardware_alarm_cancel
                0x1000152c       0x3c CMakeFiles/Project.dir/home/emil/Documents/schoolfolder/year_2/2dt901/Pico_code/pico-sdk/src/rp2_common/hardware_timer/timer.c.obj
                0x1000152c                hardware_alarm_cancel
 .text.ph_merge_nodes
                0x10001568       0x58 CMakeFiles/Project.dir/home/emil/Documents/schoolfolder/year_2/2dt901/Pico_code/pico-sdk/src/common/pico_util/pheap.c.obj
 .text.ph_post_alloc_init
                0x100015c0       0x3c CMakeFiles/Project.dir/home/emil/Documents/schoolfolder/year_2/2dt901/Pico_code/pico-sdk/src/common/pico_util/pheap.c.obj
                0x100015c0                ph_post_alloc_init
 .text.ph_merge_two_pass
                0x100015fc       0x8c CMakeFiles/Project.dir/home/emil/Documents/schoolfolder/year_2/2dt901/Pico_code/pico-sdk/src/common/pico_util/pheap.c.obj
                0x100015fc                ph_merge_two_pass
 .text.ph_remove_any_head
                0x10001688      0x100 CMakeFiles/Project.dir/home/emil/Documents/schoolfolder/year_2/2dt901/Pico_code/pico-sdk/src/common/pico_util/pheap.c.obj
 .text.ph_remove_head
                0x10001788      0x104 CMakeFiles/Project.dir/home/emil/Documents/schoolfolder/year_2/2dt901/Pico_code/pico-sdk/src/common/pico_util/pheap.c.obj
                0x10001788                ph_remove_head
 .text.ph_remove_and_free_node
                0x1000188c       0x78 CMakeFiles/Project.dir/home/emil/Documents/schoolfolder/year_2/2dt901/Pico_code/pico-sdk/src/common/pico_util/pheap.c.obj
                0x1000188c                ph_remove_and_free_node
 .text.uart_init
                0x10001904      0x18c CMakeFiles/Project.dir/home/emil/Documents/schoolfolder/year_2/2dt901/Pico_code/pico-sdk/src/rp2_common/hardware_uart/uart.c.obj
                0x10001904                uart_init
 .text.clocks_init
                0x10001a90      0x2c8 CMakeFiles/Project.dir/home/emil/Documents/schoolfolder/year_2/2dt901/Pico_code/pico-sdk/src/rp2_common/hardware_clocks/clocks.c.obj
                0x10001a90                clocks_init
 .text.clock_get_hz
                0x10001d58        0xc CMakeFiles/Project.dir/home/emil/Documents/schoolfolder/year_2/2dt901/Pico_code/pico-sdk/src/rp2_common/hardware_clocks/clocks.c.obj
                0x10001d58                clock_get_hz
 .text.pll_init
                0x10001d64       0xa4 CMakeFiles/Project.dir/home/emil/Documents/schoolfolder/year_2/2dt901/Pico_code/pico-sdk/src/rp2_common/hardware_pll/pll.c.obj
                0x10001d64                pll_init
 .text.watchdog_start_tick
                0x10001e08       0x10 CMakeFiles/Project.dir/home/emil/Documents/schoolfolder/year_2/2dt901/Pico_code/pico-sdk/src/rp2_common/hardware_watchdog/watchdog.c.obj
                0x10001e08                watchdog_start_tick
 .text.watchdog_reboot
                0x10001e18       0x9c CMakeFiles/Project.dir/home/emil/Documents/schoolfolder/year_2/2dt901/Pico_code/pico-sdk/src/rp2_common/hardware_watchdog/watchdog.c.obj
                0x10001e18                watchdog_reboot
 .text.xosc_init
                0x10001eb4       0x28 CMakeFiles/Project.dir/home/emil/Documents/schoolfolder/year_2/2dt901/Pico_code/pico-sdk/src/rp2_common/hardware_xosc/xosc.c.obj
                0x10001eb4                xosc_init
 .text.runtime_init
                0x10001edc       0xf0 CMakeFiles/Project.dir/home/emil/Documents/schoolfolder/year_2/2dt901/Pico_code/pico-sdk/src/rp2_common/pico_runtime/runtime.c.obj
                0x10001edc                runtime_init
 .text._exit    0x10001fcc        0x4 CMakeFiles/Project.dir/home/emil/Documents/schoolfolder/year_2/2dt901/Pico_code/pico-sdk/src/rp2_common/pico_runtime/runtime.c.obj
                0x10001fcc                _exit
 .text.exit     0x10001fd0        0x8 CMakeFiles/Project.dir/home/emil/Documents/schoolfolder/year_2/2dt901/Pico_code/pico-sdk/src/rp2_common/pico_runtime/runtime.c.obj
                0x10001fd0                exit
 .text.panic    0x10001fd8       0x30 CMakeFiles/Project.dir/home/emil/Documents/schoolfolder/year_2/2dt901/Pico_code/pico-sdk/src/rp2_common/pico_runtime/runtime.c.obj
                0x10001fd8                panic
 .text.panic_unsupported
                0x10002008        0xc CMakeFiles/Project.dir/home/emil/Documents/schoolfolder/year_2/2dt901/Pico_code/pico-sdk/src/rp2_common/pico_runtime/runtime.c.obj
                0x10002008                panic_unsupported
 .text.hard_assertion_failure
                0x10002014        0xc CMakeFiles/Project.dir/home/emil/Documents/schoolfolder/year_2/2dt901/Pico_code/pico-sdk/src/rp2_common/pico_runtime/runtime.c.obj
                0x10002014                hard_assertion_failure
 .text._out_null
                0x10002020        0x4 CMakeFiles/Project.dir/home/emil/Documents/schoolfolder/year_2/2dt901/Pico_code/pico-sdk/src/rp2_common/pico_printf/printf.c.obj
 .text._out_rev
                0x10002024       0xac CMakeFiles/Project.dir/home/emil/Documents/schoolfolder/year_2/2dt901/Pico_code/pico-sdk/src/rp2_common/pico_printf/printf.c.obj
 .text._ntoa_format
                0x100020d0      0x250 CMakeFiles/Project.dir/home/emil/Documents/schoolfolder/year_2/2dt901/Pico_code/pico-sdk/src/rp2_common/pico_printf/printf.c.obj
 .text._out_char
                0x10002320       0x10 CMakeFiles/Project.dir/home/emil/Documents/schoolfolder/year_2/2dt901/Pico_code/pico-sdk/src/rp2_common/pico_printf/printf.c.obj
 .text._out_fct
                0x10002330       0x10 CMakeFiles/Project.dir/home/emil/Documents/schoolfolder/year_2/2dt901/Pico_code/pico-sdk/src/rp2_common/pico_printf/printf.c.obj
 .text._etoa    0x10002340      0x464 CMakeFiles/Project.dir/home/emil/Documents/schoolfolder/year_2/2dt901/Pico_code/pico-sdk/src/rp2_common/pico_printf/printf.c.obj
 .text._ftoa    0x100027a4      0x3c0 CMakeFiles/Project.dir/home/emil/Documents/schoolfolder/year_2/2dt901/Pico_code/pico-sdk/src/rp2_common/pico_printf/printf.c.obj
 .text._vsnprintf
                0x10002b64      0xbc8 CMakeFiles/Project.dir/home/emil/Documents/schoolfolder/year_2/2dt901/Pico_code/pico-sdk/src/rp2_common/pico_printf/printf.c.obj
 .text.vfctprintf
                0x1000372c       0x20 CMakeFiles/Project.dir/home/emil/Documents/schoolfolder/year_2/2dt901/Pico_code/pico-sdk/src/rp2_common/pico_printf/printf.c.obj
                0x1000372c                vfctprintf
 .text.weak_raw_vprintf
                0x1000374c       0x30 CMakeFiles/Project.dir/home/emil/Documents/schoolfolder/year_2/2dt901/Pico_code/pico-sdk/src/rp2_common/pico_printf/printf.c.obj
                0x1000374c                weak_raw_vprintf
 .text          0x1000377c       0x10 CMakeFiles/Project.dir/home/emil/Documents/schoolfolder/year_2/2dt901/Pico_code/pico-sdk/src/rp2_common/pico_bit_ops/bit_ops_aeabi.S.obj
 .text.rom_func_lookup
                0x1000378c       0x10 CMakeFiles/Project.dir/home/emil/Documents/schoolfolder/year_2/2dt901/Pico_code/pico-sdk/src/rp2_common/pico_bootrom/bootrom.c.obj
                0x1000378c                rom_func_lookup
 .text.rom_data_lookup
                0x1000379c       0x10 CMakeFiles/Project.dir/home/emil/Documents/schoolfolder/year_2/2dt901/Pico_code/pico-sdk/src/rp2_common/pico_bootrom/bootrom.c.obj
                0x1000379c                rom_data_lookup
 .text.rom_funcs_lookup
                0x100037ac       0x44 CMakeFiles/Project.dir/home/emil/Documents/schoolfolder/year_2/2dt901/Pico_code/pico-sdk/src/rp2_common/pico_bootrom/bootrom.c.obj
                0x100037ac                rom_funcs_lookup
 .text.__wrap___aeabi_idiv
                0x100037f0       0x50 CMakeFiles/Project.dir/home/emil/Documents/schoolfolder/year_2/2dt901/Pico_code/pico-sdk/src/rp2_common/pico_divider/divider.S.obj
                0x100037f0                __wrap___aeabi_idivmod
                0x100037f0                divmod_s32s32
                0x100037f0                div_s32s32
                0x100037f0                __wrap___aeabi_idiv
                0x100037f8                divmod_s32s32_unsafe
                0x10003824                divmod_s32s32_savestate
 .text.__wrap___aeabi_uidiv
                0x10003840       0x4c CMakeFiles/Project.dir/home/emil/Documents/schoolfolder/year_2/2dt901/Pico_code/pico-sdk/src/rp2_common/pico_divider/divider.S.obj
                0x10003840                __wrap___aeabi_uidiv
                0x10003840                __wrap___aeabi_uidivmod
                0x10003840                div_u32u32
                0x10003840                divmod_u32u32
                0x10003848                divmod_u32u32_unsafe
                0x10003870                divmod_u32u32_savestate
 .text.__wrap___aeabi_ldiv
                0x1000388c      0x424 CMakeFiles/Project.dir/home/emil/Documents/schoolfolder/year_2/2dt901/Pico_code/pico-sdk/src/rp2_common/pico_divider/divider.S.obj
                0x1000388c                div_s64s64
                0x1000388c                divmod_s64s64
                0x1000388c                __wrap___aeabi_ldivmod
                0x100038bc                div_u64u64
                0x100038bc                divmod_u64u64
                0x100038bc                __wrap___aeabi_uldivmod
                0x100038cc                divmod_u64u64_savestate
                0x100038ec                divmod_s64s64_unsafe
                0x10003974                divmod_u64u64_unsafe
 .text.__wrap___aeabi_darithmetic
                0x10003cb0       0x80 CMakeFiles/Project.dir/home/emil/Documents/schoolfolder/year_2/2dt901/Pico_code/pico-sdk/src/rp2_common/pico_double/double_aeabi.S.obj
                0x10003cb0                __wrap___aeabi_drsub
                0x10003cb6                __wrap___aeabi_dsub
                0x10003cc8                __wrap___aeabi_dadd
                0x10003cda                __wrap___aeabi_ddiv
                0x10003d16                __wrap___aeabi_dmul
 .text.__wrap___aeabi_cdcmple
                0x10003d30       0x6c CMakeFiles/Project.dir/home/emil/Documents/schoolfolder/year_2/2dt901/Pico_code/pico-sdk/src/rp2_common/pico_double/double_aeabi.S.obj
                0x10003d30                __wrap___aeabi_cdrcmple
                0x10003d40                __wrap___aeabi_cdcmple
                0x10003d40                __wrap___aeabi_cdcmpeq
 .text.__wrap___aeabi_dcmplt
                0x10003d9c        0xc CMakeFiles/Project.dir/home/emil/Documents/schoolfolder/year_2/2dt901/Pico_code/pico-sdk/src/rp2_common/pico_double/double_aeabi.S.obj
                0x10003d9c                __wrap___aeabi_dcmplt
 .text.__wrap___aeabi_dcmpge
                0x10003da8       0x10 CMakeFiles/Project.dir/home/emil/Documents/schoolfolder/year_2/2dt901/Pico_code/pico-sdk/src/rp2_common/pico_double/double_aeabi.S.obj
                0x10003da8                __wrap___aeabi_dcmpge
 .text.__wrap___aeabi_dcmpgt
                0x10003db8        0xa CMakeFiles/Project.dir/home/emil/Documents/schoolfolder/year_2/2dt901/Pico_code/pico-sdk/src/rp2_common/pico_double/double_aeabi.S.obj
                0x10003db8                __wrap___aeabi_dcmpgt
 .text.__wrap___aeabi_dcmpun
                0x10003dc2       0x1c CMakeFiles/Project.dir/home/emil/Documents/schoolfolder/year_2/2dt901/Pico_code/pico-sdk/src/rp2_common/pico_double/double_aeabi.S.obj
                0x10003dc2                __wrap___aeabi_dcmpun
 *fill*         0x10003dde        0x2 
 .text.__wrap___aeabi_i2d
                0x10003de0       0x38 CMakeFiles/Project.dir/home/emil/Documents/schoolfolder/year_2/2dt901/Pico_code/pico-sdk/src/rp2_common/pico_double/double_aeabi.S.obj
                0x10003de0                __wrap___aeabi_ui2d
                0x10003de8                __wrap___aeabi_i2d
 .text.__wrap___aeabi_d2iz
                0x10003e18       0x48 CMakeFiles/Project.dir/home/emil/Documents/schoolfolder/year_2/2dt901/Pico_code/pico-sdk/src/rp2_common/pico_double/double_aeabi.S.obj
                0x10003e18                __wrap___aeabi_d2iz
                0x10003e18                double2int_z
 .text.__wrap___aeabi_d2uiz
                0x10003e60       0x18 CMakeFiles/Project.dir/home/emil/Documents/schoolfolder/year_2/2dt901/Pico_code/pico-sdk/src/rp2_common/pico_double/double_aeabi.S.obj
                0x10003e60                double2uint
                0x10003e60                __wrap___aeabi_d2uiz
 .text.__aeabi_double_init
                0x10003e78       0x98 CMakeFiles/Project.dir/home/emil/Documents/schoolfolder/year_2/2dt901/Pico_code/pico-sdk/src/rp2_common/pico_double/double_init_rom.c.obj
                0x10003e78                __aeabi_double_init
 .text.double_table_shim_on_use_helper
                0x10003f10       0x2c CMakeFiles/Project.dir/home/emil/Documents/schoolfolder/year_2/2dt901/Pico_code/pico-sdk/src/rp2_common/pico_double/double_v1_rom_shim.S.obj
                0x10003f10                double_table_shim_on_use_helper
 .text.__wrap___aeabi_dsub
                0x10003f3c       0x10 CMakeFiles/Project.dir/home/emil/Documents/schoolfolder/year_2/2dt901/Pico_code/pico-sdk/src/rp2_common/pico_double/double_v1_rom_shim.S.obj
                0x10003f3c                drsub_shim
                0x10003f42                dsub_shim
 .text.dadd_shim
                0x10003f4c      0x15c CMakeFiles/Project.dir/home/emil/Documents/schoolfolder/year_2/2dt901/Pico_code/pico-sdk/src/rp2_common/pico_double/double_v1_rom_shim.S.obj
                0x10003f4c                dadd_shim
 .text.dmul_shim
                0x100040a8      0x15c CMakeFiles/Project.dir/home/emil/Documents/schoolfolder/year_2/2dt901/Pico_code/pico-sdk/src/rp2_common/pico_double/double_v1_rom_shim.S.obj
                0x100040a8                dmul_shim
 .text.ddiv_shim
                0x10004204      0x1b0 CMakeFiles/Project.dir/home/emil/Documents/schoolfolder/year_2/2dt901/Pico_code/pico-sdk/src/rp2_common/pico_double/double_v1_rom_shim.S.obj
                0x10004204                ddiv_shim
 .text.double2uint_shim
                0x100043b4        0xe CMakeFiles/Project.dir/home/emil/Documents/schoolfolder/year_2/2dt901/Pico_code/pico-sdk/src/rp2_common/pico_double/double_v1_rom_shim.S.obj
                0x100043b4                double2uint_shim
                0x100043b6                double2ufix_shim
 *fill*         0x100043c2        0x2 
 .text.double2uint64_shim
                0x100043c4       0x70 CMakeFiles/Project.dir/home/emil/Documents/schoolfolder/year_2/2dt901/Pico_code/pico-sdk/src/rp2_common/pico_double/double_v1_rom_shim.S.obj
                0x100043c4                double2uint64_shim
                0x100043c6                double2ufix64_shim
                0x100043e6                d2fix_a
 .text.dunpacks
                0x10004434       0x3c CMakeFiles/Project.dir/home/emil/Documents/schoolfolder/year_2/2dt901/Pico_code/pico-sdk/src/rp2_common/pico_double/double_v1_rom_shim.S.obj
                0x10004434                dunpacks
 .text.__aeabi_lmul
                0x10004470       0x32 CMakeFiles/Project.dir/home/emil/Documents/schoolfolder/year_2/2dt901/Pico_code/pico-sdk/src/rp2_common/pico_int64_ops/pico_int64_ops_aeabi.S.obj
                0x10004470                __wrap___aeabi_lmul
 *fill*         0x100044a2        0x2 
 .text.__wrap___aeabi_farithmetic
                0x100044a4       0x48 CMakeFiles/Project.dir/home/emil/Documents/schoolfolder/year_2/2dt901/Pico_code/pico-sdk/src/rp2_common/pico_float/float_aeabi.S.obj
                0x100044a4                __wrap___aeabi_frsub
                0x100044aa                __wrap___aeabi_fsub
                0x100044b0                __wrap___aeabi_fadd
                0x100044b6                __wrap___aeabi_fdiv
                0x100044de                __wrap___aeabi_fmul
 .text.__wrap___aeabi_ui2f
                0x100044ec        0xa CMakeFiles/Project.dir/home/emil/Documents/schoolfolder/year_2/2dt901/Pico_code/pico-sdk/src/rp2_common/pico_float/float_aeabi.S.obj
                0x100044ec                __wrap___aeabi_ui2f
 *fill*         0x100044f6        0x2 
 .text.__wrap___aeabi_i2f
                0x100044f8       0x44 CMakeFiles/Project.dir/home/emil/Documents/schoolfolder/year_2/2dt901/Pico_code/pico-sdk/src/rp2_common/pico_float/float_aeabi.S.obj
                0x100044f8                __wrap___aeabi_i2f
 .text.__wrap___aeabi_f2uiz
                0x1000453c        0xc CMakeFiles/Project.dir/home/emil/Documents/schoolfolder/year_2/2dt901/Pico_code/pico-sdk/src/rp2_common/pico_float/float_aeabi.S.obj
                0x1000453c                __wrap___aeabi_f2uiz
 .text.__wrap___aeabi_f2d
                0x10004548       0x14 CMakeFiles/Project.dir/home/emil/Documents/schoolfolder/year_2/2dt901/Pico_code/pico-sdk/src/rp2_common/pico_float/float_aeabi.S.obj
                0x10004548                __wrap___aeabi_f2d
 .text.__aeabi_float_init
                0x1000455c       0x64 CMakeFiles/Project.dir/home/emil/Documents/schoolfolder/year_2/2dt901/Pico_code/pico-sdk/src/rp2_common/pico_float/float_init_rom.c.obj
                0x1000455c                __aeabi_float_init
 .text.float_table_shim_on_use_helper
                0x100045c0       0x2c CMakeFiles/Project.dir/home/emil/Documents/schoolfolder/year_2/2dt901/Pico_code/pico-sdk/src/rp2_common/pico_float/float_v1_rom_shim.S.obj
                0x100045c0                float_table_shim_on_use_helper
 .text.float2double_shim
                0x100045ec       0x30 CMakeFiles/Project.dir/home/emil/Documents/schoolfolder/year_2/2dt901/Pico_code/pico-sdk/src/rp2_common/pico_float/float_v1_rom_shim.S.obj
                0x100045ec                float2double_shim
 .text          0x1000461c       0x10 CMakeFiles/Project.dir/home/emil/Documents/schoolfolder/year_2/2dt901/Pico_code/pico-sdk/src/rp2_common/pico_mem_ops/mem_ops_aeabi.S.obj
                0x1000461c                __aeabi_mem_init
 .text.memset   0x1000462c        0xc CMakeFiles/Project.dir/home/emil/Documents/schoolfolder/year_2/2dt901/Pico_code/pico-sdk/src/rp2_common/pico_mem_ops/mem_ops_aeabi.S.obj
                0x1000462c                __wrap_memset
 .text.memcpy   0x10004638        0xc CMakeFiles/Project.dir/home/emil/Documents/schoolfolder/year_2/2dt901/Pico_code/pico-sdk/src/rp2_common/pico_mem_ops/mem_ops_aeabi.S.obj
                0x10004638                __wrap___aeabi_memcpy
                0x10004638                __wrap_memcpy
 .text.stdio_out_chars_crlf
                0x10004644       0x94 CMakeFiles/Project.dir/home/emil/Documents/schoolfolder/year_2/2dt901/Pico_code/pico-sdk/src/rp2_common/pico_stdio/stdio.c.obj
 .text.stdio_buffered_printer
                0x100046d8       0x64 CMakeFiles/Project.dir/home/emil/Documents/schoolfolder/year_2/2dt901/Pico_code/pico-sdk/src/rp2_common/pico_stdio/stdio.c.obj
 .text.__wrap_putchar
                0x1000473c       0x98 CMakeFiles/Project.dir/home/emil/Documents/schoolfolder/year_2/2dt901/Pico_code/pico-sdk/src/rp2_common/pico_stdio/stdio.c.obj
                0x1000473c                __wrap_putchar
 .text.__wrap_puts
                0x100047d4       0xe0 CMakeFiles/Project.dir/home/emil/Documents/schoolfolder/year_2/2dt901/Pico_code/pico-sdk/src/rp2_common/pico_stdio/stdio.c.obj
                0x100047d4                __wrap_puts
 .text.stdio_set_driver_enabled
                0x100048b4       0x30 CMakeFiles/Project.dir/home/emil/Documents/schoolfolder/year_2/2dt901/Pico_code/pico-sdk/src/rp2_common/pico_stdio/stdio.c.obj
                0x100048b4                stdio_set_driver_enabled
 .text.__wrap_vprintf
                0x100048e4       0xd4 CMakeFiles/Project.dir/home/emil/Documents/schoolfolder/year_2/2dt901/Pico_code/pico-sdk/src/rp2_common/pico_stdio/stdio.c.obj
                0x100048e4                __wrap_vprintf
 .text.__wrap_printf
                0x100049b8       0x18 CMakeFiles/Project.dir/home/emil/Documents/schoolfolder/year_2/2dt901/Pico_code/pico-sdk/src/rp2_common/pico_stdio/stdio.c.obj
                0x100049b8                __wrap_printf
 .text.stdio_init_all
                0x100049d0       0x10 CMakeFiles/Project.dir/home/emil/Documents/schoolfolder/year_2/2dt901/Pico_code/pico-sdk/src/rp2_common/pico_stdio/stdio.c.obj
                0x100049d0                stdio_init_all
 .text.stdio_uart_out_chars
                0x100049e0       0x4c CMakeFiles/Project.dir/home/emil/Documents/schoolfolder/year_2/2dt901/Pico_code/pico-sdk/src/rp2_common/pico_stdio_uart/stdio_uart.c.obj
 .text.stdio_uart_in_chars
                0x10004a2c       0x90 CMakeFiles/Project.dir/home/emil/Documents/schoolfolder/year_2/2dt901/Pico_code/pico-sdk/src/rp2_common/pico_stdio_uart/stdio_uart.c.obj
                0x10004a2c                stdio_uart_in_chars
 .text.on_uart_rx
                0x10004abc       0x28 CMakeFiles/Project.dir/home/emil/Documents/schoolfolder/year_2/2dt901/Pico_code/pico-sdk/src/rp2_common/pico_stdio_uart/stdio_uart.c.obj
 .text.stdio_uart_set_chars_available_callback
                0x10004ae4       0x8c CMakeFiles/Project.dir/home/emil/Documents/schoolfolder/year_2/2dt901/Pico_code/pico-sdk/src/rp2_common/pico_stdio_uart/stdio_uart.c.obj
 .text.stdio_uart_init
                0x10004b70       0x48 CMakeFiles/Project.dir/home/emil/Documents/schoolfolder/year_2/2dt901/Pico_code/pico-sdk/src/rp2_common/pico_stdio_uart/stdio_uart.c.obj
                0x10004b70                stdio_uart_init
 .text.resetd_init
                0x10004bb8        0x4 CMakeFiles/Project.dir/home/emil/Documents/schoolfolder/year_2/2dt901/Pico_code/pico-sdk/src/rp2_common/pico_stdio_usb/reset_interface.c.obj
 .text.resetd_reset
                0x10004bbc        0xc CMakeFiles/Project.dir/home/emil/Documents/schoolfolder/year_2/2dt901/Pico_code/pico-sdk/src/rp2_common/pico_stdio_usb/reset_interface.c.obj
 .text.resetd_open
                0x10004bc8       0x28 CMakeFiles/Project.dir/home/emil/Documents/schoolfolder/year_2/2dt901/Pico_code/pico-sdk/src/rp2_common/pico_stdio_usb/reset_interface.c.obj
 .text.resetd_xfer_cb
                0x10004bf0        0x4 CMakeFiles/Project.dir/home/emil/Documents/schoolfolder/year_2/2dt901/Pico_code/pico-sdk/src/rp2_common/pico_stdio_usb/reset_interface.c.obj
 .text.resetd_control_xfer_cb
                0x10004bf4       0x60 CMakeFiles/Project.dir/home/emil/Documents/schoolfolder/year_2/2dt901/Pico_code/pico-sdk/src/rp2_common/pico_stdio_usb/reset_interface.c.obj
 .text.usbd_app_driver_get_cb
                0x10004c54        0xc CMakeFiles/Project.dir/home/emil/Documents/schoolfolder/year_2/2dt901/Pico_code/pico-sdk/src/rp2_common/pico_stdio_usb/reset_interface.c.obj
                0x10004c54                usbd_app_driver_get_cb
 .text.tud_cdc_line_coding_cb
                0x10004c60       0x34 CMakeFiles/Project.dir/home/emil/Documents/schoolfolder/year_2/2dt901/Pico_code/pico-sdk/src/rp2_common/pico_stdio_usb/reset_interface.c.obj
                0x10004c60                tud_cdc_line_coding_cb
 .text.stdio_usb_set_chars_available_callback
                0x10004c94       0x14 CMakeFiles/Project.dir/home/emil/Documents/schoolfolder/year_2/2dt901/Pico_code/pico-sdk/src/rp2_common/pico_stdio_usb/stdio_usb.c.obj
                0x10004c94                stdio_usb_set_chars_available_callback
 .text.usb_irq  0x10004ca8       0x10 CMakeFiles/Project.dir/home/emil/Documents/schoolfolder/year_2/2dt901/Pico_code/pico-sdk/src/rp2_common/pico_stdio_usb/stdio_usb.c.obj
 .text.timer_task
                0x10004cb8       0x54 CMakeFiles/Project.dir/home/emil/Documents/schoolfolder/year_2/2dt901/Pico_code/pico-sdk/src/rp2_common/pico_stdio_usb/stdio_usb.c.obj
 .text.stdio_usb_in_chars
                0x10004d0c       0x90 CMakeFiles/Project.dir/home/emil/Documents/schoolfolder/year_2/2dt901/Pico_code/pico-sdk/src/rp2_common/pico_stdio_usb/stdio_usb.c.obj
                0x10004d0c                stdio_usb_in_chars
 .text.stdio_usb_out_chars
                0x10004d9c      0x104 CMakeFiles/Project.dir/home/emil/Documents/schoolfolder/year_2/2dt901/Pico_code/pico-sdk/src/rp2_common/pico_stdio_usb/stdio_usb.c.obj
 .text.low_priority_worker_irq
                0x10004ea0       0xa8 CMakeFiles/Project.dir/home/emil/Documents/schoolfolder/year_2/2dt901/Pico_code/pico-sdk/src/rp2_common/pico_stdio_usb/stdio_usb.c.obj
 .text.tud_cdc_rx_cb
                0x10004f48       0x20 CMakeFiles/Project.dir/home/emil/Documents/schoolfolder/year_2/2dt901/Pico_code/pico-sdk/src/rp2_common/pico_stdio_usb/stdio_usb.c.obj
                0x10004f48                tud_cdc_rx_cb
 .text.stdio_usb_init
                0x10004f68       0xe0 CMakeFiles/Project.dir/home/emil/Documents/schoolfolder/year_2/2dt901/Pico_code/pico-sdk/src/rp2_common/pico_stdio_usb/stdio_usb.c.obj
                0x10004f68                stdio_usb_init
 .text.tud_descriptor_device_cb
                0x10005048        0x8 CMakeFiles/Project.dir/home/emil/Documents/schoolfolder/year_2/2dt901/Pico_code/pico-sdk/src/rp2_common/pico_stdio_usb/stdio_usb_descriptors.c.obj
                0x10005048                tud_descriptor_device_cb
 .text.tud_descriptor_configuration_cb
                0x10005050        0x8 CMakeFiles/Project.dir/home/emil/Documents/schoolfolder/year_2/2dt901/Pico_code/pico-sdk/src/rp2_common/pico_stdio_usb/stdio_usb_descriptors.c.obj
                0x10005050                tud_descriptor_configuration_cb
 .text.tud_descriptor_string_cb
                0x10005058       0x78 CMakeFiles/Project.dir/home/emil/Documents/schoolfolder/year_2/2dt901/Pico_code/pico-sdk/src/rp2_common/pico_stdio_usb/stdio_usb_descriptors.c.obj
                0x10005058                tud_descriptor_string_cb
 .text.startup._retrieve_unique_id_on_boot
                0x100050d0       0x10 CMakeFiles/Project.dir/home/emil/Documents/schoolfolder/year_2/2dt901/Pico_code/pico-sdk/src/rp2_common/pico_unique_id/unique_id.c.obj
 .text.pico_get_unique_board_id_string
                0x100050e0      0x1a8 CMakeFiles/Project.dir/home/emil/Documents/schoolfolder/year_2/2dt901/Pico_code/pico-sdk/src/rp2_common/pico_unique_id/unique_id.c.obj
                0x100050e0                pico_get_unique_board_id_string
 .text.flash_get_unique_id
                0x10005288       0x3c CMakeFiles/Project.dir/home/emil/Documents/schoolfolder/year_2/2dt901/Pico_code/pico-sdk/src/rp2_common/hardware_flash/flash.c.obj
                0x10005288                flash_get_unique_id
 .text.dcd_int_enable
                0x100052c4        0xc CMakeFiles/Project.dir/home/emil/Documents/schoolfolder/year_2/2dt901/Pico_code/pico-sdk/lib/tinyusb/src/portable/raspberrypi/rp2040/dcd_rp2040.c.obj
                0x100052c4                dcd_int_enable
 .text.dcd_set_address
                0x100052d0       0x14 CMakeFiles/Project.dir/home/emil/Documents/schoolfolder/year_2/2dt901/Pico_code/pico-sdk/lib/tinyusb/src/portable/raspberrypi/rp2040/dcd_rp2040.c.obj
                0x100052d0                dcd_set_address
 .text.dcd_connect
                0x100052e4       0x10 CMakeFiles/Project.dir/home/emil/Documents/schoolfolder/year_2/2dt901/Pico_code/pico-sdk/lib/tinyusb/src/portable/raspberrypi/rp2040/dcd_rp2040.c.obj
                0x100052e4                dcd_connect
 .text.dcd_init
                0x100052f4       0x98 CMakeFiles/Project.dir/home/emil/Documents/schoolfolder/year_2/2dt901/Pico_code/pico-sdk/lib/tinyusb/src/portable/raspberrypi/rp2040/dcd_rp2040.c.obj
                0x100052f4                dcd_init
 .text.dcd_edpt0_status_complete
                0x1000538c       0x1c CMakeFiles/Project.dir/home/emil/Documents/schoolfolder/year_2/2dt901/Pico_code/pico-sdk/lib/tinyusb/src/portable/raspberrypi/rp2040/dcd_rp2040.c.obj
                0x1000538c                dcd_edpt0_status_complete
 .text.dcd_edpt_open
                0x100053a8      0x108 CMakeFiles/Project.dir/home/emil/Documents/schoolfolder/year_2/2dt901/Pico_code/pico-sdk/lib/tinyusb/src/portable/raspberrypi/rp2040/dcd_rp2040.c.obj
                0x100053a8                dcd_edpt_open
 .text.dcd_edpt_close_all
                0x100054b0        0x8 CMakeFiles/Project.dir/home/emil/Documents/schoolfolder/year_2/2dt901/Pico_code/pico-sdk/lib/tinyusb/src/portable/raspberrypi/rp2040/dcd_rp2040.c.obj
                0x100054b0                dcd_edpt_close_all
 .text.dcd_edpt_xfer
                0x100054b8       0x24 CMakeFiles/Project.dir/home/emil/Documents/schoolfolder/year_2/2dt901/Pico_code/pico-sdk/lib/tinyusb/src/portable/raspberrypi/rp2040/dcd_rp2040.c.obj
                0x100054b8                dcd_edpt_xfer
 .text.dcd_edpt_stall
                0x100054dc       0x34 CMakeFiles/Project.dir/home/emil/Documents/schoolfolder/year_2/2dt901/Pico_code/pico-sdk/lib/tinyusb/src/portable/raspberrypi/rp2040/dcd_rp2040.c.obj
                0x100054dc                dcd_edpt_stall
 .text.dcd_edpt_clear_stall
                0x10005510       0x30 CMakeFiles/Project.dir/home/emil/Documents/schoolfolder/year_2/2dt901/Pico_code/pico-sdk/lib/tinyusb/src/portable/raspberrypi/rp2040/dcd_rp2040.c.obj
                0x10005510                dcd_edpt_clear_stall
 .text.rp2040_usb_init
                0x10005540       0x4c CMakeFiles/Project.dir/home/emil/Documents/schoolfolder/year_2/2dt901/Pico_code/pico-sdk/lib/tinyusb/src/portable/raspberrypi/rp2040/rp2040_usb.c.obj
                0x10005540                rp2040_usb_init
 .text.hw_endpoint_xfer_start
                0x1000558c       0x40 CMakeFiles/Project.dir/home/emil/Documents/schoolfolder/year_2/2dt901/Pico_code/pico-sdk/lib/tinyusb/src/portable/raspberrypi/rp2040/rp2040_usb.c.obj
                0x1000558c                hw_endpoint_xfer_start
 .text.tud_mounted
                0x100055cc       0x10 CMakeFiles/Project.dir/home/emil/Documents/schoolfolder/year_2/2dt901/Pico_code/pico-sdk/lib/tinyusb/src/device/usbd.c.obj
                0x100055cc                tud_mounted
 .text.tud_suspended
                0x100055dc       0x10 CMakeFiles/Project.dir/home/emil/Documents/schoolfolder/year_2/2dt901/Pico_code/pico-sdk/lib/tinyusb/src/device/usbd.c.obj
                0x100055dc                tud_suspended
 .text.tud_inited
                0x100055ec       0x14 CMakeFiles/Project.dir/home/emil/Documents/schoolfolder/year_2/2dt901/Pico_code/pico-sdk/lib/tinyusb/src/device/usbd.c.obj
                0x100055ec                tud_inited
 .text.tud_init
                0x10005600       0xdc CMakeFiles/Project.dir/home/emil/Documents/schoolfolder/year_2/2dt901/Pico_code/pico-sdk/lib/tinyusb/src/device/usbd.c.obj
                0x10005600                tud_init
 .text.tud_task_ext
                0x100056dc      0x850 CMakeFiles/Project.dir/home/emil/Documents/schoolfolder/year_2/2dt901/Pico_code/pico-sdk/lib/tinyusb/src/device/usbd.c.obj
                0x100056dc                tud_task_ext
 .text.usbd_open_edpt_pair
                0x10005f2c       0x9c CMakeFiles/Project.dir/home/emil/Documents/schoolfolder/year_2/2dt901/Pico_code/pico-sdk/lib/tinyusb/src/device/usbd.c.obj
                0x10005f2c                usbd_open_edpt_pair
 .text.usbd_defer_func
                0x10005fc8       0x48 CMakeFiles/Project.dir/home/emil/Documents/schoolfolder/year_2/2dt901/Pico_code/pico-sdk/lib/tinyusb/src/device/usbd.c.obj
                0x10005fc8                usbd_defer_func
 .text.usbd_edpt_open
                0x10006010       0x34 CMakeFiles/Project.dir/home/emil/Documents/schoolfolder/year_2/2dt901/Pico_code/pico-sdk/lib/tinyusb/src/device/usbd.c.obj
                0x10006010                usbd_edpt_open
 .text.usbd_edpt_claim
                0x10006044       0x28 CMakeFiles/Project.dir/home/emil/Documents/schoolfolder/year_2/2dt901/Pico_code/pico-sdk/lib/tinyusb/src/device/usbd.c.obj
                0x10006044                usbd_edpt_claim
 .text.usbd_edpt_release
                0x1000606c       0x28 CMakeFiles/Project.dir/home/emil/Documents/schoolfolder/year_2/2dt901/Pico_code/pico-sdk/lib/tinyusb/src/device/usbd.c.obj
                0x1000606c                usbd_edpt_release
 .text.usbd_edpt_xfer
                0x10006094       0x4c CMakeFiles/Project.dir/home/emil/Documents/schoolfolder/year_2/2dt901/Pico_code/pico-sdk/lib/tinyusb/src/device/usbd.c.obj
                0x10006094                usbd_edpt_xfer
 .text.tud_control_status
                0x100060e0       0x2c CMakeFiles/Project.dir/home/emil/Documents/schoolfolder/year_2/2dt901/Pico_code/pico-sdk/lib/tinyusb/src/device/usbd_control.c.obj
                0x100060e0                tud_control_status
 .text.tud_control_xfer
                0x1000610c       0xac CMakeFiles/Project.dir/home/emil/Documents/schoolfolder/year_2/2dt901/Pico_code/pico-sdk/lib/tinyusb/src/device/usbd_control.c.obj
                0x1000610c                tud_control_xfer
 .text.usbd_control_reset
                0x100061b8       0x14 CMakeFiles/Project.dir/home/emil/Documents/schoolfolder/year_2/2dt901/Pico_code/pico-sdk/lib/tinyusb/src/device/usbd_control.c.obj
                0x100061b8                usbd_control_reset
 .text.usbd_control_set_complete_callback
                0x100061cc        0xc CMakeFiles/Project.dir/home/emil/Documents/schoolfolder/year_2/2dt901/Pico_code/pico-sdk/lib/tinyusb/src/device/usbd_control.c.obj
                0x100061cc                usbd_control_set_complete_callback
 .text.usbd_control_set_request
                0x100061d8       0x1c CMakeFiles/Project.dir/home/emil/Documents/schoolfolder/year_2/2dt901/Pico_code/pico-sdk/lib/tinyusb/src/device/usbd_control.c.obj
                0x100061d8                usbd_control_set_request
 .text.usbd_control_xfer_cb
                0x100061f4       0xf4 CMakeFiles/Project.dir/home/emil/Documents/schoolfolder/year_2/2dt901/Pico_code/pico-sdk/lib/tinyusb/src/device/usbd_control.c.obj
                0x100061f4                usbd_control_xfer_cb
 .text.tud_cdc_n_connected
                0x100062e8       0x30 CMakeFiles/Project.dir/home/emil/Documents/schoolfolder/year_2/2dt901/Pico_code/pico-sdk/lib/tinyusb/src/class/cdc/cdc_device.c.obj
                0x100062e8                tud_cdc_n_connected
 .text.tud_cdc_n_available
                0x10006318       0x18 CMakeFiles/Project.dir/home/emil/Documents/schoolfolder/year_2/2dt901/Pico_code/pico-sdk/lib/tinyusb/src/class/cdc/cdc_device.c.obj
                0x10006318                tud_cdc_n_available
 .text.tud_cdc_n_read
                0x10006330       0x70 CMakeFiles/Project.dir/home/emil/Documents/schoolfolder/year_2/2dt901/Pico_code/pico-sdk/lib/tinyusb/src/class/cdc/cdc_device.c.obj
                0x10006330                tud_cdc_n_read
 .text.tud_cdc_n_write_flush
                0x100063a0       0x78 CMakeFiles/Project.dir/home/emil/Documents/schoolfolder/year_2/2dt901/Pico_code/pico-sdk/lib/tinyusb/src/class/cdc/cdc_device.c.obj
                0x100063a0                tud_cdc_n_write_flush
 .text.tud_cdc_n_write
                0x10006418       0x34 CMakeFiles/Project.dir/home/emil/Documents/schoolfolder/year_2/2dt901/Pico_code/pico-sdk/lib/tinyusb/src/class/cdc/cdc_device.c.obj
                0x10006418                tud_cdc_n_write
 .text.tud_cdc_n_write_available
                0x1000644c       0x18 CMakeFiles/Project.dir/home/emil/Documents/schoolfolder/year_2/2dt901/Pico_code/pico-sdk/lib/tinyusb/src/class/cdc/cdc_device.c.obj
                0x1000644c                tud_cdc_n_write_available
 .text.cdcd_init
                0x10006464       0x7c CMakeFiles/Project.dir/home/emil/Documents/schoolfolder/year_2/2dt901/Pico_code/pico-sdk/lib/tinyusb/src/class/cdc/cdc_device.c.obj
                0x10006464                cdcd_init
 .text.cdcd_reset
                0x100064e0       0x2c CMakeFiles/Project.dir/home/emil/Documents/schoolfolder/year_2/2dt901/Pico_code/pico-sdk/lib/tinyusb/src/class/cdc/cdc_device.c.obj
                0x100064e0                cdcd_reset
 .text.cdcd_open
                0x1000650c       0xe4 CMakeFiles/Project.dir/home/emil/Documents/schoolfolder/year_2/2dt901/Pico_code/pico-sdk/lib/tinyusb/src/class/cdc/cdc_device.c.obj
                0x1000650c                cdcd_open
 .text.cdcd_control_xfer_cb
                0x100065f0       0xe4 CMakeFiles/Project.dir/home/emil/Documents/schoolfolder/year_2/2dt901/Pico_code/pico-sdk/lib/tinyusb/src/class/cdc/cdc_device.c.obj
                0x100065f0                cdcd_control_xfer_cb
 .text.cdcd_xfer_cb
                0x100066d4      0x13c CMakeFiles/Project.dir/home/emil/Documents/schoolfolder/year_2/2dt901/Pico_code/pico-sdk/lib/tinyusb/src/class/cdc/cdc_device.c.obj
                0x100066d4                cdcd_xfer_cb
 .text.tusb_init
                0x10006810        0xc CMakeFiles/Project.dir/home/emil/Documents/schoolfolder/year_2/2dt901/Pico_code/pico-sdk/lib/tinyusb/src/tusb.c.obj
                0x10006810                tusb_init
 .text.tusb_inited
                0x1000681c        0x8 CMakeFiles/Project.dir/home/emil/Documents/schoolfolder/year_2/2dt901/Pico_code/pico-sdk/lib/tinyusb/src/tusb.c.obj
                0x1000681c                tusb_inited
 .text.tu_edpt_claim
                0x10006824       0x50 CMakeFiles/Project.dir/home/emil/Documents/schoolfolder/year_2/2dt901/Pico_code/pico-sdk/lib/tinyusb/src/tusb.c.obj
                0x10006824                tu_edpt_claim
 .text.tu_edpt_release
                0x10006874       0x38 CMakeFiles/Project.dir/home/emil/Documents/schoolfolder/year_2/2dt901/Pico_code/pico-sdk/lib/tinyusb/src/tusb.c.obj
                0x10006874                tu_edpt_release
 .text.tu_edpt_validate
                0x100068ac       0x7c CMakeFiles/Project.dir/home/emil/Documents/schoolfolder/year_2/2dt901/Pico_code/pico-sdk/lib/tinyusb/src/tusb.c.obj
                0x100068ac                tu_edpt_validate
 .text.tu_edpt_bind_driver
                0x10006928       0x34 CMakeFiles/Project.dir/home/emil/Documents/schoolfolder/year_2/2dt901/Pico_code/pico-sdk/lib/tinyusb/src/tusb.c.obj
                0x10006928                tu_edpt_bind_driver
 .text.tu_fifo_config
                0x1000695c       0x6c CMakeFiles/Project.dir/home/emil/Documents/schoolfolder/year_2/2dt901/Pico_code/pico-sdk/lib/tinyusb/src/common/tusb_fifo.c.obj
                0x1000695c                tu_fifo_config
 .text.tu_fifo_count
                0x100069c8       0x2c CMakeFiles/Project.dir/home/emil/Documents/schoolfolder/year_2/2dt901/Pico_code/pico-sdk/lib/tinyusb/src/common/tusb_fifo.c.obj
                0x100069c8                tu_fifo_count
 .text.tu_fifo_empty
                0x100069f4       0x10 CMakeFiles/Project.dir/home/emil/Documents/schoolfolder/year_2/2dt901/Pico_code/pico-sdk/lib/tinyusb/src/common/tusb_fifo.c.obj
                0x100069f4                tu_fifo_empty
 .text.tu_fifo_remaining
                0x10006a04       0x2c CMakeFiles/Project.dir/home/emil/Documents/schoolfolder/year_2/2dt901/Pico_code/pico-sdk/lib/tinyusb/src/common/tusb_fifo.c.obj
                0x10006a04                tu_fifo_remaining
 .text.tu_fifo_read
                0x10006a30       0x9c CMakeFiles/Project.dir/home/emil/Documents/schoolfolder/year_2/2dt901/Pico_code/pico-sdk/lib/tinyusb/src/common/tusb_fifo.c.obj
                0x10006a30                tu_fifo_read
 .text.tu_fifo_read_n
                0x10006acc       0xe8 CMakeFiles/Project.dir/home/emil/Documents/schoolfolder/year_2/2dt901/Pico_code/pico-sdk/lib/tinyusb/src/common/tusb_fifo.c.obj
                0x10006acc                tu_fifo_read_n
 .text.tu_fifo_write
                0x10006bb4       0xa8 CMakeFiles/Project.dir/home/emil/Documents/schoolfolder/year_2/2dt901/Pico_code/pico-sdk/lib/tinyusb/src/common/tusb_fifo.c.obj
                0x10006bb4                tu_fifo_write
 .text.tu_fifo_write_n
                0x10006c5c      0x178 CMakeFiles/Project.dir/home/emil/Documents/schoolfolder/year_2/2dt901/Pico_code/pico-sdk/lib/tinyusb/src/common/tusb_fifo.c.obj
                0x10006c5c                tu_fifo_write_n
 .text.tu_fifo_clear
                0x10006dd4       0x40 CMakeFiles/Project.dir/home/emil/Documents/schoolfolder/year_2/2dt901/Pico_code/pico-sdk/lib/tinyusb/src/common/tusb_fifo.c.obj
                0x10006dd4                tu_fifo_clear
 .text.tu_fifo_set_overwritable
                0x10006e14       0x48 CMakeFiles/Project.dir/home/emil/Documents/schoolfolder/year_2/2dt901/Pico_code/pico-sdk/lib/tinyusb/src/common/tusb_fifo.c.obj
                0x10006e14                tu_fifo_set_overwritable
 .text.vPortSVCHandler
                0x10006e5c        0x4 CMakeFiles/Project.dir/lib/FreeRTOS-Kernel/portable/ThirdParty/GCC/RP2040/port.c.obj
                0x10006e5c                vPortSVCHandler
 .text.vPortStartFirstTask
                0x10006e60       0x34 CMakeFiles/Project.dir/lib/FreeRTOS-Kernel/portable/ThirdParty/GCC/RP2040/port.c.obj
 *fill*         0x10006e94        0xc 
 .text.xPortPendSVHandler
                0x10006ea0       0x64 CMakeFiles/Project.dir/lib/FreeRTOS-Kernel/portable/ThirdParty/GCC/RP2040/port.c.obj
                0x10006ea0                xPortPendSVHandler
 .text.prvFIFOInterruptHandler
                0x10006f04       0x78 CMakeFiles/Project.dir/lib/FreeRTOS-Kernel/portable/ThirdParty/GCC/RP2040/port.c.obj
 .text.prvTaskExitError
                0x10006f7c        0x8 CMakeFiles/Project.dir/lib/FreeRTOS-Kernel/portable/ThirdParty/GCC/RP2040/port.c.obj
 .text.pxPortInitialiseStack
                0x10006f84       0x20 CMakeFiles/Project.dir/lib/FreeRTOS-Kernel/portable/ThirdParty/GCC/RP2040/port.c.obj
                0x10006f84                pxPortInitialiseStack
 .text.vPortYield
                0x10006fa4       0x18 CMakeFiles/Project.dir/lib/FreeRTOS-Kernel/portable/ThirdParty/GCC/RP2040/port.c.obj
                0x10006fa4                vPortYield
 .text.vPortEnterCritical
                0x10006fbc       0x18 CMakeFiles/Project.dir/lib/FreeRTOS-Kernel/portable/ThirdParty/GCC/RP2040/port.c.obj
                0x10006fbc                vPortEnterCritical
 .text.vPortExitCritical
                0x10006fd4       0x34 CMakeFiles/Project.dir/lib/FreeRTOS-Kernel/portable/ThirdParty/GCC/RP2040/port.c.obj
                0x10006fd4                vPortExitCritical
 .text.ulSetInterruptMaskFromISR
                0x10007008        0x8 CMakeFiles/Project.dir/lib/FreeRTOS-Kernel/portable/ThirdParty/GCC/RP2040/port.c.obj
                0x10007008                ulSetInterruptMaskFromISR
 .text.vClearInterruptMaskFromISR
                0x10007010        0x8 CMakeFiles/Project.dir/lib/FreeRTOS-Kernel/portable/ThirdParty/GCC/RP2040/port.c.obj
                0x10007010                vClearInterruptMaskFromISR
 .text.xPortSysTickHandler
                0x10007018       0x24 CMakeFiles/Project.dir/lib/FreeRTOS-Kernel/portable/ThirdParty/GCC/RP2040/port.c.obj
                0x10007018                xPortSysTickHandler
 .text.vPortSetupTimerInterrupt
                0x1000703c       0x34 CMakeFiles/Project.dir/lib/FreeRTOS-Kernel/portable/ThirdParty/GCC/RP2040/port.c.obj
                0x1000703c                vPortSetupTimerInterrupt
 .text.xPortStartScheduler
                0x10007070       0xa0 CMakeFiles/Project.dir/lib/FreeRTOS-Kernel/portable/ThirdParty/GCC/RP2040/port.c.obj
                0x10007070                xPortStartScheduler
 .text.ulPortLockGetCurrentOwnerId
                0x10007110       0x2c CMakeFiles/Project.dir/lib/FreeRTOS-Kernel/portable/ThirdParty/GCC/RP2040/port.c.obj
                0x10007110                ulPortLockGetCurrentOwnerId
 .text.vPortLockInternalSpinUnlockWithNotify
                0x1000713c       0xc8 CMakeFiles/Project.dir/lib/FreeRTOS-Kernel/portable/ThirdParty/GCC/RP2040/port.c.obj
                0x1000713c                vPortLockInternalSpinUnlockWithNotify
 .text.xPortLockInternalSpinUnlockWithBestEffortWaitOrTimeout
                0x10007204       0xfc CMakeFiles/Project.dir/lib/FreeRTOS-Kernel/portable/ThirdParty/GCC/RP2040/port.c.obj
                0x10007204                xPortLockInternalSpinUnlockWithBestEffortWaitOrTimeout
 .text.startup.prvRuntimeInitializer
                0x10007300       0x28 CMakeFiles/Project.dir/lib/FreeRTOS-Kernel/portable/ThirdParty/GCC/RP2040/port.c.obj
 .text.vEventGroupSetBitsCallback
                0x10007328       0x90 CMakeFiles/Project.dir/lib/FreeRTOS-Kernel/event_groups.c.obj
                0x10007328                vEventGroupSetBitsCallback
 .text.xEventGroupCreate
                0x100073b8       0x18 CMakeFiles/Project.dir/lib/FreeRTOS-Kernel/event_groups.c.obj
                0x100073b8                xEventGroupCreate
 .text.xEventGroupWaitBits
                0x100073d0       0xb8 CMakeFiles/Project.dir/lib/FreeRTOS-Kernel/event_groups.c.obj
                0x100073d0                xEventGroupWaitBits
 .text.xEventGroupSetBits
                0x10007488       0x94 CMakeFiles/Project.dir/lib/FreeRTOS-Kernel/event_groups.c.obj
                0x10007488                xEventGroupSetBits
 .text.xEventGroupSetBitsFromISR
                0x1000751c       0x18 CMakeFiles/Project.dir/lib/FreeRTOS-Kernel/event_groups.c.obj
                0x1000751c                xEventGroupSetBitsFromISR
 .text.vListInitialise
                0x10007534       0x18 CMakeFiles/Project.dir/lib/FreeRTOS-Kernel/list.c.obj
                0x10007534                vListInitialise
 .text.vListInitialiseItem
                0x1000754c        0x8 CMakeFiles/Project.dir/lib/FreeRTOS-Kernel/list.c.obj
                0x1000754c                vListInitialiseItem
 .text.vListInsert
                0x10007554       0x30 CMakeFiles/Project.dir/lib/FreeRTOS-Kernel/list.c.obj
                0x10007554                vListInsert
 .text.uxListRemove
                0x10007584       0x24 CMakeFiles/Project.dir/lib/FreeRTOS-Kernel/list.c.obj
                0x10007584                uxListRemove
 .text.prvUnlockQueue
                0x100075a8      0x180 CMakeFiles/Project.dir/lib/FreeRTOS-Kernel/queue.c.obj
 .text.prvNotifyQueueSetContainer
                0x10007728       0x90 CMakeFiles/Project.dir/lib/FreeRTOS-Kernel/queue.c.obj
 .text.xQueueGenericCreate
                0x100077b8       0xa4 CMakeFiles/Project.dir/lib/FreeRTOS-Kernel/queue.c.obj
                0x100077b8                xQueueGenericCreate
 .text.xQueueGenericSendFromISR
                0x1000785c      0x134 CMakeFiles/Project.dir/lib/FreeRTOS-Kernel/queue.c.obj
                0x1000785c                xQueueGenericSendFromISR
 .text.xQueueReceive
                0x10007990      0x11c CMakeFiles/Project.dir/lib/FreeRTOS-Kernel/queue.c.obj
                0x10007990                xQueueReceive
 .text.vQueueAddToRegistry
                0x10007aac      0x118 CMakeFiles/Project.dir/lib/FreeRTOS-Kernel/queue.c.obj
                0x10007aac                vQueueAddToRegistry
 .text.vQueueWaitForMessageRestricted
                0x10007bc4       0x48 CMakeFiles/Project.dir/lib/FreeRTOS-Kernel/queue.c.obj
                0x10007bc4                vQueueWaitForMessageRestricted
 .text.prvIdleTask
                0x10007c0c       0x60 CMakeFiles/Project.dir/lib/FreeRTOS-Kernel/tasks.c.obj
 .text.xTaskIncrementTick.part.0
                0x10007c6c      0x190 CMakeFiles/Project.dir/lib/FreeRTOS-Kernel/tasks.c.obj
 .text.xTaskCreate
                0x10007dfc      0x244 CMakeFiles/Project.dir/lib/FreeRTOS-Kernel/tasks.c.obj
                0x10007dfc                xTaskCreate
 .text.vTaskStartScheduler
                0x10008040      0x1d8 CMakeFiles/Project.dir/lib/FreeRTOS-Kernel/tasks.c.obj
                0x10008040                vTaskStartScheduler
 .text.vTaskSuspendAll
                0x10008218       0x10 CMakeFiles/Project.dir/lib/FreeRTOS-Kernel/tasks.c.obj
                0x10008218                vTaskSuspendAll
 .text.xTaskResumeAll
                0x10008228      0x180 CMakeFiles/Project.dir/lib/FreeRTOS-Kernel/tasks.c.obj
                0x10008228                xTaskResumeAll
 .text.vTaskDelay
                0x100083a8       0x78 CMakeFiles/Project.dir/lib/FreeRTOS-Kernel/tasks.c.obj
                0x100083a8                vTaskDelay
 .text.xTaskGetTickCount
                0x10008420        0xc CMakeFiles/Project.dir/lib/FreeRTOS-Kernel/tasks.c.obj
                0x10008420                xTaskGetTickCount
 .text.uxTaskGetNumberOfTasks
                0x1000842c        0xc CMakeFiles/Project.dir/lib/FreeRTOS-Kernel/tasks.c.obj
                0x1000842c                uxTaskGetNumberOfTasks
 .text.xTaskIncrementTick
                0x10008438       0x24 CMakeFiles/Project.dir/lib/FreeRTOS-Kernel/tasks.c.obj
                0x10008438                xTaskIncrementTick
 .text.vTaskSwitchContext
                0x1000845c       0x6c CMakeFiles/Project.dir/lib/FreeRTOS-Kernel/tasks.c.obj
                0x1000845c                vTaskSwitchContext
 .text.vTaskPlaceOnEventList
                0x100084c8       0x94 CMakeFiles/Project.dir/lib/FreeRTOS-Kernel/tasks.c.obj
                0x100084c8                vTaskPlaceOnEventList
 .text.vTaskPlaceOnUnorderedEventList
                0x1000855c       0xb8 CMakeFiles/Project.dir/lib/FreeRTOS-Kernel/tasks.c.obj
                0x1000855c                vTaskPlaceOnUnorderedEventList
 .text.vTaskPlaceOnEventListRestricted
                0x10008614       0xc0 CMakeFiles/Project.dir/lib/FreeRTOS-Kernel/tasks.c.obj
                0x10008614                vTaskPlaceOnEventListRestricted
 .text.xTaskRemoveFromEventList
                0x100086d4       0xcc CMakeFiles/Project.dir/lib/FreeRTOS-Kernel/tasks.c.obj
                0x100086d4                xTaskRemoveFromEventList
 .text.vTaskRemoveFromUnorderedEventList
                0x100087a0       0x94 CMakeFiles/Project.dir/lib/FreeRTOS-Kernel/tasks.c.obj
                0x100087a0                vTaskRemoveFromUnorderedEventList
 .text.vTaskInternalSetTimeOutState
                0x10008834       0x18 CMakeFiles/Project.dir/lib/FreeRTOS-Kernel/tasks.c.obj
                0x10008834                vTaskInternalSetTimeOutState
 .text.xTaskCheckForTimeOut
                0x1000884c       0x74 CMakeFiles/Project.dir/lib/FreeRTOS-Kernel/tasks.c.obj
                0x1000884c                xTaskCheckForTimeOut
 .text.vTaskMissedYield
                0x100088c0        0xc CMakeFiles/Project.dir/lib/FreeRTOS-Kernel/tasks.c.obj
                0x100088c0                vTaskMissedYield
 .text.xTaskGetCurrentTaskHandle
                0x100088cc        0xc CMakeFiles/Project.dir/lib/FreeRTOS-Kernel/tasks.c.obj
                0x100088cc                xTaskGetCurrentTaskHandle
 .text.xTaskPriorityDisinherit
                0x100088d8       0x64 CMakeFiles/Project.dir/lib/FreeRTOS-Kernel/tasks.c.obj
                0x100088d8                xTaskPriorityDisinherit
 .text.uxTaskResetEventItemValue
                0x1000893c       0x18 CMakeFiles/Project.dir/lib/FreeRTOS-Kernel/tasks.c.obj
                0x1000893c                uxTaskResetEventItemValue
 .text.prvTimerTask
                0x10008954      0x384 CMakeFiles/Project.dir/lib/FreeRTOS-Kernel/timers.c.obj
 .text.xTimerCreateTimerTask
                0x10008cd8       0x8c CMakeFiles/Project.dir/lib/FreeRTOS-Kernel/timers.c.obj
                0x10008cd8                xTimerCreateTimerTask
 .text.xTimerPendFunctionCallFromISR
                0x10008d64       0x28 CMakeFiles/Project.dir/lib/FreeRTOS-Kernel/timers.c.obj
                0x10008d64                xTimerPendFunctionCallFromISR
 .text.exception_set_exclusive_handler
                0x10008d8c       0x48 CMakeFiles/Project.dir/home/emil/Documents/schoolfolder/year_2/2dt901/Pico_code/pico-sdk/src/rp2_common/hardware_exception/exception.c.obj
                0x10008d8c                exception_set_exclusive_handler
 .text.pvPortMalloc
                0x10008dd4      0x12c CMakeFiles/Project.dir/lib/FreeRTOS-Kernel/portable/MemMang/heap_4.c.obj
                0x10008dd4                pvPortMalloc
 .text.vPortFree
                0x10008f00       0x98 CMakeFiles/Project.dir/lib/FreeRTOS-Kernel/portable/MemMang/heap_4.c.obj
                0x10008f00                vPortFree
 .text.dht_init
                0x10008f98       0x68 CMakeFiles/Project.dir/dht/dht.c.obj
                0x10008f98                dht_init
 .text.dht_start_measurement
                0x10009000      0x1b8 CMakeFiles/Project.dir/dht/dht.c.obj
                0x10009000                dht_start_measurement
 .text.dht_finish_measurement_blocking
                0x100091b8      0x1ec CMakeFiles/Project.dir/dht/dht.c.obj
                0x100091b8                dht_finish_measurement_blocking
 .text.dma_claim_unused_channel
                0x100093a4       0x24 CMakeFiles/Project.dir/home/emil/Documents/schoolfolder/year_2/2dt901/Pico_code/pico-sdk/src/rp2_common/hardware_dma/dma.c.obj
                0x100093a4                dma_claim_unused_channel
 .text.pio_claim_unused_sm
                0x100093c8       0x3c CMakeFiles/Project.dir/home/emil/Documents/schoolfolder/year_2/2dt901/Pico_code/pico-sdk/src/rp2_common/hardware_pio/pio.c.obj
                0x100093c8                pio_claim_unused_sm
 .text.pio_add_program
                0x10009404       0xf0 CMakeFiles/Project.dir/home/emil/Documents/schoolfolder/year_2/2dt901/Pico_code/pico-sdk/src/rp2_common/hardware_pio/pio.c.obj
                0x10009404                pio_add_program
 .text.pio_sm_init
                0x100094f4       0x98 CMakeFiles/Project.dir/home/emil/Documents/schoolfolder/year_2/2dt901/Pico_code/pico-sdk/src/rp2_common/hardware_pio/pio.c.obj
                0x100094f4                pio_sm_init
 .text          0x1000958c       0x10 /usr/lib/gcc/arm-none-eabi/13.2.1/../../../arm-none-eabi/lib/thumb/v6-m/nofp/libc.a(libc_a-atexit.o)
                0x1000958c                atexit
 .text          0x1000959c       0x5c /usr/lib/gcc/arm-none-eabi/13.2.1/../../../arm-none-eabi/lib/thumb/v6-m/nofp/libc.a(libc_a-strlen-stub.o)
                0x1000959c                strlen
 .text          0x100095f8       0x28 /usr/lib/gcc/arm-none-eabi/13.2.1/../../../arm-none-eabi/lib/thumb/v6-m/nofp/libc.a(libc_a-fini.o)
                0x100095f8                __libc_fini_array
 .text          0x10009620       0x78 /usr/lib/gcc/arm-none-eabi/13.2.1/../../../arm-none-eabi/lib/thumb/v6-m/nofp/libc.a(libc_a-__atexit.o)
                0x10009620                __register_exitproc
 .text.startup  0x10009698       0x18 /usr/lib/gcc/arm-none-eabi/13.2.1/../../../arm-none-eabi/lib/thumb/v6-m/nofp/libc.a(libc_a-__call_atexit.o)
 *(.fini)
 .fini          0x100096b0        0x4 /usr/lib/gcc/arm-none-eabi/13.2.1/thumb/v6-m/nofp/crti.o
                0x100096b0                _fini
 *fill*         0x100096b4        0x4 
 .fini.__stub   0x100096b8       0xc0 linker stubs
 *crtbegin.o(.ctors)
 *crtbegin?.o(.ctors)
 *(EXCLUDE_FILE(*crtend.o *crtend?.o) .ctors)
 *(SORT_BY_NAME(.ctors.*))
 *(.ctors)
 *crtbegin.o(.dtors)
 *crtbegin?.o(.dtors)
 *(EXCLUDE_FILE(*crtend.o *crtend?.o) .dtors)
 *(SORT_BY_NAME(.dtors.*))
 *(.dtors)
 *(.eh_frame*)
 .eh_frame      0x10009778        0x0 /usr/lib/gcc/arm-none-eabi/13.2.1/thumb/v6-m/nofp/crtbegin.o
                0x10009778                        . = ALIGN (0x4)

.glue_7         0x10009778        0x0
 .glue_7        0x10009778        0x0 linker stubs

.glue_7t        0x10009778        0x0
 .glue_7t       0x10009778        0x0 linker stubs

.vfp11_veneer   0x10009778        0x0
 .vfp11_veneer  0x10009778        0x0 linker stubs

.v4_bx          0x10009778        0x0
 .v4_bx         0x10009778        0x0 linker stubs

.iplt           0x10009778        0x0
 .iplt          0x10009778        0x0 /usr/lib/gcc/arm-none-eabi/13.2.1/thumb/v6-m/nofp/crtbegin.o

.rodata         0x10009778      0x67c
 *(EXCLUDE_FILE(*libm.a: *libc.a:*lib_a-mem*.o *libgcc.a:) .rodata*)
 .rodata.temp_task.str1.4
                0x10009778      0x2b1 CMakeFiles/Project.dir/Project.c.obj
                                 0x71 (size before relaxing)
 .rodata.buttonTask.str1.4
                0x10009a29       0x10 CMakeFiles/Project.dir/Project.c.obj
 .rodata.main.str1.4
                0x10009a29       0x18 CMakeFiles/Project.dir/Project.c.obj
 .rodata.spin_lock_claim_unused.str1.4
                0x10009a29       0x1b CMakeFiles/Project.dir/home/emil/Documents/schoolfolder/year_2/2dt901/Pico_code/pico-sdk/src/rp2_common/hardware_sync/sync.c.obj
 .rodata.user_irq_claim_unused.str1.4
                0x10009a29       0x1b CMakeFiles/Project.dir/home/emil/Documents/schoolfolder/year_2/2dt901/Pico_code/pico-sdk/src/rp2_common/hardware_irq/irq.c.obj
 .rodata.hardware_alarm_claim.str1.4
                0x10009a29       0x22 CMakeFiles/Project.dir/home/emil/Documents/schoolfolder/year_2/2dt901/Pico_code/pico-sdk/src/rp2_common/hardware_timer/timer.c.obj
 .rodata.panic.str1.4
                0x10009a29       0x12 CMakeFiles/Project.dir/home/emil/Documents/schoolfolder/year_2/2dt901/Pico_code/pico-sdk/src/rp2_common/pico_runtime/runtime.c.obj
 .rodata.panic_unsupported.str1.4
                0x10009a29        0xe CMakeFiles/Project.dir/home/emil/Documents/schoolfolder/year_2/2dt901/Pico_code/pico-sdk/src/rp2_common/pico_runtime/runtime.c.obj
 .rodata.hard_assertion_failure.str1.4
                0x10009a29        0xc CMakeFiles/Project.dir/home/emil/Documents/schoolfolder/year_2/2dt901/Pico_code/pico-sdk/src/rp2_common/pico_runtime/runtime.c.obj
 .rodata._ftoa.str1.4
                0x10009a29       0x15 CMakeFiles/Project.dir/home/emil/Documents/schoolfolder/year_2/2dt901/Pico_code/pico-sdk/src/rp2_common/pico_printf/printf.c.obj
 *fill*         0x10009a29        0x3 
 .rodata._vsnprintf
                0x10009a2c      0x19c CMakeFiles/Project.dir/home/emil/Documents/schoolfolder/year_2/2dt901/Pico_code/pico-sdk/src/rp2_common/pico_printf/printf.c.obj
 .rodata.pow10.0
                0x10009bc8       0x50 CMakeFiles/Project.dir/home/emil/Documents/schoolfolder/year_2/2dt901/Pico_code/pico-sdk/src/rp2_common/pico_printf/printf.c.obj
 .rodata.str1.4
                0x10009c18       0x3c CMakeFiles/Project.dir/home/emil/Documents/schoolfolder/year_2/2dt901/Pico_code/pico-sdk/src/rp2_common/pico_standard_link/binary_info.c.obj
 .rodata.__bi_81
                0x10009c18        0xc CMakeFiles/Project.dir/home/emil/Documents/schoolfolder/year_2/2dt901/Pico_code/pico-sdk/src/rp2_common/pico_standard_link/binary_info.c.obj
 .rodata.__bi_75
                0x10009c24        0xc CMakeFiles/Project.dir/home/emil/Documents/schoolfolder/year_2/2dt901/Pico_code/pico-sdk/src/rp2_common/pico_standard_link/binary_info.c.obj
 .rodata.__bi_44
                0x10009c30        0xc CMakeFiles/Project.dir/home/emil/Documents/schoolfolder/year_2/2dt901/Pico_code/pico-sdk/src/rp2_common/pico_standard_link/binary_info.c.obj
 .rodata.crlf_str.0
                0x10009c3c        0x2 CMakeFiles/Project.dir/home/emil/Documents/schoolfolder/year_2/2dt901/Pico_code/pico-sdk/src/rp2_common/pico_stdio/stdio.c.obj
 .rodata.str1.4
                0x10009c3e       0x2c CMakeFiles/Project.dir/home/emil/Documents/schoolfolder/year_2/2dt901/Pico_code/pico-sdk/src/rp2_common/pico_stdio_uart/stdio_uart.c.obj
 *fill*         0x10009c3e        0x2 
 .rodata.__bi_33.4
                0x10009c40        0xc CMakeFiles/Project.dir/home/emil/Documents/schoolfolder/year_2/2dt901/Pico_code/pico-sdk/src/rp2_common/pico_stdio_uart/stdio_uart.c.obj
 .rodata.__bi_34.5
                0x10009c4c        0x8 CMakeFiles/Project.dir/home/emil/Documents/schoolfolder/year_2/2dt901/Pico_code/pico-sdk/src/rp2_common/pico_stdio_uart/stdio_uart.c.obj
 .rodata._resetd_driver
                0x10009c54       0x18 CMakeFiles/Project.dir/home/emil/Documents/schoolfolder/year_2/2dt901/Pico_code/pico-sdk/src/rp2_common/pico_stdio_usb/reset_interface.c.obj
 .rodata.str1.4
                0x10009c6c       0x13 CMakeFiles/Project.dir/home/emil/Documents/schoolfolder/year_2/2dt901/Pico_code/pico-sdk/src/rp2_common/pico_stdio_usb/stdio_usb.c.obj
 .rodata.__bi_182.0
                0x10009c6c        0xc CMakeFiles/Project.dir/home/emil/Documents/schoolfolder/year_2/2dt901/Pico_code/pico-sdk/src/rp2_common/pico_stdio_usb/stdio_usb.c.obj
 .rodata.str1.4
                0x10009c78       0x2a CMakeFiles/Project.dir/home/emil/Documents/schoolfolder/year_2/2dt901/Pico_code/pico-sdk/src/rp2_common/pico_stdio_usb/stdio_usb_descriptors.c.obj
 .rodata.usbd_desc_str
                0x10009c78       0x18 CMakeFiles/Project.dir/home/emil/Documents/schoolfolder/year_2/2dt901/Pico_code/pico-sdk/src/rp2_common/pico_stdio_usb/stdio_usb_descriptors.c.obj
 .rodata.usbd_desc_cfg
                0x10009c90       0x54 CMakeFiles/Project.dir/home/emil/Documents/schoolfolder/year_2/2dt901/Pico_code/pico-sdk/src/rp2_common/pico_stdio_usb/stdio_usb_descriptors.c.obj
 .rodata.usbd_desc_device
                0x10009ce4       0x12 CMakeFiles/Project.dir/home/emil/Documents/schoolfolder/year_2/2dt901/Pico_code/pico-sdk/src/rp2_common/pico_stdio_usb/stdio_usb_descriptors.c.obj
 .rodata.str1.4
                0x10009cf6       0x14 CMakeFiles/Project.dir/home/emil/Documents/schoolfolder/year_2/2dt901/Pico_code/pico-sdk/lib/tinyusb/src/portable/raspberrypi/rp2040/dcd_rp2040.c.obj
 .rodata.str1.4
                0x10009cf6       0x53 CMakeFiles/Project.dir/home/emil/Documents/schoolfolder/year_2/2dt901/Pico_code/pico-sdk/lib/tinyusb/src/portable/raspberrypi/rp2040/rp2040_usb.c.obj
 *fill*         0x10009cf6        0x2 
 .rodata.tud_task_ext
                0x10009cf8       0x8c CMakeFiles/Project.dir/home/emil/Documents/schoolfolder/year_2/2dt901/Pico_code/pico-sdk/lib/tinyusb/src/device/usbd.c.obj
 .rodata._usbd_driver
                0x10009d84       0x18 CMakeFiles/Project.dir/home/emil/Documents/schoolfolder/year_2/2dt901/Pico_code/pico-sdk/lib/tinyusb/src/device/usbd.c.obj
 .rodata.uxTopUsedPriority
                0x10009d9c        0x4 CMakeFiles/Project.dir/lib/FreeRTOS-Kernel/tasks.c.obj
                0x10009d9c                uxTopUsedPriority
 .rodata.prvTimerTask
                0x10009da0       0x28 CMakeFiles/Project.dir/lib/FreeRTOS-Kernel/timers.c.obj
 .rodata.xTimerCreateTimerTask.str1.4
                0x10009dc8       0x10 CMakeFiles/Project.dir/lib/FreeRTOS-Kernel/timers.c.obj
 .rodata.dht_program
                0x10009dc8        0x6 CMakeFiles/Project.dir/dht/dht.c.obj
 *fill*         0x10009dce        0x2 
 .rodata.dht_program_instructions
                0x10009dd0       0x22 CMakeFiles/Project.dir/dht/dht.c.obj
 .rodata.dma_claim_unused_channel.str1.4
                0x10009df2       0x1e CMakeFiles/Project.dir/home/emil/Documents/schoolfolder/year_2/2dt901/Pico_code/pico-sdk/src/rp2_common/hardware_dma/dma.c.obj
 .rodata.pio_claim_unused_sm.str1.4
                0x10009df2       0x24 CMakeFiles/Project.dir/home/emil/Documents/schoolfolder/year_2/2dt901/Pico_code/pico-sdk/src/rp2_common/hardware_pio/pio.c.obj
 .rodata.pio_add_program.str1.4
                0x10009df2       0x11 CMakeFiles/Project.dir/home/emil/Documents/schoolfolder/year_2/2dt901/Pico_code/pico-sdk/src/rp2_common/hardware_pio/pio.c.obj
                0x10009e18                        . = ALIGN (0x4)
 *fill*         0x10009df2        0x2 
 *(SORT_BY_ALIGNMENT(SORT_BY_NAME(.flashdata*)))
                0x10009df4                        . = ALIGN (0x4)

.ARM.extab
 *(.ARM.extab* .gnu.linkonce.armextab.*)
                0x10009df4                        __exidx_start = .

.ARM.exidx
 *(.ARM.exidx* .gnu.linkonce.armexidx.*)
                0x10009df4                        __exidx_end = .
                0x10009df4                        . = ALIGN (0x4)
                0x10009df4                        __binary_info_start = .

.binary_info    0x10009df4       0x28
 *(.binary_info.keep.*)
 .binary_info.keep.__bi_ptr81
                0x10009df4        0x4 CMakeFiles/Project.dir/home/emil/Documents/schoolfolder/year_2/2dt901/Pico_code/pico-sdk/src/rp2_common/pico_standard_link/binary_info.c.obj
 .binary_info.keep.__bi_ptr75
                0x10009df8        0x4 CMakeFiles/Project.dir/home/emil/Documents/schoolfolder/year_2/2dt901/Pico_code/pico-sdk/src/rp2_common/pico_standard_link/binary_info.c.obj
 .binary_info.keep.__bi_ptr50
                0x10009dfc        0x4 CMakeFiles/Project.dir/home/emil/Documents/schoolfolder/year_2/2dt901/Pico_code/pico-sdk/src/rp2_common/pico_standard_link/binary_info.c.obj
 .binary_info.keep.__bi_ptr44
                0x10009e00        0x4 CMakeFiles/Project.dir/home/emil/Documents/schoolfolder/year_2/2dt901/Pico_code/pico-sdk/src/rp2_common/pico_standard_link/binary_info.c.obj
 .binary_info.keep.__bi_ptr38
                0x10009e04        0x4 CMakeFiles/Project.dir/home/emil/Documents/schoolfolder/year_2/2dt901/Pico_code/pico-sdk/src/rp2_common/pico_standard_link/binary_info.c.obj
 .binary_info.keep.__bi_ptr30
                0x10009e08        0x4 CMakeFiles/Project.dir/home/emil/Documents/schoolfolder/year_2/2dt901/Pico_code/pico-sdk/src/rp2_common/pico_standard_link/binary_info.c.obj
 .binary_info.keep.__bi_ptr22
                0x10009e0c        0x4 CMakeFiles/Project.dir/home/emil/Documents/schoolfolder/year_2/2dt901/Pico_code/pico-sdk/src/rp2_common/pico_standard_link/binary_info.c.obj
 *(.binary_info.*)
 .binary_info.__bi_ptr34
                0x10009e10        0x4 CMakeFiles/Project.dir/home/emil/Documents/schoolfolder/year_2/2dt901/Pico_code/pico-sdk/src/rp2_common/pico_stdio_uart/stdio_uart.c.obj
 .binary_info.__bi_ptr33
                0x10009e14        0x4 CMakeFiles/Project.dir/home/emil/Documents/schoolfolder/year_2/2dt901/Pico_code/pico-sdk/src/rp2_common/pico_stdio_uart/stdio_uart.c.obj
 .binary_info.__bi_ptr182
                0x10009e18        0x4 CMakeFiles/Project.dir/home/emil/Documents/schoolfolder/year_2/2dt901/Pico_code/pico-sdk/src/rp2_common/pico_stdio_usb/stdio_usb.c.obj
                0x10009e1c                        __binary_info_end = .

.rel.dyn        0x10009e1c        0x0
 .rel.iplt      0x10009e1c        0x0 /usr/lib/gcc/arm-none-eabi/13.2.1/thumb/v6-m/nofp/crtbegin.o
                0x10009e1c                        . = ALIGN (0x4)

.ram_vector_table
                0x20000000       0xc0
 *(.ram_vector_table)
 .ram_vector_table
                0x20000000       0xc0 CMakeFiles/Project.dir/home/emil/Documents/schoolfolder/year_2/2dt901/Pico_code/pico-sdk/src/rp2_common/pico_runtime/runtime.c.obj
                0x20000000                ram_vector_table

.data           0x200000c0      0xe58 load address 0x10009e1c
                0x200000c0                        __data_start__ = .
 *(vtable)
 *(.time_critical*)
 .time_critical.mutex_try_enter
                0x200000c0       0x40 CMakeFiles/Project.dir/home/emil/Documents/schoolfolder/year_2/2dt901/Pico_code/pico-sdk/src/common/pico_sync/mutex.c.obj
                0x200000c0                mutex_try_enter
 .time_critical.mutex_try_enter_block_until
                0x20000100       0xa0 CMakeFiles/Project.dir/home/emil/Documents/schoolfolder/year_2/2dt901/Pico_code/pico-sdk/src/common/pico_sync/mutex.c.obj
                0x20000100                mutex_try_enter_block_until
 .time_critical.mutex_enter_timeout_ms
                0x200001a0       0x78 CMakeFiles/Project.dir/home/emil/Documents/schoolfolder/year_2/2dt901/Pico_code/pico-sdk/src/common/pico_sync/mutex.c.obj
                0x200001a0                mutex_enter_timeout_ms
 .time_critical.mutex_exit
                0x20000218       0x20 CMakeFiles/Project.dir/home/emil/Documents/schoolfolder/year_2/2dt901/Pico_code/pico-sdk/src/common/pico_sync/mutex.c.obj
                0x20000218                mutex_exit
 .time_critical.flash_init_boot2_copyout
                0x20000238       0x30 CMakeFiles/Project.dir/home/emil/Documents/schoolfolder/year_2/2dt901/Pico_code/pico-sdk/src/rp2_common/hardware_flash/flash.c.obj
 .time_critical.flash_enable_xip_via_boot2
                0x20000268        0xc CMakeFiles/Project.dir/home/emil/Documents/schoolfolder/year_2/2dt901/Pico_code/pico-sdk/src/rp2_common/hardware_flash/flash.c.obj
 .time_critical.flash_cs_force
                0x20000274       0x38 CMakeFiles/Project.dir/home/emil/Documents/schoolfolder/year_2/2dt901/Pico_code/pico-sdk/src/rp2_common/hardware_flash/flash.c.obj
 .time_critical.flash_do_cmd
                0x200002ac       0xc0 CMakeFiles/Project.dir/home/emil/Documents/schoolfolder/year_2/2dt901/Pico_code/pico-sdk/src/rp2_common/hardware_flash/flash.c.obj
                0x200002ac                flash_do_cmd
 .time_critical.reset_non_control_endpoints
                0x2000036c       0x68 CMakeFiles/Project.dir/home/emil/Documents/schoolfolder/year_2/2dt901/Pico_code/pico-sdk/lib/tinyusb/src/portable/raspberrypi/rp2040/dcd_rp2040.c.obj
 .time_critical.hw_handle_buff_status
                0x200003d4       0xb0 CMakeFiles/Project.dir/home/emil/Documents/schoolfolder/year_2/2dt901/Pico_code/pico-sdk/lib/tinyusb/src/portable/raspberrypi/rp2040/dcd_rp2040.c.obj
 .time_critical.dcd_rp2040_irq
                0x20000484      0x510 CMakeFiles/Project.dir/home/emil/Documents/schoolfolder/year_2/2dt901/Pico_code/pico-sdk/lib/tinyusb/src/portable/raspberrypi/rp2040/dcd_rp2040.c.obj
 .time_critical.e15_is_bulkin_ep
                0x20000994       0x28 CMakeFiles/Project.dir/home/emil/Documents/schoolfolder/year_2/2dt901/Pico_code/pico-sdk/lib/tinyusb/src/portable/raspberrypi/rp2040/rp2040_usb.c.obj
 .time_critical.e15_is_critical_frame_period
                0x200009bc       0x34 CMakeFiles/Project.dir/home/emil/Documents/schoolfolder/year_2/2dt901/Pico_code/pico-sdk/lib/tinyusb/src/portable/raspberrypi/rp2040/rp2040_usb.c.obj
 .time_critical.prepare_ep_buffer
                0x200009f0       0x6c CMakeFiles/Project.dir/home/emil/Documents/schoolfolder/year_2/2dt901/Pico_code/pico-sdk/lib/tinyusb/src/portable/raspberrypi/rp2040/rp2040_usb.c.obj
 .time_critical.sync_ep_buffer
                0x20000a5c       0x48 CMakeFiles/Project.dir/home/emil/Documents/schoolfolder/year_2/2dt901/Pico_code/pico-sdk/lib/tinyusb/src/portable/raspberrypi/rp2040/rp2040_usb.c.obj
 .time_critical._hw_endpoint_xfer_sync
                0x20000aa4       0x28 CMakeFiles/Project.dir/home/emil/Documents/schoolfolder/year_2/2dt901/Pico_code/pico-sdk/lib/tinyusb/src/portable/raspberrypi/rp2040/rp2040_usb.c.obj
 .time_critical.hw_endpoint_reset_transfer
                0x20000acc        0xc CMakeFiles/Project.dir/home/emil/Documents/schoolfolder/year_2/2dt901/Pico_code/pico-sdk/lib/tinyusb/src/portable/raspberrypi/rp2040/rp2040_usb.c.obj
                0x20000acc                hw_endpoint_reset_transfer
 .time_critical._hw_endpoint_buffer_control_update32
                0x20000ad8       0x58 CMakeFiles/Project.dir/home/emil/Documents/schoolfolder/year_2/2dt901/Pico_code/pico-sdk/lib/tinyusb/src/portable/raspberrypi/rp2040/rp2040_usb.c.obj
                0x20000ad8                _hw_endpoint_buffer_control_update32
 .time_critical.hw_endpoint_start_next_buffer
                0x20000b30       0x6c CMakeFiles/Project.dir/home/emil/Documents/schoolfolder/year_2/2dt901/Pico_code/pico-sdk/lib/tinyusb/src/portable/raspberrypi/rp2040/rp2040_usb.c.obj
                0x20000b30                hw_endpoint_start_next_buffer
 .time_critical.hw_endpoint_xfer_continue
                0x20000b9c       0x50 CMakeFiles/Project.dir/home/emil/Documents/schoolfolder/year_2/2dt901/Pico_code/pico-sdk/lib/tinyusb/src/portable/raspberrypi/rp2040/rp2040_usb.c.obj
                0x20000b9c                hw_endpoint_xfer_continue
 .time_critical.tinyusb
                0x20000bec      0x16c CMakeFiles/Project.dir/home/emil/Documents/schoolfolder/year_2/2dt901/Pico_code/pico-sdk/lib/tinyusb/src/device/usbd.c.obj
                0x20000bec                dcd_event_handler
 *(.text*)
 .text          0x20000d58        0x4 /usr/lib/gcc/arm-none-eabi/13.2.1/thumb/v6-m/nofp/libgcc.a(_dvmd_tls.o)
                0x20000d58                __aeabi_ldiv0
                0x20000d58                __aeabi_idiv0
 *fill*         0x20000d5c        0x4 
 .text.__stub   0x20000d60       0x90 linker stubs
                0x20000df0                        . = ALIGN (0x4)
 *(.rodata*)
                0x20000df0                        . = ALIGN (0x4)
 *(.data*)
 .data.striped_spin_lock_num
                0x20000df0        0x1 CMakeFiles/Project.dir/home/emil/Documents/schoolfolder/year_2/2dt901/Pico_code/pico-sdk/src/rp2_common/hardware_sync/sync.c.obj
 *fill*         0x20000df1        0x3 
 .data          0x20000df4       0x48 CMakeFiles/Project.dir/home/emil/Documents/schoolfolder/year_2/2dt901/Pico_code/pico-sdk/src/rp2_common/hardware_irq/irq_handler_chain.S.obj
                0x20000df4                irq_handler_chain_slots
                0x20000e24                irq_handler_chain_first_slot
                0x20000e2e                irq_handler_chain_remove_tail
 .data.default_alarm_pool
                0x20000e3c       0x18 CMakeFiles/Project.dir/home/emil/Documents/schoolfolder/year_2/2dt901/Pico_code/pico-sdk/src/common/pico_time/time.c.obj
 .data.default_alarm_pool_heap
                0x20000e54       0x10 CMakeFiles/Project.dir/home/emil/Documents/schoolfolder/year_2/2dt901/Pico_code/pico-sdk/src/common/pico_time/time.c.obj
 *fill*         0x20000e64        0xc 
 .data.aeabi_bits_funcs
                0x20000e70       0x10 CMakeFiles/Project.dir/home/emil/Documents/schoolfolder/year_2/2dt901/Pico_code/pico-sdk/src/rp2_common/pico_bit_ops/bit_ops_aeabi.S.obj
                0x20000e70                aeabi_bits_funcs
                0x20000e80                aeabi_bits_funcs_end
 .data.aeabi_mem_funcs
                0x20000e80       0x10 CMakeFiles/Project.dir/home/emil/Documents/schoolfolder/year_2/2dt901/Pico_code/pico-sdk/src/rp2_common/pico_mem_ops/mem_ops_aeabi.S.obj
                0x20000e80                aeabi_mem_funcs
                0x20000e90                aeabi_mem_funcs_end
 .data.stdio_uart
                0x20000e90       0x18 CMakeFiles/Project.dir/home/emil/Documents/schoolfolder/year_2/2dt901/Pico_code/pico-sdk/src/rp2_common/pico_stdio_uart/stdio_uart.c.obj
                0x20000e90                stdio_uart
 .data.stdio_usb
                0x20000ea8       0x18 CMakeFiles/Project.dir/home/emil/Documents/schoolfolder/year_2/2dt901/Pico_code/pico-sdk/src/rp2_common/pico_stdio_usb/stdio_usb.c.obj
                0x20000ea8                stdio_usb
 .data.ep_dir_string
                0x20000ec0        0x8 CMakeFiles/Project.dir/home/emil/Documents/schoolfolder/year_2/2dt901/Pico_code/pico-sdk/lib/tinyusb/src/portable/raspberrypi/rp2040/rp2040_usb.c.obj
                0x20000ec0                ep_dir_string
 .data._usbd_qdef
                0x20000ec8       0x1c CMakeFiles/Project.dir/home/emil/Documents/schoolfolder/year_2/2dt901/Pico_code/pico-sdk/lib/tinyusb/src/device/usbd.c.obj
                0x20000ec8                _usbd_qdef
 .data._usbd_rhport
                0x20000ee4        0x1 CMakeFiles/Project.dir/home/emil/Documents/schoolfolder/year_2/2dt901/Pico_code/pico-sdk/lib/tinyusb/src/device/usbd.c.obj
 .data.ucPrimaryCoreNum
                0x20000ee5        0x1 CMakeFiles/Project.dir/lib/FreeRTOS-Kernel/portable/ThirdParty/GCC/RP2040/port.c.obj
                0x20000ee8                        . = ALIGN (0x4)
 *fill*         0x20000ee6        0x2 
 *(.after_data.*)
                0x20000ee8                        . = ALIGN (0x4)
                0x20000ee8                        PROVIDE (__mutex_array_start = .)
 *(SORT_BY_NAME(.mutex_array.*))
 *(.mutex_array)
 .mutex_array   0x20000ee8        0x8 CMakeFiles/Project.dir/home/emil/Documents/schoolfolder/year_2/2dt901/Pico_code/pico-sdk/src/rp2_common/pico_malloc/pico_malloc.c.obj
 .mutex_array   0x20000ef0        0x8 CMakeFiles/Project.dir/home/emil/Documents/schoolfolder/year_2/2dt901/Pico_code/pico-sdk/src/rp2_common/pico_stdio/stdio.c.obj
                0x20000ef8                        PROVIDE (__mutex_array_end = .)
                0x20000ef8                        . = ALIGN (0x4)
                0x20000ef8                        PROVIDE (__preinit_array_start = .)
 *(SORT_BY_NAME(.preinit_array.*))
 .preinit_array.00001
                0x20000ef8        0x4 CMakeFiles/Project.dir/home/emil/Documents/schoolfolder/year_2/2dt901/Pico_code/pico-sdk/src/rp2_common/pico_mem_ops/mem_ops_aeabi.S.obj
 .preinit_array.00010
                0x20000efc        0x4 CMakeFiles/Project.dir/home/emil/Documents/schoolfolder/year_2/2dt901/Pico_code/pico-sdk/src/rp2_common/pico_bit_ops/bit_ops_aeabi.S.obj
 .preinit_array.00020
                0x20000f00        0x4 CMakeFiles/Project.dir/home/emil/Documents/schoolfolder/year_2/2dt901/Pico_code/pico-sdk/src/rp2_common/pico_double/double_aeabi.S.obj
 .preinit_array.00020
                0x20000f04        0x4 CMakeFiles/Project.dir/home/emil/Documents/schoolfolder/year_2/2dt901/Pico_code/pico-sdk/src/rp2_common/pico_float/float_aeabi.S.obj
 *(.preinit_array)
                0x20000f08                        PROVIDE (__preinit_array_end = .)
                0x20000f08                        . = ALIGN (0x4)
                0x20000f08                        PROVIDE (__init_array_start = .)
 *(SORT_BY_NAME(.init_array.*))
 .init_array.00000
                0x20000f08        0x4 /usr/lib/gcc/arm-none-eabi/13.2.1/../../../arm-none-eabi/lib/thumb/v6-m/nofp/libc.a(libc_a-__call_atexit.o)
 *(.init_array)
 .init_array    0x20000f0c        0x4 /usr/lib/gcc/arm-none-eabi/13.2.1/thumb/v6-m/nofp/crtbegin.o
 .init_array    0x20000f10        0x4 CMakeFiles/Project.dir/home/emil/Documents/schoolfolder/year_2/2dt901/Pico_code/pico-sdk/src/rp2_common/pico_unique_id/unique_id.c.obj
 .init_array    0x20000f14        0x4 CMakeFiles/Project.dir/lib/FreeRTOS-Kernel/portable/ThirdParty/GCC/RP2040/port.c.obj
                0x20000f18                        PROVIDE (__init_array_end = .)
                0x20000f18                        . = ALIGN (0x4)
                0x20000f18                        PROVIDE (__fini_array_start = .)
 *(SORT_BY_NAME(.fini_array.*))
 *(.fini_array)
                0x20000f18                        PROVIDE (__fini_array_end = .)
 *(.jcr)
                0x20000f18                        . = ALIGN (0x4)
                0x20000f18                        __data_end__ = .
                0x10009e1c                        __etext = LOADADDR (.data)

.tm_clone_table
                0x20000f18        0x0 load address 0x1000ac74
 .tm_clone_table
                0x20000f18        0x0 /usr/lib/gcc/arm-none-eabi/13.2.1/thumb/v6-m/nofp/crtbegin.o
 .tm_clone_table
                0x20000f18        0x0 /usr/lib/gcc/arm-none-eabi/13.2.1/thumb/v6-m/nofp/crtend.o

.igot.plt       0x20000f18        0x0 load address 0x1000ac74
 .igot.plt      0x20000f18        0x0 /usr/lib/gcc/arm-none-eabi/13.2.1/thumb/v6-m/nofp/crtbegin.o

.uninitialized_data
                0x20000f18        0x0 load address 0x1000ac74
                0x20000f18                        . = ALIGN (0x4)
 *(.uninitialized_data*)

.scratch_x      0x20040000        0x0 load address 0x1000ac74