Archive member included to satisfy reference by file (symbol)

/usr/lib/gcc/arm-none-eabi/14.1.0/thumb/v6-m/nofp/libgcc.a(_dvmd_tls.o)
                              CMakeFiles/dht_example.dir/home/fen/pico-sdk/src/rp2_common/pico_divider/divider_hardware.S.obj (__aeabi_idiv0)
/usr/lib/gcc/arm-none-eabi/14.1.0/../../../../arm-none-eabi/lib/thumb/v6-m/nofp/libg.a(libc_a-atexit.o)
                              /usr/lib/gcc/arm-none-eabi/14.1.0/../../../../arm-none-eabi/lib/thumb/v6-m/nofp/crt0.o (atexit)
/usr/lib/gcc/arm-none-eabi/14.1.0/../../../../arm-none-eabi/lib/thumb/v6-m/nofp/libg.a(libc_a-calloc.o)
                              CMakeFiles/dht_example.dir/home/fen/pico-sdk/src/rp2_common/pico_malloc/malloc.c.obj (calloc)
/usr/lib/gcc/arm-none-eabi/14.1.0/../../../../arm-none-eabi/lib/thumb/v6-m/nofp/libg.a(libc_a-callocr.o)
                              /usr/lib/gcc/arm-none-eabi/14.1.0/../../../../arm-none-eabi/lib/thumb/v6-m/nofp/libg.a(libc_a-calloc.o) (_calloc_r)
/usr/lib/gcc/arm-none-eabi/14.1.0/../../../../arm-none-eabi/lib/thumb/v6-m/nofp/libg.a(libc_a-malloc.o)
                              CMakeFiles/dht_example.dir/home/fen/pico-sdk/src/rp2_common/pico_malloc/malloc.c.obj (malloc)
/usr/lib/gcc/arm-none-eabi/14.1.0/../../../../arm-none-eabi/lib/thumb/v6-m/nofp/libg.a(libc_a-mallocr.o)
                              /usr/lib/gcc/arm-none-eabi/14.1.0/../../../../arm-none-eabi/lib/thumb/v6-m/nofp/libg.a(libc_a-callocr.o) (_malloc_r)
/usr/lib/gcc/arm-none-eabi/14.1.0/../../../../arm-none-eabi/lib/thumb/v6-m/nofp/libg.a(libc_a-mlock.o)
                              /usr/lib/gcc/arm-none-eabi/14.1.0/../../../../arm-none-eabi/lib/thumb/v6-m/nofp/libg.a(libc_a-mallocr.o) (__malloc_lock)
/usr/lib/gcc/arm-none-eabi/14.1.0/../../../../arm-none-eabi/lib/thumb/v6-m/nofp/libg.a(libc_a-realloc.o)
                              CMakeFiles/dht_example.dir/home/fen/pico-sdk/src/rp2_common/pico_malloc/malloc.c.obj (realloc)
/usr/lib/gcc/arm-none-eabi/14.1.0/../../../../arm-none-eabi/lib/thumb/v6-m/nofp/libg.a(libc_a-reallocr.o)
                              /usr/lib/gcc/arm-none-eabi/14.1.0/../../../../arm-none-eabi/lib/thumb/v6-m/nofp/libg.a(libc_a-realloc.o) (_realloc_r)
/usr/lib/gcc/arm-none-eabi/14.1.0/../../../../arm-none-eabi/lib/thumb/v6-m/nofp/libg.a(libc_a-memcmp.o)
                              CMakeFiles/dht_example.dir/home/fen/pico-sdk/src/rp2_common/pico_atomic/atomic.c.obj (memcmp)
/usr/lib/gcc/arm-none-eabi/14.1.0/../../../../arm-none-eabi/lib/thumb/v6-m/nofp/libg.a(libc_a-memmove.o)
                              /usr/lib/gcc/arm-none-eabi/14.1.0/../../../../arm-none-eabi/lib/thumb/v6-m/nofp/libg.a(libc_a-reallocr.o) (memmove)
/usr/lib/gcc/arm-none-eabi/14.1.0/../../../../arm-none-eabi/lib/thumb/v6-m/nofp/libg.a(libc_a-lcltime_r.o)
                              CMakeFiles/dht_example.dir/home/fen/pico-sdk/src/common/pico_util/datetime.c.obj (localtime_r)
/usr/lib/gcc/arm-none-eabi/14.1.0/../../../../arm-none-eabi/lib/thumb/v6-m/nofp/libg.a(libc_a-mktime.o)
                              CMakeFiles/dht_example.dir/home/fen/pico-sdk/src/common/pico_util/datetime.c.obj (mktime)
/usr/lib/gcc/arm-none-eabi/14.1.0/../../../../arm-none-eabi/lib/thumb/v6-m/nofp/libg.a(libc_a-month_lengths.o)
                              /usr/lib/gcc/arm-none-eabi/14.1.0/../../../../arm-none-eabi/lib/thumb/v6-m/nofp/libg.a(libc_a-lcltime_r.o) (__month_lengths)
/usr/lib/gcc/arm-none-eabi/14.1.0/../../../../arm-none-eabi/lib/thumb/v6-m/nofp/libg.a(libc_a-tzcalc_limits.o)
                              /usr/lib/gcc/arm-none-eabi/14.1.0/../../../../arm-none-eabi/lib/thumb/v6-m/nofp/libg.a(libc_a-lcltime_r.o) (__tzcalc_limits)
/usr/lib/gcc/arm-none-eabi/14.1.0/../../../../arm-none-eabi/lib/thumb/v6-m/nofp/libg.a(libc_a-tzlock.o)
                              /usr/lib/gcc/arm-none-eabi/14.1.0/../../../../arm-none-eabi/lib/thumb/v6-m/nofp/libg.a(libc_a-lcltime_r.o) (__tz_lock)
/usr/lib/gcc/arm-none-eabi/14.1.0/../../../../arm-none-eabi/lib/thumb/v6-m/nofp/libg.a(libc_a-tzset.o)
                              /usr/lib/gcc/arm-none-eabi/14.1.0/../../../../arm-none-eabi/lib/thumb/v6-m/nofp/libg.a(libc_a-lcltime_r.o) (_tzset_unlocked)
/usr/lib/gcc/arm-none-eabi/14.1.0/../../../../arm-none-eabi/lib/thumb/v6-m/nofp/libg.a(libc_a-tzset_r.o)
                              /usr/lib/gcc/arm-none-eabi/14.1.0/../../../../arm-none-eabi/lib/thumb/v6-m/nofp/libg.a(libc_a-tzset.o) (_tzset_unlocked_r)
/usr/lib/gcc/arm-none-eabi/14.1.0/../../../../arm-none-eabi/lib/thumb/v6-m/nofp/libg.a(libc_a-tzvars.o)
                              /usr/lib/gcc/arm-none-eabi/14.1.0/../../../../arm-none-eabi/lib/thumb/v6-m/nofp/libg.a(libc_a-tzset_r.o) (_timezone)
/usr/lib/gcc/arm-none-eabi/14.1.0/../../../../arm-none-eabi/lib/thumb/v6-m/nofp/libg.a(libc_a-impure.o)
                              /usr/lib/gcc/arm-none-eabi/14.1.0/../../../../arm-none-eabi/lib/thumb/v6-m/nofp/libg.a(libc_a-calloc.o) (_impure_ptr)
[...]
Memory Configuration

Name             Origin             Length             Attributes
FLASH            0x10000000         0x00200000         xr
RAM              0x20000000         0x00040000         xrw
SCRATCH_X        0x20040000         0x00001000         xrw
SCRATCH_Y        0x20041000         0x00001000         xrw
*default*        0x00000000         0xffffffff

Linker script and memory map

LOAD /usr/lib/gcc/arm-none-eabi/14.1.0/thumb/v6-m/nofp/crti.o
LOAD /usr/lib/gcc/arm-none-eabi/14.1.0/thumb/v6-m/nofp/crtbegin.o
LOAD /usr/lib/gcc/arm-none-eabi/14.1.0/../../../../arm-none-eabi/lib/thumb/v6-m/nofp/crt0.o

.flash_begin    0x10000000        0x0
                0x10000000                        __flash_binary_start = .

.boot2          0x10000000      0x100
                0x10000000                        __boot2_start__ = .
 *(.boot2)
 .boot2         0x10000000      0x100 /tmp/ccIbsf0A.o
                0x10000100                        __boot2_end__ = .
                0x00000001                        ASSERT (((__boot2_end__ - __boot2_start__) == 0x100), ERROR: Pico second stage bootloader must be 256 bytes in size)

.text           0x10000100     0x7610
                0x10000100                        __logical_binary_start = .
 *(.vectors)
 .vectors       0x10000100       0xd4 CMakeFiles/dht_example.dir/home/fen/pico-sdk/src/rp2_common/pico_crt0/crt0.S.obj
                0x10000100                __vectors
                0x10000100                __VECTOR_TABLE
                0x100001c0                isr_invalid
                0x100001c0                __default_isrs_start
                0x100001c2                isr_nmi
                0x100001c4                isr_hardfault
                0x100001c6                isr_svcall
                0x100001c8                isr_pendsv
                0x100001ca                isr_systick
                0x100001cc                isr_irq30
                0x100001cc                __unhandled_user_irq
                0x100001cc                isr_irq13
                0x100001cc                isr_irq27
                0x100001cc                isr_irq31
                0x100001cc                isr_irq5
                0x100001cc                isr_irq11
                0x100001cc                isr_irq23
                0x100001cc                isr_irq18
                0x100001cc                isr_irq28
                0x100001cc                isr_irq19
                0x100001cc                isr_irq0
                0x100001cc                isr_irq6
                0x100001cc                isr_irq22
                0x100001cc                isr_irq17
                0x100001cc                isr_irq14
                0x100001cc                isr_irq2
                0x100001cc                isr_irq10
                0x100001cc                isr_irq8
                0x100001cc                isr_irq24
                0x100001cc                isr_irq1
                0x100001cc                isr_irq7
                0x100001cc                isr_irq21
                0x100001cc                isr_irq20
                0x100001cc                isr_irq15
                0x100001cc                isr_irq25
                0x100001cc                isr_irq4
                0x100001cc                isr_irq16
                0x100001cc                isr_irq29
                0x100001cc                isr_irq26
                0x100001cc                __default_isrs_end
                0x100001cc                isr_irq3
                0x100001cc                isr_irq12
                0x100001cc                isr_irq9
                0x100001d2                unhandled_user_irq_num_in_r0
 *(.binary_info_header)
 .binary_info_header
                0x100001d4       0x14 CMakeFiles/dht_example.dir/home/fen/pico-sdk/src/rp2_common/pico_crt0/crt0.S.obj
                0x100001e8                        __binary_info_header_end = .
 *(.embedded_block)
                0x100001e8                        __embedded_block_end = .
 *(.reset)
 .reset         0x100001e8       0x9c CMakeFiles/dht_example.dir/home/fen/pico-sdk/src/rp2_common/pico_crt0/crt0.S.obj
                0x100001e8                _entry_point
 *(.init)
 .init          0x10000284        0x4 /usr/lib/gcc/arm-none-eabi/14.1.0/thumb/v6-m/nofp/crti.o
                0x10000284                _init
 *(EXCLUDE_FILE(*libm.a: *libc.a:*lib_a-mem*.o *libgcc.a:) .text*)
 .text.frame_dummy
                0x10000288       0x20 /usr/lib/gcc/arm-none-eabi/14.1.0/thumb/v6-m/nofp/crtbegin.o
 .text.startup.main
                0x100002a8       0xb0 CMakeFiles/dht_example.dir/dht_example.c.obj
                0x100002a8                main
 .text.dht_init
                0x10000358       0x68 CMakeFiles/dht_example.dir/dht/dht.c.obj
                0x10000358                dht_init
 .text.dht_start_measurement
                0x100003c0      0x1d8 CMakeFiles/dht_example.dir/dht/dht.c.obj
                0x100003c0                dht_start_measurement
 .text.dht_finish_measurement_blocking
                0x10000598      0x1ec CMakeFiles/dht_example.dir/dht/dht.c.obj
                0x10000598                dht_finish_measurement_blocking
 .text.clock_configure_int_divider
                0x10000784       0xf4 CMakeFiles/dht_example.dir/home/fen/pico-sdk/src/rp2_common/hardware_clocks/clocks.c.obj
                0x10000784                clock_configure_int_divider
 .text.clock_configure_undivided
                0x10000878       0xe8 CMakeFiles/dht_example.dir/home/fen/pico-sdk/src/rp2_common/hardware_clocks/clocks.c.obj
                0x10000878                clock_configure_undivided
 .text.clock_get_hz
                0x10000960        0xc CMakeFiles/dht_example.dir/home/fen/pico-sdk/src/rp2_common/hardware_clocks/clocks.c.obj
                0x10000960                clock_get_hz
 .text.rp2040_chip_version
                0x1000096c        0xc CMakeFiles/dht_example.dir/home/fen/pico-sdk/src/rp2040/pico_platform/platform.c.obj
                0x1000096c                rp2040_chip_version
 .text.panic    0x10000978       0x30 CMakeFiles/dht_example.dir/home/fen/pico-sdk/src/rp2_common/pico_platform_panic/panic.c.obj
                0x10000978                panic
 .text.hw_claim_lock
                0x100009a8       0x18 CMakeFiles/dht_example.dir/home/fen/pico-sdk/src/common/hardware_claim/claim.c.obj
                0x100009a8                hw_claim_lock
 .text.hw_claim_unlock
                0x100009c0       0x14 CMakeFiles/dht_example.dir/home/fen/pico-sdk/src/common/hardware_claim/claim.c.obj
                0x100009c0                hw_claim_unlock
 .text.hw_claim_or_assert
                0x100009d4       0x44 CMakeFiles/dht_example.dir/home/fen/pico-sdk/src/common/hardware_claim/claim.c.obj
                0x100009d4                hw_claim_or_assert
 .text.hw_claim_unused_from_range
                0x10000a18       0x88 CMakeFiles/dht_example.dir/home/fen/pico-sdk/src/common/hardware_claim/claim.c.obj
                0x10000a18                hw_claim_unused_from_range
 .text.next_striped_spin_lock_num
                0x10000aa0       0x18 CMakeFiles/dht_example.dir/home/fen/pico-sdk/src/rp2_common/hardware_sync/sync.c.obj
                0x10000aa0                next_striped_spin_lock_num
 .text.spin_lock_claim_unused
                0x10000ab8       0x24 CMakeFiles/dht_example.dir/home/fen/pico-sdk/src/rp2_common/hardware_sync/sync.c.obj
                0x10000ab8                spin_lock_claim_unused
 .text.spin_locks_reset
                0x10000adc       0x1c CMakeFiles/dht_example.dir/home/fen/pico-sdk/src/rp2_common/hardware_sync_spin_lock/sync_spin_lock.c.obj
                0x10000adc                spin_locks_reset
 .text.gpio_set_function
                0x10000af8       0x34 CMakeFiles/dht_example.dir/home/fen/pico-sdk/src/rp2_common/hardware_gpio/gpio.c.obj
                0x10000af8                gpio_set_function
 .text.gpio_set_pulls
                0x10000b2c       0x28 CMakeFiles/dht_example.dir/home/fen/pico-sdk/src/rp2_common/hardware_gpio/gpio.c.obj
                0x10000b2c                gpio_set_pulls
 .text.runtime_init_per_core_irq_priorities
                0x10000b54       0x24 CMakeFiles/dht_example.dir/home/fen/pico-sdk/src/rp2_common/hardware_irq/irq.c.obj
                0x10000b54                runtime_init_per_core_irq_priorities
 .text.irq_set_enabled
                0x10000b78       0x24 CMakeFiles/dht_example.dir/home/fen/pico-sdk/src/rp2_common/hardware_irq/irq.c.obj
                0x10000b78                irq_set_enabled
 .text.irq_is_enabled
                0x10000b9c       0x18 CMakeFiles/dht_example.dir/home/fen/pico-sdk/src/rp2_common/hardware_irq/irq.c.obj
                0x10000b9c                irq_is_enabled
 .text.irq_set_pending
                0x10000bb4       0x10 CMakeFiles/dht_example.dir/home/fen/pico-sdk/src/rp2_common/hardware_irq/irq.c.obj
                0x10000bb4                irq_set_pending
 .text.irq_has_shared_handler
                0x10000bc4       0x2c CMakeFiles/dht_example.dir/home/fen/pico-sdk/src/rp2_common/hardware_irq/irq.c.obj
                0x10000bc4                irq_has_shared_handler
 .text.irq_set_exclusive_handler
                0x10000bf0       0x54 CMakeFiles/dht_example.dir/home/fen/pico-sdk/src/rp2_common/hardware_irq/irq.c.obj
                0x10000bf0                irq_set_exclusive_handler
 .text.irq_add_shared_handler
                0x10000c44      0x1f4 CMakeFiles/dht_example.dir/home/fen/pico-sdk/src/rp2_common/hardware_irq/irq.c.obj
                0x10000c44                irq_add_shared_handler
 .text.irq_remove_handler
                0x10000e38      0x1d4 CMakeFiles/dht_example.dir/home/fen/pico-sdk/src/rp2_common/hardware_irq/irq.c.obj
                0x10000e38                irq_remove_handler
 .text.irq_add_tail_to_free_list
                0x1000100c       0xb4 CMakeFiles/dht_example.dir/home/fen/pico-sdk/src/rp2_common/hardware_irq/irq.c.obj
                0x1000100c                irq_add_tail_to_free_list
 .text.user_irq_claim_unused
                0x100010c0       0x2c CMakeFiles/dht_example.dir/home/fen/pico-sdk/src/rp2_common/hardware_irq/irq.c.obj
                0x100010c0                user_irq_claim_unused
 .text.lock_init
                0x100010ec       0x10 CMakeFiles/dht_example.dir/home/fen/pico-sdk/src/common/pico_sync/lock_core.c.obj
                0x100010ec                lock_init
 .text.runtime_init_mutex
                0x100010fc       0x50 CMakeFiles/dht_example.dir/home/fen/pico-sdk/src/common/pico_sync/mutex.c.obj
                0x100010fc                runtime_init_mutex
 .text.mutex_init
                0x1000114c       0x1c CMakeFiles/dht_example.dir/home/fen/pico-sdk/src/common/pico_sync/mutex.c.obj
                0x1000114c                mutex_init
 .text.critical_section_init
                0x10001168       0x1c CMakeFiles/dht_example.dir/home/fen/pico-sdk/src/common/pico_sync/critical_section.c.obj
                0x10001168                critical_section_init
 .text.critical_section_init_with_lock_num
                0x10001184       0x14 CMakeFiles/dht_example.dir/home/fen/pico-sdk/src/common/pico_sync/critical_section.c.obj
                0x10001184                critical_section_init_with_lock_num
 .text.sleep_until_callback
                0x10001198       0x30 CMakeFiles/dht_example.dir/home/fen/pico-sdk/src/common/pico_time/time.c.obj
 .text.alarm_pool_irq_handler
                0x100011c8      0x300 CMakeFiles/dht_example.dir/home/fen/pico-sdk/src/common/pico_time/time.c.obj
 .text.runtime_init_default_alarm_pool
                0x100014c8       0xdc CMakeFiles/dht_example.dir/home/fen/pico-sdk/src/common/pico_time/time.c.obj
                0x100014c8                runtime_init_default_alarm_pool
 .text.alarm_pool_get_default
                0x100015a4        0x8 CMakeFiles/dht_example.dir/home/fen/pico-sdk/src/common/pico_time/time.c.obj
                0x100015a4                alarm_pool_get_default
 .text.alarm_pool_add_alarm_at
                0x100015ac       0xd0 CMakeFiles/dht_example.dir/home/fen/pico-sdk/src/common/pico_time/time.c.obj
                0x100015ac                alarm_pool_add_alarm_at
 .text.alarm_pool_add_alarm_at_force_in_context
                0x1000167c       0xb0 CMakeFiles/dht_example.dir/home/fen/pico-sdk/src/common/pico_time/time.c.obj
                0x1000167c                alarm_pool_add_alarm_at_force_in_context
 .text.alarm_pool_cancel_alarm
                0x1000172c       0x74 CMakeFiles/dht_example.dir/home/fen/pico-sdk/src/common/pico_time/time.c.obj
                0x1000172c                alarm_pool_cancel_alarm
 .text.alarm_pool_core_num
                0x100017a0        0x4 CMakeFiles/dht_example.dir/home/fen/pico-sdk/src/common/pico_time/time.c.obj
                0x100017a0                alarm_pool_core_num
 .text.sleep_ms
                0x100017a4       0xfc CMakeFiles/dht_example.dir/home/fen/pico-sdk/src/common/pico_time/time.c.obj
                0x100017a4                sleep_ms
 .text.best_effort_wfe_or_timeout
                0x100018a0      0x134 CMakeFiles/dht_example.dir/home/fen/pico-sdk/src/common/pico_time/time.c.obj
                0x100018a0                best_effort_wfe_or_timeout
 .text.timer_hardware_alarm_claim
                0x100019d4       0x14 CMakeFiles/dht_example.dir/home/fen/pico-sdk/src/rp2_common/hardware_timer/timer.c.obj
                0x100019d4                timer_hardware_alarm_claim
 .text.timer_time_us_64
                0x100019e8       0x10 CMakeFiles/dht_example.dir/home/fen/pico-sdk/src/rp2_common/hardware_timer/timer.c.obj
                0x100019e8                timer_time_us_64
 .text.time_us_64
                0x100019f8       0x14 CMakeFiles/dht_example.dir/home/fen/pico-sdk/src/rp2_common/hardware_timer/timer.c.obj
                0x100019f8                time_us_64
 .text.busy_wait_us
                0x10001a0c       0x68 CMakeFiles/dht_example.dir/home/fen/pico-sdk/src/rp2_common/hardware_timer/timer.c.obj
                0x10001a0c                busy_wait_us
 .text.busy_wait_until
                0x10001a74       0x20 CMakeFiles/dht_example.dir/home/fen/pico-sdk/src/rp2_common/hardware_timer/timer.c.obj
                0x10001a74                busy_wait_until
 .text.pll_init
                0x10001a94       0xa4 CMakeFiles/dht_example.dir/home/fen/pico-sdk/src/rp2_common/hardware_pll/pll.c.obj
                0x10001a94                pll_init
 .text.watchdog_reboot
                0x10001b38       0x9c CMakeFiles/dht_example.dir/home/fen/pico-sdk/src/rp2_common/hardware_watchdog/watchdog.c.obj
                0x10001b38                watchdog_reboot
 .text.tick_start
                0x10001bd4       0x10 CMakeFiles/dht_example.dir/home/fen/pico-sdk/src/rp2_common/hardware_ticks/ticks.c.obj
                0x10001bd4                tick_start
 .text.xosc_init
                0x10001be4       0x28 CMakeFiles/dht_example.dir/home/fen/pico-sdk/src/rp2_common/hardware_xosc/xosc.c.obj
                0x10001be4                xosc_init
 .text.dma_claim_unused_channel
                0x10001c0c       0x24 CMakeFiles/dht_example.dir/home/fen/pico-sdk/src/rp2_common/hardware_dma/dma.c.obj
                0x10001c0c                dma_claim_unused_channel
 .text.pio_claim_unused_sm
                0x10001c30       0x38 CMakeFiles/dht_example.dir/home/fen/pico-sdk/src/rp2_common/hardware_pio/pio.c.obj
                0x10001c30                pio_claim_unused_sm
 .text.pio_add_program
                0x10001c68       0xf8 CMakeFiles/dht_example.dir/home/fen/pico-sdk/src/rp2_common/hardware_pio/pio.c.obj
                0x10001c68                pio_add_program
 .text.pio_sm_init
                0x10001d60       0x98 CMakeFiles/dht_example.dir/home/fen/pico-sdk/src/rp2_common/hardware_pio/pio.c.obj
                0x10001d60                pio_sm_init
 .text.uart_init
                0x10001df8      0x120 CMakeFiles/dht_example.dir/home/fen/pico-sdk/src/rp2_common/hardware_uart/uart.c.obj
                0x10001df8                uart_init
 .text.first_per_core_initializer
                0x10001f18        0x4 CMakeFiles/dht_example.dir/home/fen/pico-sdk/src/rp2_common/pico_runtime/runtime.c.obj
 .text.hard_assertion_failure
                0x10001f1c        0xc CMakeFiles/dht_example.dir/home/fen/pico-sdk/src/rp2_common/pico_runtime/runtime.c.obj
                0x10001f1c                hard_assertion_failure
 .text.runtime_run_initializers
                0x10001f28       0x28 CMakeFiles/dht_example.dir/home/fen/pico-sdk/src/rp2_common/pico_runtime/runtime.c.obj
                0x10001f28                runtime_run_initializers
 .text.runtime_init_early_resets
                0x10001f50       0x2c CMakeFiles/dht_example.dir/home/fen/pico-sdk/src/rp2_common/pico_runtime_init/runtime_init.c.obj
                0x10001f50                runtime_init_early_resets
 .text.runtime_init_usb_power_down
                0x10001f7c       0x1c CMakeFiles/dht_example.dir/home/fen/pico-sdk/src/rp2_common/pico_runtime_init/runtime_init.c.obj
                0x10001f7c                runtime_init_usb_power_down
 .text.runtime_init_post_clock_resets
                0x10001f98       0x20 CMakeFiles/dht_example.dir/home/fen/pico-sdk/src/rp2_common/pico_runtime_init/runtime_init.c.obj
                0x10001f98                runtime_init_post_clock_resets
 .text.runtime_init_rp2040_gpio_ie_disable
                0x10001fb8       0x14 CMakeFiles/dht_example.dir/home/fen/pico-sdk/src/rp2_common/pico_runtime_init/runtime_init.c.obj
                0x10001fb8                runtime_init_rp2040_gpio_ie_disable
 .text.runtime_init_spin_locks_reset
                0x10001fcc        0x8 CMakeFiles/dht_example.dir/home/fen/pico-sdk/src/rp2_common/pico_runtime_init/runtime_init.c.obj
                0x10001fcc                runtime_init_spin_locks_reset
 .text.runtime_init_install_ram_vector_table
                0x10001fd4       0x1c CMakeFiles/dht_example.dir/home/fen/pico-sdk/src/rp2_common/pico_runtime_init/runtime_init.c.obj
                0x10001fd4                runtime_init_install_ram_vector_table
 .text.runtime_init_clocks
                0x10001ff0       0xd8 CMakeFiles/dht_example.dir/home/fen/pico-sdk/src/rp2_common/pico_runtime_init/runtime_init_clocks.c.obj
                0x10001ff0                runtime_init_clocks
 .text          0x100020c8       0x10 CMakeFiles/dht_example.dir/home/fen/pico-sdk/src/rp2_common/pico_bit_ops/bit_ops_aeabi.S.obj
 .text.rom_func_lookup
                0x100020d8       0x10 CMakeFiles/dht_example.dir/home/fen/pico-sdk/src/rp2_common/pico_bootrom/bootrom.c.obj
                0x100020d8                rom_func_lookup
 .text.rom_data_lookup
                0x100020e8       0x10 CMakeFiles/dht_example.dir/home/fen/pico-sdk/src/rp2_common/pico_bootrom/bootrom.c.obj
                0x100020e8                rom_data_lookup
 .text.rom_funcs_lookup
                0x100020f8       0x44 CMakeFiles/dht_example.dir/home/fen/pico-sdk/src/rp2_common/pico_bootrom/bootrom.c.obj
                0x100020f8                rom_funcs_lookup
 .text.rom_reset_usb_boot
                0x1000213c       0x1c CMakeFiles/dht_example.dir/home/fen/pico-sdk/src/rp2_common/pico_bootrom/bootrom.c.obj
                0x1000213c                rom_reset_usb_boot
 .text.__wrap___aeabi_idiv
                0x10002158       0x50 CMakeFiles/dht_example.dir/home/fen/pico-sdk/src/rp2_common/pico_divider/divider_hardware.S.obj
                0x10002158                __wrap___aeabi_idivmod
                0x10002158                divmod_s32s32
                0x10002158                div_s32s32
                0x10002158                __wrap___aeabi_idiv
                0x10002160                divmod_s32s32_unsafe
                0x1000218c                divmod_s32s32_savestate
 .text.__wrap___aeabi_uidiv
                0x100021a8       0x4c CMakeFiles/dht_example.dir/home/fen/pico-sdk/src/rp2_common/pico_divider/divider_hardware.S.obj
                0x100021a8                __wrap___aeabi_uidiv
                0x100021a8                __wrap___aeabi_uidivmod
                0x100021a8                div_u32u32
                0x100021a8                divmod_u32u32
                0x100021b0                divmod_u32u32_unsafe
                0x100021d8                divmod_u32u32_savestate
 .text.__wrap___aeabi_ldiv
                0x100021f4      0x424 CMakeFiles/dht_example.dir/home/fen/pico-sdk/src/rp2_common/pico_divider/divider_hardware.S.obj
                0x100021f4                div_s64s64
                0x100021f4                divmod_s64s64
                0x100021f4                __wrap___aeabi_ldivmod
                0x10002224                div_u64u64
                0x10002224                divmod_u64u64
                0x10002224                __wrap___aeabi_uldivmod
                0x10002234                divmod_u64u64_savestate
                0x10002254                divmod_s64s64_unsafe
                0x100022dc                divmod_u64u64_unsafe
 .text.__wrap___aeabi_darithmetic
                0x10002618       0x80 CMakeFiles/dht_example.dir/home/fen/pico-sdk/src/rp2_common/pico_double/double_aeabi_rp2040.S.obj
                0x10002618                __wrap___aeabi_drsub
                0x1000261e                __wrap___aeabi_dsub
                0x10002630                __wrap___aeabi_dadd
                0x10002642                __wrap___aeabi_ddiv
                0x1000267e                __wrap___aeabi_dmul
 .text.__wrap___aeabi_cdcmple
                0x10002698       0x6c CMakeFiles/dht_example.dir/home/fen/pico-sdk/src/rp2_common/pico_double/double_aeabi_rp2040.S.obj
                0x10002698                __wrap___aeabi_cdrcmple
                0x100026a8                __wrap___aeabi_cdcmple
                0x100026a8                __wrap___aeabi_cdcmpeq
 .text.__wrap___aeabi_dcmplt
                0x10002704        0xc CMakeFiles/dht_example.dir/home/fen/pico-sdk/src/rp2_common/pico_double/double_aeabi_rp2040.S.obj
                0x10002704                __wrap___aeabi_dcmplt
 .text.__wrap___aeabi_dcmple
                0x10002710       0x10 CMakeFiles/dht_example.dir/home/fen/pico-sdk/src/rp2_common/pico_double/double_aeabi_rp2040.S.obj
                0x10002710                __wrap___aeabi_dcmple
 .text.__wrap___aeabi_dcmpge
                0x10002720       0x10 CMakeFiles/dht_example.dir/home/fen/pico-sdk/src/rp2_common/pico_double/double_aeabi_rp2040.S.obj
                0x10002720                __wrap___aeabi_dcmpge
 .text.__wrap___aeabi_dcmpgt
                0x10002730        0xa CMakeFiles/dht_example.dir/home/fen/pico-sdk/src/rp2_common/pico_double/double_aeabi_rp2040.S.obj
                0x10002730                __wrap___aeabi_dcmpgt
 .text.__wrap___aeabi_dcmpun
                0x1000273a       0x18 CMakeFiles/dht_example.dir/home/fen/pico-sdk/src/rp2_common/pico_double/double_aeabi_rp2040.S.obj
                0x1000273a                __wrap___aeabi_dcmpun
 *fill*         0x10002752        0x2 
 .text.__wrap___aeabi_i2d
                0x10002754       0x38 CMakeFiles/dht_example.dir/home/fen/pico-sdk/src/rp2_common/pico_double/double_aeabi_rp2040.S.obj
                0x10002754                __wrap___aeabi_ui2d
                0x1000275c                __wrap___aeabi_i2d
 .text.__wrap___aeabi_d2iz
                0x1000278c       0x48 CMakeFiles/dht_example.dir/home/fen/pico-sdk/src/rp2_common/pico_double/double_aeabi_rp2040.S.obj
                0x1000278c                __wrap___aeabi_d2iz
                0x1000278c                double2int_z
 .text.__wrap___aeabi_d2uiz
                0x100027d4       0x18 CMakeFiles/dht_example.dir/home/fen/pico-sdk/src/rp2_common/pico_double/double_aeabi_rp2040.S.obj
                0x100027d4                double2uint
                0x100027d4                __wrap___aeabi_d2uiz
 .text.__aeabi_double_init
                0x100027ec       0xa4 CMakeFiles/dht_example.dir/home/fen/pico-sdk/src/rp2_common/pico_double/double_init_rom_rp2040.c.obj
                0x100027ec                __aeabi_double_init
 .text.double_table_shim_on_use_helper
                0x10002890       0x2c CMakeFiles/dht_example.dir/home/fen/pico-sdk/src/rp2_common/pico_double/double_v1_rom_shim_rp2040.S.obj
                0x10002890                double_table_shim_on_use_helper
 .text.__wrap___aeabi_dsub
                0x100028bc       0x10 CMakeFiles/dht_example.dir/home/fen/pico-sdk/src/rp2_common/pico_double/double_v1_rom_shim_rp2040.S.obj
                0x100028bc                drsub_shim
                0x100028c2                dsub_shim
 .text.dadd_shim
                0x100028cc      0x15c CMakeFiles/dht_example.dir/home/fen/pico-sdk/src/rp2_common/pico_double/double_v1_rom_shim_rp2040.S.obj
                0x100028cc                dadd_shim
 .text.dmul_shim
                0x10002a28      0x15c CMakeFiles/dht_example.dir/home/fen/pico-sdk/src/rp2_common/pico_double/double_v1_rom_shim_rp2040.S.obj
                0x10002a28                dmul_shim
 .text.ddiv_shim
                0x10002b84      0x1b0 CMakeFiles/dht_example.dir/home/fen/pico-sdk/src/rp2_common/pico_double/double_v1_rom_shim_rp2040.S.obj
                0x10002b84                ddiv_shim
 .text.double2uint_shim
                0x10002d34        0xe CMakeFiles/dht_example.dir/home/fen/pico-sdk/src/rp2_common/pico_double/double_v1_rom_shim_rp2040.S.obj
                0x10002d34                double2uint_shim
                0x10002d36                double2ufix_shim
 *fill*         0x10002d42        0x2 
 .text.double2uint64_shim
                0x10002d44       0x70 CMakeFiles/dht_example.dir/home/fen/pico-sdk/src/rp2_common/pico_double/double_v1_rom_shim_rp2040.S.obj
                0x10002d44                double2uint64_shim
                0x10002d46                double2ufix64_shim
                0x10002d66                d2fix_a
 .text.dunpacks
                0x10002db4       0x3c CMakeFiles/dht_example.dir/home/fen/pico-sdk/src/rp2_common/pico_double/double_v1_rom_shim_rp2040.S.obj
                0x10002db4                dunpacks
 .text.__aeabi_lmul
                0x10002df0       0x32 CMakeFiles/dht_example.dir/home/fen/pico-sdk/src/rp2_common/pico_int64_ops/pico_int64_ops_aeabi.S.obj
                0x10002df0                __wrap___aeabi_lmul
 *fill*         0x10002e22        0x2 
 .text.__wrap___aeabi_farithmetic
                0x10002e24       0x48 CMakeFiles/dht_example.dir/home/fen/pico-sdk/src/rp2_common/pico_float/float_aeabi_rp2040.S.obj
                0x10002e24                __wrap___aeabi_frsub
                0x10002e2a                __wrap___aeabi_fsub
                0x10002e30                __wrap___aeabi_fadd
                0x10002e36                __wrap___aeabi_fdiv
                0x10002e5e                __wrap___aeabi_fmul
 .text.__wrap___aeabi_ui2f
                0x10002e6c        0xa CMakeFiles/dht_example.dir/home/fen/pico-sdk/src/rp2_common/pico_float/float_aeabi_rp2040.S.obj
                0x10002e6c                uint2float
                0x10002e6c                __wrap___aeabi_ui2f
 *fill*         0x10002e76        0x2 
 .text.__wrap___aeabi_i2f
                0x10002e78       0x44 CMakeFiles/dht_example.dir/home/fen/pico-sdk/src/rp2_common/pico_float/float_aeabi_rp2040.S.obj
                0x10002e78                int2float
                0x10002e78                __wrap___aeabi_i2f
 .text.__wrap___aeabi_f2uiz
                0x10002ebc        0xc CMakeFiles/dht_example.dir/home/fen/pico-sdk/src/rp2_common/pico_float/float_aeabi_rp2040.S.obj
                0x10002ebc                float2uint_z
                0x10002ebc                __wrap___aeabi_f2uiz
 .text.__wrap___aeabi_f2d
                0x10002ec8       0x14 CMakeFiles/dht_example.dir/home/fen/pico-sdk/src/rp2_common/pico_float/float_aeabi_rp2040.S.obj
                0x10002ec8                __wrap___aeabi_f2d
 .text.__aeabi_float_init
                0x10002edc       0x64 CMakeFiles/dht_example.dir/home/fen/pico-sdk/src/rp2_common/pico_float/float_init_rom_rp2040.c.obj
                0x10002edc                __aeabi_float_init
 .text.float_table_shim_on_use_helper
                0x10002f40       0x2c CMakeFiles/dht_example.dir/home/fen/pico-sdk/src/rp2_common/pico_float/float_v1_rom_shim_rp2040.S.obj
                0x10002f40                float_table_shim_on_use_helper
 .text.float2double_shim
                0x10002f6c       0x30 CMakeFiles/dht_example.dir/home/fen/pico-sdk/src/rp2_common/pico_float/float_v1_rom_shim_rp2040.S.obj
                0x10002f6c                float2double_shim
 .text          0x10002f9c       0x10 CMakeFiles/dht_example.dir/home/fen/pico-sdk/src/rp2_common/pico_mem_ops/mem_ops_aeabi.S.obj
                0x10002f9c                __aeabi_mem_init
 .text.memset   0x10002fac        0xc CMakeFiles/dht_example.dir/home/fen/pico-sdk/src/rp2_common/pico_mem_ops/mem_ops_aeabi.S.obj
                0x10002fac                __wrap_memset
 .text.memcpy   0x10002fb8        0xc CMakeFiles/dht_example.dir/home/fen/pico-sdk/src/rp2_common/pico_mem_ops/mem_ops_aeabi.S.obj
                0x10002fb8                __wrap___aeabi_memcpy
                0x10002fb8                __wrap_memcpy
 .text._out_null
                0x10002fc4        0x4 CMakeFiles/dht_example.dir/home/fen/pico-sdk/src/rp2_common/pico_printf/printf.c.obj
 .text._out_rev
                0x10002fc8       0xac CMakeFiles/dht_example.dir/home/fen/pico-sdk/src/rp2_common/pico_printf/printf.c.obj
 .text._ntoa_format
                0x10003074      0x1cc CMakeFiles/dht_example.dir/home/fen/pico-sdk/src/rp2_common/pico_printf/printf.c.obj
 .text._out_char
                0x10003240       0x10 CMakeFiles/dht_example.dir/home/fen/pico-sdk/src/rp2_common/pico_printf/printf.c.obj
 .text._out_fct
                0x10003250       0x10 CMakeFiles/dht_example.dir/home/fen/pico-sdk/src/rp2_common/pico_printf/printf.c.obj
 .text._ftoa    0x10003260      0x4a8 CMakeFiles/dht_example.dir/home/fen/pico-sdk/src/rp2_common/pico_printf/printf.c.obj
 .text._etoa    0x10003708      0x57c CMakeFiles/dht_example.dir/home/fen/pico-sdk/src/rp2_common/pico_printf/printf.c.obj
 .text._vsnprintf
                0x10003c84      0xbe0 CMakeFiles/dht_example.dir/home/fen/pico-sdk/src/rp2_common/pico_printf/printf.c.obj
 .text.vfctprintf
                0x10004864       0x24 CMakeFiles/dht_example.dir/home/fen/pico-sdk/src/rp2_common/pico_printf/printf.c.obj
                0x10004864                vfctprintf
 .text.weak_raw_vprintf
                0x10004888       0x30 CMakeFiles/dht_example.dir/home/fen/pico-sdk/src/rp2_common/pico_printf/printf.c.obj
                0x10004888                weak_raw_vprintf
 .text._exit    0x100048b8        0x4 CMakeFiles/dht_example.dir/home/fen/pico-sdk/src/rp2_common/pico_clib_interface/newlib_interface.c.obj
                0x100048b8                _exit
 .text.exit     0x100048bc        0x8 CMakeFiles/dht_example.dir/home/fen/pico-sdk/src/rp2_common/pico_clib_interface/newlib_interface.c.obj
                0x100048bc                exit
 .text.runtime_init
                0x100048c4       0x2c CMakeFiles/dht_example.dir/home/fen/pico-sdk/src/rp2_common/pico_clib_interface/newlib_interface.c.obj
                0x100048c4                runtime_init
 .text.stdio_out_chars_no_crlf
                0x100048f0       0x10 CMakeFiles/dht_example.dir/home/fen/pico-sdk/src/rp2_common/pico_stdio/stdio.c.obj
 .text.stdio_out_chars_crlf
                0x10004900       0xb0 CMakeFiles/dht_example.dir/home/fen/pico-sdk/src/rp2_common/pico_stdio/stdio.c.obj
 .text.stdio_buffered_printer
                0x100049b0       0x64 CMakeFiles/dht_example.dir/home/fen/pico-sdk/src/rp2_common/pico_stdio/stdio.c.obj
 .text.stdio_put_string
                0x10004a14       0xfc CMakeFiles/dht_example.dir/home/fen/pico-sdk/src/rp2_common/pico_stdio/stdio.c.obj
                0x10004a14                stdio_put_string
 .text.stdio_set_driver_enabled
                0x10004b10       0x30 CMakeFiles/dht_example.dir/home/fen/pico-sdk/src/rp2_common/pico_stdio/stdio.c.obj
                0x10004b10                stdio_set_driver_enabled
 .text.stdio_init_all
                0x10004b40       0x10 CMakeFiles/dht_example.dir/home/fen/pico-sdk/src/rp2_common/pico_stdio/stdio.c.obj
                0x10004b40                stdio_init_all
 .text.__wrap_putchar
                0x10004b50       0x94 CMakeFiles/dht_example.dir/home/fen/pico-sdk/src/rp2_common/pico_stdio/stdio.c.obj
                0x10004b50                stdio_putchar
                0x10004b50                __wrap_putchar
 .text.__wrap_puts
                0x10004be4       0x3c CMakeFiles/dht_example.dir/home/fen/pico-sdk/src/rp2_common/pico_stdio/stdio.c.obj
                0x10004be4                __wrap_puts
                0x10004be4                stdio_puts
 .text.__wrap_vprintf
                0x10004c20       0xcc CMakeFiles/dht_example.dir/home/fen/pico-sdk/src/rp2_common/pico_stdio/stdio.c.obj
                0x10004c20                __wrap_vprintf
                0x10004c20                stdio_vprintf
 .text.__wrap_printf
                0x10004cec       0x18 CMakeFiles/dht_example.dir/home/fen/pico-sdk/src/rp2_common/pico_stdio/stdio.c.obj
                0x10004cec                stdio_printf
                0x10004cec                __wrap_printf
 .text.stdio_uart_out_chars
                0x10004d04       0x4c CMakeFiles/dht_example.dir/home/fen/pico-sdk/src/rp2_common/pico_stdio_uart/stdio_uart.c.obj
 .text.stdio_uart_in_chars
                0x10004d50       0x90 CMakeFiles/dht_example.dir/home/fen/pico-sdk/src/rp2_common/pico_stdio_uart/stdio_uart.c.obj
                0x10004d50                stdio_uart_in_chars
 .text.on_uart_rx
                0x10004de0       0x28 CMakeFiles/dht_example.dir/home/fen/pico-sdk/src/rp2_common/pico_stdio_uart/stdio_uart.c.obj
 .text.stdio_uart_out_flush
                0x10004e08       0x10 CMakeFiles/dht_example.dir/home/fen/pico-sdk/src/rp2_common/pico_stdio_uart/stdio_uart.c.obj
 .text.stdio_uart_set_chars_available_callback
                0x10004e18       0x8c CMakeFiles/dht_example.dir/home/fen/pico-sdk/src/rp2_common/pico_stdio_uart/stdio_uart.c.obj
 .text.stdio_uart_init
                0x10004ea4       0x50 CMakeFiles/dht_example.dir/home/fen/pico-sdk/src/rp2_common/pico_stdio_uart/stdio_uart.c.obj
                0x10004ea4                stdio_uart_init
 .text.resetd_init
                0x10004ef4        0x4 CMakeFiles/dht_example.dir/home/fen/pico-sdk/src/rp2_common/pico_stdio_usb/reset_interface.c.obj
 .text.resetd_reset
                0x10004ef8        0xc CMakeFiles/dht_example.dir/home/fen/pico-sdk/src/rp2_common/pico_stdio_usb/reset_interface.c.obj
 .text.resetd_open
                0x10004f04       0x28 CMakeFiles/dht_example.dir/home/fen/pico-sdk/src/rp2_common/pico_stdio_usb/reset_interface.c.obj
 .text.resetd_xfer_cb
                0x10004f2c        0x4 CMakeFiles/dht_example.dir/home/fen/pico-sdk/src/rp2_common/pico_stdio_usb/reset_interface.c.obj
 .text.resetd_control_xfer_cb
                0x10004f30       0x50 CMakeFiles/dht_example.dir/home/fen/pico-sdk/src/rp2_common/pico_stdio_usb/reset_interface.c.obj
 .text.tud_descriptor_bos_cb
                0x10004f80        0x8 CMakeFiles/dht_example.dir/home/fen/pico-sdk/src/rp2_common/pico_stdio_usb/reset_interface.c.obj
                0x10004f80                tud_descriptor_bos_cb
 .text.tud_vendor_control_xfer_cb
                0x10004f88       0x34 CMakeFiles/dht_example.dir/home/fen/pico-sdk/src/rp2_common/pico_stdio_usb/reset_interface.c.obj
                0x10004f88                tud_vendor_control_xfer_cb
 .text.usbd_app_driver_get_cb
                0x10004fbc        0xc CMakeFiles/dht_example.dir/home/fen/pico-sdk/src/rp2_common/pico_stdio_usb/reset_interface.c.obj
                0x10004fbc                usbd_app_driver_get_cb
 .text.tud_cdc_line_coding_cb
                0x10004fc8       0x28 CMakeFiles/dht_example.dir/home/fen/pico-sdk/src/rp2_common/pico_stdio_usb/reset_interface.c.obj
                0x10004fc8                tud_cdc_line_coding_cb
 .text.stdio_usb_set_chars_available_callback
                0x10004ff0       0x14 CMakeFiles/dht_example.dir/home/fen/pico-sdk/src/rp2_common/pico_stdio_usb/stdio_usb.c.obj
                0x10004ff0                stdio_usb_set_chars_available_callback
 .text.usb_irq  0x10005004       0x10 CMakeFiles/dht_example.dir/home/fen/pico-sdk/src/rp2_common/pico_stdio_usb/stdio_usb.c.obj
 .text.timer_task
                0x10005014       0x64 CMakeFiles/dht_example.dir/home/fen/pico-sdk/src/rp2_common/pico_stdio_usb/stdio_usb.c.obj
 .text.stdio_usb_in_chars
                0x10005078       0x8c CMakeFiles/dht_example.dir/home/fen/pico-sdk/src/rp2_common/pico_stdio_usb/stdio_usb.c.obj
                0x10005078                stdio_usb_in_chars
 .text.stdio_usb_out_flush
                0x10005104       0x4c CMakeFiles/dht_example.dir/home/fen/pico-sdk/src/rp2_common/pico_stdio_usb/stdio_usb.c.obj
 .text.stdio_usb_out_chars
                0x10005150      0x100 CMakeFiles/dht_example.dir/home/fen/pico-sdk/src/rp2_common/pico_stdio_usb/stdio_usb.c.obj
 .text.low_priority_worker_irq
                0x10005250       0xc8 CMakeFiles/dht_example.dir/home/fen/pico-sdk/src/rp2_common/pico_stdio_usb/stdio_usb.c.obj
 .text.stdio_usb_init
                0x10005318       0xe4 CMakeFiles/dht_example.dir/home/fen/pico-sdk/src/rp2_common/pico_stdio_usb/stdio_usb.c.obj
                0x10005318                stdio_usb_init
 .text.tud_descriptor_device_cb
                0x100053fc        0x8 CMakeFiles/dht_example.dir/home/fen/pico-sdk/src/rp2_common/pico_stdio_usb/stdio_usb_descriptors.c.obj
                0x100053fc                tud_descriptor_device_cb
 .text.tud_descriptor_configuration_cb
                0x10005404        0x8 CMakeFiles/dht_example.dir/home/fen/pico-sdk/src/rp2_common/pico_stdio_usb/stdio_usb_descriptors.c.obj
                0x10005404                tud_descriptor_configuration_cb
 .text.tud_descriptor_string_cb
                0x1000540c       0x78 CMakeFiles/dht_example.dir/home/fen/pico-sdk/src/rp2_common/pico_stdio_usb/stdio_usb_descriptors.c.obj
                0x1000540c                tud_descriptor_string_cb
 .text.startup._retrieve_unique_id_on_boot
                0x10005484       0x10 CMakeFiles/dht_example.dir/home/fen/pico-sdk/src/rp2_common/pico_unique_id/unique_id.c.obj
 .text.pico_get_unique_board_id_string
                0x10005494      0x1a8 CMakeFiles/dht_example.dir/home/fen/pico-sdk/src/rp2_common/pico_unique_id/unique_id.c.obj
                0x10005494                pico_get_unique_board_id_string
 .text.flash_get_unique_id
                0x1000563c       0x3c CMakeFiles/dht_example.dir/home/fen/pico-sdk/src/rp2_common/hardware_flash/flash.c.obj
                0x1000563c                flash_get_unique_id
 .text.dcd_init
                0x10005678       0x8c CMakeFiles/dht_example.dir/home/fen/pico-sdk/lib/tinyusb/src/portable/raspberrypi/rp2040/dcd_rp2040.c.obj
                0x10005678                dcd_init
 .text.dcd_int_enable
                0x10005704        0xc CMakeFiles/dht_example.dir/home/fen/pico-sdk/lib/tinyusb/src/portable/raspberrypi/rp2040/dcd_rp2040.c.obj
                0x10005704                dcd_int_enable
 .text.dcd_set_address
                0x10005710       0x14 CMakeFiles/dht_example.dir/home/fen/pico-sdk/lib/tinyusb/src/portable/raspberrypi/rp2040/dcd_rp2040.c.obj
                0x10005710                dcd_set_address
 .text.dcd_sof_enable
                0x10005724       0x1c CMakeFiles/dht_example.dir/home/fen/pico-sdk/lib/tinyusb/src/portable/raspberrypi/rp2040/dcd_rp2040.c.obj
                0x10005724                dcd_sof_enable
 .text.dcd_edpt0_status_complete
                0x10005740       0x1c CMakeFiles/dht_example.dir/home/fen/pico-sdk/lib/tinyusb/src/portable/raspberrypi/rp2040/dcd_rp2040.c.obj
                0x10005740                dcd_edpt0_status_complete
 .text.dcd_edpt_open
                0x1000575c      0x108 CMakeFiles/dht_example.dir/home/fen/pico-sdk/lib/tinyusb/src/portable/raspberrypi/rp2040/dcd_rp2040.c.obj
                0x1000575c                dcd_edpt_open
 .text.dcd_edpt_close_all
                0x10005864        0x8 CMakeFiles/dht_example.dir/home/fen/pico-sdk/lib/tinyusb/src/portable/raspberrypi/rp2040/dcd_rp2040.c.obj
                0x10005864                dcd_edpt_close_all
 .text.dcd_edpt_xfer
                0x1000586c       0x24 CMakeFiles/dht_example.dir/home/fen/pico-sdk/lib/tinyusb/src/portable/raspberrypi/rp2040/dcd_rp2040.c.obj
                0x1000586c                dcd_edpt_xfer
 .text.dcd_edpt_stall
                0x10005890       0x3c CMakeFiles/dht_example.dir/home/fen/pico-sdk/lib/tinyusb/src/portable/raspberrypi/rp2040/dcd_rp2040.c.obj
                0x10005890                dcd_edpt_stall
 .text.dcd_edpt_clear_stall
                0x100058cc       0x30 CMakeFiles/dht_example.dir/home/fen/pico-sdk/lib/tinyusb/src/portable/raspberrypi/rp2040/dcd_rp2040.c.obj
                0x100058cc                dcd_edpt_clear_stall
 .text.rp2040_usb_init
                0x100058fc       0x40 CMakeFiles/dht_example.dir/home/fen/pico-sdk/lib/tinyusb/src/portable/raspberrypi/rp2040/rp2040_usb.c.obj
                0x100058fc                rp2040_usb_init
 .text.hw_endpoint_xfer_start
                0x1000593c       0x40 CMakeFiles/dht_example.dir/home/fen/pico-sdk/lib/tinyusb/src/portable/raspberrypi/rp2040/rp2040_usb.c.obj
                0x1000593c                hw_endpoint_xfer_start
 .text.tud_event_hook_cb
                0x1000597c        0x4 CMakeFiles/dht_example.dir/home/fen/pico-sdk/lib/tinyusb/src/device/usbd.c.obj
                0x1000597c                tud_event_hook_cb
 .text.tud_sof_cb
                0x10005980        0x4 CMakeFiles/dht_example.dir/home/fen/pico-sdk/lib/tinyusb/src/device/usbd.c.obj
                0x10005980                tud_sof_cb
 .text.tud_descriptor_device_qualifier_cb
                0x10005984        0x4 CMakeFiles/dht_example.dir/home/fen/pico-sdk/lib/tinyusb/src/device/usbd.c.obj
                0x10005984                tud_descriptor_device_qualifier_cb
 .text.tud_descriptor_other_speed_configuration_cb
                0x10005988        0x4 CMakeFiles/dht_example.dir/home/fen/pico-sdk/lib/tinyusb/src/device/usbd.c.obj
                0x10005988                tud_descriptor_other_speed_configuration_cb
 .text.tud_mount_cb
                0x1000598c        0x4 CMakeFiles/dht_example.dir/home/fen/pico-sdk/lib/tinyusb/src/device/usbd.c.obj
                0x1000598c                tud_mount_cb
 .text.tud_umount_cb
                0x10005990        0x4 CMakeFiles/dht_example.dir/home/fen/pico-sdk/lib/tinyusb/src/device/usbd.c.obj
                0x10005990                tud_umount_cb
 .text.tud_suspend_cb
                0x10005994        0x4 CMakeFiles/dht_example.dir/home/fen/pico-sdk/lib/tinyusb/src/device/usbd.c.obj
                0x10005994                tud_suspend_cb
 .text.tud_resume_cb
                0x10005998        0x4 CMakeFiles/dht_example.dir/home/fen/pico-sdk/lib/tinyusb/src/device/usbd.c.obj
                0x10005998                tud_resume_cb
 .text.tud_mounted
                0x1000599c       0x10 CMakeFiles/dht_example.dir/home/fen/pico-sdk/lib/tinyusb/src/device/usbd.c.obj
                0x1000599c                tud_mounted
 .text.tud_suspended
                0x100059ac       0x10 CMakeFiles/dht_example.dir/home/fen/pico-sdk/lib/tinyusb/src/device/usbd.c.obj
                0x100059ac                tud_suspended
 .text.tud_init
                0x100059bc       0xe0 CMakeFiles/dht_example.dir/home/fen/pico-sdk/lib/tinyusb/src/device/usbd.c.obj
                0x100059bc                tud_init
 .text.tud_task_ext
                0x10005a9c      0x800 CMakeFiles/dht_example.dir/home/fen/pico-sdk/lib/tinyusb/src/device/usbd.c.obj
                0x10005a9c                tud_task_ext
 .text.usbd_open_edpt_pair
                0x1000629c       0x9c CMakeFiles/dht_example.dir/home/fen/pico-sdk/lib/tinyusb/src/device/usbd.c.obj
                0x1000629c                usbd_open_edpt_pair
 .text.usbd_edpt_open
                0x10006338       0x34 CMakeFiles/dht_example.dir/home/fen/pico-sdk/lib/tinyusb/src/device/usbd.c.obj
                0x10006338                usbd_edpt_open
 .text.usbd_edpt_claim
                0x1000636c       0x28 CMakeFiles/dht_example.dir/home/fen/pico-sdk/lib/tinyusb/src/device/usbd.c.obj
                0x1000636c                usbd_edpt_claim
 .text.usbd_edpt_release
                0x10006394       0x28 CMakeFiles/dht_example.dir/home/fen/pico-sdk/lib/tinyusb/src/device/usbd.c.obj
                0x10006394                usbd_edpt_release
 .text.usbd_edpt_xfer
                0x100063bc       0x4c CMakeFiles/dht_example.dir/home/fen/pico-sdk/lib/tinyusb/src/device/usbd.c.obj
                0x100063bc                usbd_edpt_xfer
 .text.tud_control_status
                0x10006408       0x2c CMakeFiles/dht_example.dir/home/fen/pico-sdk/lib/tinyusb/src/device/usbd_control.c.obj
                0x10006408                tud_control_status
 .text.tud_control_xfer
                0x10006434       0xa8 CMakeFiles/dht_example.dir/home/fen/pico-sdk/lib/tinyusb/src/device/usbd_control.c.obj
                0x10006434                tud_control_xfer
 .text.usbd_control_reset
                0x100064dc       0x14 CMakeFiles/dht_example.dir/home/fen/pico-sdk/lib/tinyusb/src/device/usbd_control.c.obj
                0x100064dc                usbd_control_reset
 .text.usbd_control_set_complete_callback
                0x100064f0        0xc CMakeFiles/dht_example.dir/home/fen/pico-sdk/lib/tinyusb/src/device/usbd_control.c.obj
                0x100064f0                usbd_control_set_complete_callback
 .text.usbd_control_set_request
                0x100064fc       0x1c CMakeFiles/dht_example.dir/home/fen/pico-sdk/lib/tinyusb/src/device/usbd_control.c.obj
                0x100064fc                usbd_control_set_request
 .text.usbd_control_xfer_cb
                0x10006518       0xec CMakeFiles/dht_example.dir/home/fen/pico-sdk/lib/tinyusb/src/device/usbd_control.c.obj
                0x10006518                usbd_control_xfer_cb
 .text._prep_out_transaction.isra.0
                0x10006604       0x5c CMakeFiles/dht_example.dir/home/fen/pico-sdk/lib/tinyusb/src/class/cdc/cdc_device.c.obj
 .text.tud_cdc_n_connected
                0x10006660       0x30 CMakeFiles/dht_example.dir/home/fen/pico-sdk/lib/tinyusb/src/class/cdc/cdc_device.c.obj
                0x10006660                tud_cdc_n_connected
 .text.tud_cdc_n_available
                0x10006690       0x18 CMakeFiles/dht_example.dir/home/fen/pico-sdk/lib/tinyusb/src/class/cdc/cdc_device.c.obj
                0x10006690                tud_cdc_n_available
 .text.tud_cdc_n_read
                0x100066a8       0x9c CMakeFiles/dht_example.dir/home/fen/pico-sdk/lib/tinyusb/src/class/cdc/cdc_device.c.obj
                0x100066a8                tud_cdc_n_read
 .text.tud_cdc_n_write_flush
                0x10006744       0x78 CMakeFiles/dht_example.dir/home/fen/pico-sdk/lib/tinyusb/src/class/cdc/cdc_device.c.obj
                0x10006744                tud_cdc_n_write_flush
 .text.tud_cdc_n_write
                0x100067bc       0x40 CMakeFiles/dht_example.dir/home/fen/pico-sdk/lib/tinyusb/src/class/cdc/cdc_device.c.obj
                0x100067bc                tud_cdc_n_write
 .text.tud_cdc_n_write_available
                0x100067fc       0x18 CMakeFiles/dht_example.dir/home/fen/pico-sdk/lib/tinyusb/src/class/cdc/cdc_device.c.obj
                0x100067fc                tud_cdc_n_write_available
 .text.cdcd_init
                0x10006814       0x7c CMakeFiles/dht_example.dir/home/fen/pico-sdk/lib/tinyusb/src/class/cdc/cdc_device.c.obj
                0x10006814                cdcd_init
 .text.cdcd_deinit
                0x10006890       0x30 CMakeFiles/dht_example.dir/home/fen/pico-sdk/lib/tinyusb/src/class/cdc/cdc_device.c.obj
                0x10006890                cdcd_deinit
 .text.cdcd_reset
                0x100068c0       0x4c CMakeFiles/dht_example.dir/home/fen/pico-sdk/lib/tinyusb/src/class/cdc/cdc_device.c.obj
                0x100068c0                cdcd_reset
 .text.cdcd_open
                0x1000690c       0xb0 CMakeFiles/dht_example.dir/home/fen/pico-sdk/lib/tinyusb/src/class/cdc/cdc_device.c.obj
                0x1000690c                cdcd_open
 .text.cdcd_control_xfer_cb
                0x100069bc       0xe4 CMakeFiles/dht_example.dir/home/fen/pico-sdk/lib/tinyusb/src/class/cdc/cdc_device.c.obj
                0x100069bc                cdcd_control_xfer_cb
 .text.cdcd_xfer_cb
                0x10006aa0      0x100 CMakeFiles/dht_example.dir/home/fen/pico-sdk/lib/tinyusb/src/class/cdc/cdc_device.c.obj
                0x10006aa0                cdcd_xfer_cb
 .text.tud_vendor_n_write_flush
                0x10006ba0       0x78 CMakeFiles/dht_example.dir/home/fen/pico-sdk/lib/tinyusb/src/class/vendor/vendor_device.c.obj
                0x10006ba0                tud_vendor_n_write_flush
 .text.vendord_init
                0x10006c18       0x64 CMakeFiles/dht_example.dir/home/fen/pico-sdk/lib/tinyusb/src/class/vendor/vendor_device.c.obj
                0x10006c18                vendord_init
 .text.vendord_deinit
                0x10006c7c       0x30 CMakeFiles/dht_example.dir/home/fen/pico-sdk/lib/tinyusb/src/class/vendor/vendor_device.c.obj
                0x10006c7c                vendord_deinit
 .text.vendord_reset
                0x10006cac       0x1c CMakeFiles/dht_example.dir/home/fen/pico-sdk/lib/tinyusb/src/class/vendor/vendor_device.c.obj
                0x10006cac                vendord_reset
 .text.vendord_open
                0x10006cc8       0xd4 CMakeFiles/dht_example.dir/home/fen/pico-sdk/lib/tinyusb/src/class/vendor/vendor_device.c.obj
                0x10006cc8                vendord_open
 .text.vendord_xfer_cb
                0x10006d9c       0xc8 CMakeFiles/dht_example.dir/home/fen/pico-sdk/lib/tinyusb/src/class/vendor/vendor_device.c.obj
                0x10006d9c                vendord_xfer_cb
 .text.tusb_init
                0x10006e64        0xc CMakeFiles/dht_example.dir/home/fen/pico-sdk/lib/tinyusb/src/tusb.c.obj
                0x10006e64                tusb_init
 .text.tu_edpt_claim
                0x10006e70       0x50 CMakeFiles/dht_example.dir/home/fen/pico-sdk/lib/tinyusb/src/tusb.c.obj
                0x10006e70                tu_edpt_claim
 .text.tu_edpt_release
                0x10006ec0       0x38 CMakeFiles/dht_example.dir/home/fen/pico-sdk/lib/tinyusb/src/tusb.c.obj
                0x10006ec0                tu_edpt_release
 .text.tu_edpt_validate
                0x10006ef8       0x7c CMakeFiles/dht_example.dir/home/fen/pico-sdk/lib/tinyusb/src/tusb.c.obj
                0x10006ef8                tu_edpt_validate
 .text.tu_edpt_bind_driver
                0x10006f74       0x34 CMakeFiles/dht_example.dir/home/fen/pico-sdk/lib/tinyusb/src/tusb.c.obj
                0x10006f74                tu_edpt_bind_driver
 .text.tu_fifo_config
                0x10006fa8       0x6c CMakeFiles/dht_example.dir/home/fen/pico-sdk/lib/tinyusb/src/common/tusb_fifo.c.obj
                0x10006fa8                tu_fifo_config
 .text.tu_fifo_count
                0x10007014       0x2c CMakeFiles/dht_example.dir/home/fen/pico-sdk/lib/tinyusb/src/common/tusb_fifo.c.obj
                0x10007014                tu_fifo_count
 .text.tu_fifo_empty
                0x10007040       0x10 CMakeFiles/dht_example.dir/home/fen/pico-sdk/lib/tinyusb/src/common/tusb_fifo.c.obj
                0x10007040                tu_fifo_empty
 .text.tu_fifo_remaining
                0x10007050       0x2c CMakeFiles/dht_example.dir/home/fen/pico-sdk/lib/tinyusb/src/common/tusb_fifo.c.obj
                0x10007050                tu_fifo_remaining
 .text.tu_fifo_read
                0x1000707c       0x9c CMakeFiles/dht_example.dir/home/fen/pico-sdk/lib/tinyusb/src/common/tusb_fifo.c.obj
                0x1000707c                tu_fifo_read
 .text.tu_fifo_read_n
                0x10007118       0xe8 CMakeFiles/dht_example.dir/home/fen/pico-sdk/lib/tinyusb/src/common/tusb_fifo.c.obj
                0x10007118                tu_fifo_read_n
 .text.tu_fifo_write
                0x10007200       0xa4 CMakeFiles/dht_example.dir/home/fen/pico-sdk/lib/tinyusb/src/common/tusb_fifo.c.obj
                0x10007200                tu_fifo_write
 .text.tu_fifo_write_n
                0x100072a4      0x178 CMakeFiles/dht_example.dir/home/fen/pico-sdk/lib/tinyusb/src/common/tusb_fifo.c.obj
                0x100072a4                tu_fifo_write_n
 .text.tu_fifo_clear
                0x1000741c       0x40 CMakeFiles/dht_example.dir/home/fen/pico-sdk/lib/tinyusb/src/common/tusb_fifo.c.obj
                0x1000741c                tu_fifo_clear
 .text.tu_fifo_set_overwritable
                0x1000745c       0x48 CMakeFiles/dht_example.dir/home/fen/pico-sdk/lib/tinyusb/src/common/tusb_fifo.c.obj
                0x1000745c                tu_fifo_set_overwritable
 .text.atexit   0x100074a4       0x10 /usr/lib/gcc/arm-none-eabi/14.1.0/../../../../arm-none-eabi/lib/thumb/v6-m/nofp/libg.a(libc_a-atexit.o)
                0x100074a4                atexit
 .text.__libc_fini_array
                0x100074b4       0x28 /usr/lib/gcc/arm-none-eabi/14.1.0/../../../../arm-none-eabi/lib/thumb/v6-m/nofp/libg.a(libc_a-fini.o)
                0x100074b4                __libc_fini_array
 .text.__retarget_lock_acquire_recursive
                0x100074dc        0x4 /usr/lib/gcc/arm-none-eabi/14.1.0/../../../../arm-none-eabi/lib/thumb/v6-m/nofp/libg.a(libc_a-lock.o)
                0x100074dc                __retarget_lock_acquire_recursive
 .text.__retarget_lock_release_recursive
                0x100074e0        0x4 /usr/lib/gcc/arm-none-eabi/14.1.0/../../../../arm-none-eabi/lib/thumb/v6-m/nofp/libg.a(libc_a-lock.o)
                0x100074e0                __retarget_lock_release_recursive
 .text.strlen   0x100074e4       0x5c /usr/lib/gcc/arm-none-eabi/14.1.0/../../../../arm-none-eabi/lib/thumb/v6-m/nofp/libg.a(libc_a-strlen-stub.o)
                0x100074e4                strlen
 .text.__register_exitproc
                0x10007540       0xa8 /usr/lib/gcc/arm-none-eabi/14.1.0/../../../../arm-none-eabi/lib/thumb/v6-m/nofp/libg.a(libc_a-__atexit.o)
                0x10007540                __register_exitproc
 .text.startup.register_fini
                0x100075e8       0x18 /usr/lib/gcc/arm-none-eabi/14.1.0/../../../../arm-none-eabi/lib/thumb/v6-m/nofp/libg.a(libc_a-__call_atexit.o)
 *(.fini)
 .fini          0x10007600        0x4 /usr/lib/gcc/arm-none-eabi/14.1.0/thumb/v6-m/nofp/crti.o
                0x10007600                _fini
 *fill*         0x10007604        0x4 
 .fini.__stub   0x10007608       0xc0 linker stubs
 *crtbegin.o(.ctors)
 *crtbegin?.o(.ctors)
 *(EXCLUDE_FILE(*crtend.o *crtend?.o) .ctors)
 *(SORT_BY_NAME(.ctors.*))
 *(.ctors)
 *crtbegin.o(.dtors)
 *crtbegin?.o(.dtors)
 *(EXCLUDE_FILE(*crtend.o *crtend?.o) .dtors)
 *(SORT_BY_NAME(.dtors.*))
 *(.dtors)
                0x100076c8                        . = ALIGN (0x4)
                0x100076c8                        PROVIDE (__preinit_array_start = .)
 *(SORT_BY_NAME(.preinit_array.*))
 .preinit_array.00100
                0x100076c8        0x4 CMakeFiles/dht_example.dir/home/fen/pico-sdk/src/rp2_common/pico_runtime_init/runtime_init.c.obj
                0x100076c8                __pre_init_runtime_init_early_resets
 .preinit_array.00101
                0x100076cc        0x4 CMakeFiles/dht_example.dir/home/fen/pico-sdk/src/rp2_common/pico_runtime_init/runtime_init.c.obj
                0x100076cc                __pre_init_runtime_init_usb_power_down
 .preinit_array.00275
                0x100076d0        0x4 CMakeFiles/dht_example.dir/home/fen/pico-sdk/src/rp2_common/pico_bit_ops/bit_ops_aeabi.S.obj
 .preinit_array.00300
                0x100076d4        0x4 CMakeFiles/dht_example.dir/home/fen/pico-sdk/src/rp2_common/pico_mem_ops/mem_ops_aeabi.S.obj
 .preinit_array.00350
                0x100076d8        0x4 CMakeFiles/dht_example.dir/home/fen/pico-sdk/src/rp2_common/pico_double/double_aeabi_rp2040.S.obj
 .preinit_array.00350
                0x100076dc        0x4 CMakeFiles/dht_example.dir/home/fen/pico-sdk/src/rp2_common/pico_float/float_aeabi_rp2040.S.obj
 .preinit_array.00500
                0x100076e0        0x4 CMakeFiles/dht_example.dir/home/fen/pico-sdk/src/rp2_common/pico_runtime_init/runtime_init.c.obj
                0x100076e0                __pre_init_runtime_init_clocks
 .preinit_array.00600
                0x100076e4        0x4 CMakeFiles/dht_example.dir/home/fen/pico-sdk/src/rp2_common/pico_runtime_init/runtime_init.c.obj
                0x100076e4                __pre_init_runtime_init_post_clock_resets
 .preinit_array.00700
                0x100076e8        0x4 CMakeFiles/dht_example.dir/home/fen/pico-sdk/src/rp2_common/pico_runtime_init/runtime_init.c.obj
                0x100076e8                __pre_init_runtime_init_rp2040_gpio_ie_disable
 .preinit_array.01000
                0x100076ec        0x4 CMakeFiles/dht_example.dir/home/fen/pico-sdk/src/rp2_common/pico_runtime_init/runtime_init.c.obj
                0x100076ec                __pre_init_runtime_init_spin_locks_reset
 .preinit_array.01100
                0x100076f0        0x4 CMakeFiles/dht_example.dir/home/fen/pico-sdk/src/common/pico_sync/mutex.c.obj
                0x100076f0                __pre_init_runtime_init_mutex
 .preinit_array.10080
                0x100076f4        0x4 CMakeFiles/dht_example.dir/home/fen/pico-sdk/src/rp2_common/pico_runtime_init/runtime_init.c.obj
                0x100076f4                __pre_init_runtime_init_install_ram_vector_table
 .preinit_array.11000
                0x100076f8        0x4 CMakeFiles/dht_example.dir/home/fen/pico-sdk/src/common/pico_time/time.c.obj
                0x100076f8                __pre_init_runtime_init_default_alarm_pool
 .preinit_array.YYYYY
                0x100076fc        0x4 CMakeFiles/dht_example.dir/home/fen/pico-sdk/src/rp2_common/pico_runtime/runtime.c.obj
                0x100076fc                __pre_init_first_per_core_initializer
 .preinit_array.ZZZZZ.01200
                0x10007700        0x4 CMakeFiles/dht_example.dir/home/fen/pico-sdk/src/rp2_common/hardware_irq/irq.c.obj
                0x10007700                __pre_init_runtime_init_per_core_irq_priorities
 *(.preinit_array)
                0x10007704                        PROVIDE (__preinit_array_end = .)
                0x10007704                        . = ALIGN (0x4)
                0x10007704                        PROVIDE (__init_array_start = .)
 *(SORT_BY_NAME(.init_array.*))
 .init_array.00000
                0x10007704        0x4 /usr/lib/gcc/arm-none-eabi/14.1.0/../../../../arm-none-eabi/lib/thumb/v6-m/nofp/libg.a(libc_a-__call_atexit.o)
 *(.init_array)
 .init_array    0x10007708        0x4 /usr/lib/gcc/arm-none-eabi/14.1.0/thumb/v6-m/nofp/crtbegin.o
 .init_array    0x1000770c        0x4 CMakeFiles/dht_example.dir/home/fen/pico-sdk/src/rp2_common/pico_unique_id/unique_id.c.obj
                0x10007710                        PROVIDE (__init_array_end = .)
                0x10007710                        . = ALIGN (0x4)
                0x10007710                        PROVIDE (__fini_array_start = .)
 *(SORT_BY_NAME(.fini_array.*))
 *(.fini_array)
                0x10007710                        PROVIDE (__fini_array_end = .)
 *(.eh_frame*)
 .eh_frame      0x10007710        0x0 /usr/lib/gcc/arm-none-eabi/14.1.0/thumb/v6-m/nofp/crtbegin.o
                0x10007710                        . = ALIGN (0x4)

.glue_7         0x10007710        0x0
 .glue_7        0x10007710        0x0 linker stubs

.glue_7t        0x10007710        0x0
 .glue_7t       0x10007710        0x0 linker stubs

.vfp11_veneer   0x10007710        0x0
 .vfp11_veneer  0x10007710        0x0 linker stubs

.v4_bx          0x10007710        0x0
 .v4_bx         0x10007710        0x0 linker stubs

.iplt           0x10007710        0x0
 .iplt          0x10007710        0x0 /usr/lib/gcc/arm-none-eabi/14.1.0/thumb/v6-m/nofp/crtbegin.o

.rodata         0x10007710      0x728
 *(EXCLUDE_FILE(*libm.a: *libc.a:*lib_a-mem*.o *libgcc.a:) .rodata*)
 .rodata.main.str1.4
                0x10007710      0x248 CMakeFiles/dht_example.dir/dht_example.c.obj
                                 0x75 (size before relaxing)
 .rodata.dht_program
                0x10007958        0x8 CMakeFiles/dht_example.dir/dht/dht.c.obj
 .rodata.dht_program_instructions
                0x10007960       0x22 CMakeFiles/dht_example.dir/dht/dht.c.obj
 .rodata.panic.str1.4
                0x10007982       0x12 CMakeFiles/dht_example.dir/home/fen/pico-sdk/src/rp2_common/pico_platform_panic/panic.c.obj
 .rodata.spin_lock_claim_unused.str1.4
                0x10007982       0x1b CMakeFiles/dht_example.dir/home/fen/pico-sdk/src/rp2_common/hardware_sync/sync.c.obj
 .rodata.user_irq_claim_unused.str1.4
                0x10007982       0x1b CMakeFiles/dht_example.dir/home/fen/pico-sdk/src/rp2_common/hardware_irq/irq.c.obj
 .rodata.timer_hardware_alarm_claim.str1.4
                0x10007982       0x22 CMakeFiles/dht_example.dir/home/fen/pico-sdk/src/rp2_common/hardware_timer/timer.c.obj
 .rodata.dma_claim_unused_channel.str1.4
                0x10007982       0x1e CMakeFiles/dht_example.dir/home/fen/pico-sdk/src/rp2_common/hardware_dma/dma.c.obj
 .rodata.pio_claim_unused_sm.str1.4
                0x10007982       0x24 CMakeFiles/dht_example.dir/home/fen/pico-sdk/src/rp2_common/hardware_pio/pio.c.obj
 .rodata.hard_assertion_failure.str1.4
                0x10007982        0xc CMakeFiles/dht_example.dir/home/fen/pico-sdk/src/rp2_common/pico_runtime/runtime.c.obj
 .rodata.str1.4
                0x10007982       0x30 CMakeFiles/dht_example.dir/home/fen/pico-sdk/src/rp2_common/pico_standard_binary_info/standard_binary_info.c.obj
 *fill*         0x10007982        0x2 
 .rodata.__bi_84
                0x10007984        0xc CMakeFiles/dht_example.dir/home/fen/pico-sdk/src/rp2_common/pico_standard_binary_info/standard_binary_info.c.obj
 .rodata.__bi_54
                0x10007990        0xc CMakeFiles/dht_example.dir/home/fen/pico-sdk/src/rp2_common/pico_standard_binary_info/standard_binary_info.c.obj
 .rodata.__bi_48
                0x1000799c        0xc CMakeFiles/dht_example.dir/home/fen/pico-sdk/src/rp2_common/pico_standard_binary_info/standard_binary_info.c.obj
 .rodata.__bi_42
                0x100079a8        0xc CMakeFiles/dht_example.dir/home/fen/pico-sdk/src/rp2_common/pico_standard_binary_info/standard_binary_info.c.obj
 .rodata.__bi_34
                0x100079b4        0xc CMakeFiles/dht_example.dir/home/fen/pico-sdk/src/rp2_common/pico_standard_binary_info/standard_binary_info.c.obj
 .rodata.__bi_26
                0x100079c0        0xc CMakeFiles/dht_example.dir/home/fen/pico-sdk/src/rp2_common/pico_standard_binary_info/standard_binary_info.c.obj
 .rodata._ftoa.str1.4
                0x100079cc       0x15 CMakeFiles/dht_example.dir/home/fen/pico-sdk/src/rp2_common/pico_printf/printf.c.obj
 .rodata._vsnprintf
                0x100079cc      0x19c CMakeFiles/dht_example.dir/home/fen/pico-sdk/src/rp2_common/pico_printf/printf.c.obj
 .rodata.pow10.0
                0x10007b68       0x50 CMakeFiles/dht_example.dir/home/fen/pico-sdk/src/rp2_common/pico_printf/printf.c.obj
 .rodata.crlf_str.0
                0x10007bb8        0x2 CMakeFiles/dht_example.dir/home/fen/pico-sdk/src/rp2_common/pico_stdio/stdio.c.obj
 .rodata.str1.4
                0x10007bba       0x2c CMakeFiles/dht_example.dir/home/fen/pico-sdk/src/rp2_common/pico_stdio_uart/stdio_uart.c.obj
 *fill*         0x10007bba        0x2 
 .rodata.__bi_45.4
                0x10007bbc        0xc CMakeFiles/dht_example.dir/home/fen/pico-sdk/src/rp2_common/pico_stdio_uart/stdio_uart.c.obj
 .rodata.__bi_49.5
                0x10007bc8        0x8 CMakeFiles/dht_example.dir/home/fen/pico-sdk/src/rp2_common/pico_stdio_uart/stdio_uart.c.obj
 .rodata.__bi_50.6
                0x10007bd0        0x8 CMakeFiles/dht_example.dir/home/fen/pico-sdk/src/rp2_common/pico_stdio_uart/stdio_uart.c.obj
 .rodata._resetd_driver
                0x10007bd8       0x20 CMakeFiles/dht_example.dir/home/fen/pico-sdk/src/rp2_common/pico_stdio_usb/reset_interface.c.obj
 .rodata.desc_ms_os_20
                0x10007bf8       0xa6 CMakeFiles/dht_example.dir/home/fen/pico-sdk/src/rp2_common/pico_stdio_usb/reset_interface.c.obj
 *fill*         0x10007c9e        0x2 
 .rodata.desc_bos
                0x10007ca0       0x21 CMakeFiles/dht_example.dir/home/fen/pico-sdk/src/rp2_common/pico_stdio_usb/reset_interface.c.obj
                0x10007ca0                desc_bos
 .rodata.str1.4
                0x10007cc1       0x13 CMakeFiles/dht_example.dir/home/fen/pico-sdk/src/rp2_common/pico_stdio_usb/stdio_usb.c.obj
 *fill*         0x10007cc1        0x3 
 .rodata.__bi_197.0
                0x10007cc4        0xc CMakeFiles/dht_example.dir/home/fen/pico-sdk/src/rp2_common/pico_stdio_usb/stdio_usb.c.obj
 .rodata.str1.4
                0x10007cd0       0x2a CMakeFiles/dht_example.dir/home/fen/pico-sdk/src/rp2_common/pico_stdio_usb/stdio_usb_descriptors.c.obj
 .rodata.usbd_desc_str
                0x10007cd0       0x18 CMakeFiles/dht_example.dir/home/fen/pico-sdk/src/rp2_common/pico_stdio_usb/stdio_usb_descriptors.c.obj
 .rodata.usbd_desc_cfg
                0x10007ce8       0x54 CMakeFiles/dht_example.dir/home/fen/pico-sdk/src/rp2_common/pico_stdio_usb/stdio_usb_descriptors.c.obj
 .rodata.usbd_desc_device
                0x10007d3c       0x12 CMakeFiles/dht_example.dir/home/fen/pico-sdk/src/rp2_common/pico_stdio_usb/stdio_usb_descriptors.c.obj
 .rodata.str1.4
                0x10007d4e       0x14 CMakeFiles/dht_example.dir/home/fen/pico-sdk/lib/tinyusb/src/portable/raspberrypi/rp2040/dcd_rp2040.c.obj
 .rodata.str1.4
                0x10007d4e       0x48 CMakeFiles/dht_example.dir/home/fen/pico-sdk/lib/tinyusb/src/portable/raspberrypi/rp2040/rp2040_usb.c.obj
 *fill*         0x10007d4e        0x2 
 .rodata.tud_task_ext
                0x10007d50       0x8c CMakeFiles/dht_example.dir/home/fen/pico-sdk/lib/tinyusb/src/device/usbd.c.obj
 .rodata        0x10007ddc       0x1c CMakeFiles/dht_example.dir/home/fen/pico-sdk/lib/tinyusb/src/device/usbd.c.obj
 .rodata._usbd_driver
                0x10007df8       0x40 CMakeFiles/dht_example.dir/home/fen/pico-sdk/lib/tinyusb/src/device/usbd.c.obj
                0x10007e38                        . = ALIGN (0x4)
 *(SORT_BY_ALIGNMENT(SORT_BY_NAME(.flashdata*)))
                0x10007e38                        . = ALIGN (0x4)

.ARM.extab
 *(.ARM.extab* .gnu.linkonce.armextab.*)
                0x10007e38                        __exidx_start = .

.ARM.exidx
 *(.ARM.exidx* .gnu.linkonce.armexidx.*)
                0x10007e38                        __exidx_end = .
                0x10007e38                        . = ALIGN (0x4)
                0x10007e38                        __binary_info_start = .

.binary_info    0x10007e38       0x28
 *(.binary_info.keep.*)
 .binary_info.keep.__bi_ptr84
                0x10007e38        0x4 CMakeFiles/dht_example.dir/home/fen/pico-sdk/src/rp2_common/pico_standard_binary_info/standard_binary_info.c.obj
 .binary_info.keep.__bi_ptr54
                0x10007e3c        0x4 CMakeFiles/dht_example.dir/home/fen/pico-sdk/src/rp2_common/pico_standard_binary_info/standard_binary_info.c.obj
 .binary_info.keep.__bi_ptr48
                0x10007e40        0x4 CMakeFiles/dht_example.dir/home/fen/pico-sdk/src/rp2_common/pico_standard_binary_info/standard_binary_info.c.obj
 .binary_info.keep.__bi_ptr42
                0x10007e44        0x4 CMakeFiles/dht_example.dir/home/fen/pico-sdk/src/rp2_common/pico_standard_binary_info/standard_binary_info.c.obj
 .binary_info.keep.__bi_ptr34
                0x10007e48        0x4 CMakeFiles/dht_example.dir/home/fen/pico-sdk/src/rp2_common/pico_standard_binary_info/standard_binary_info.c.obj
 .binary_info.keep.__bi_ptr26
                0x10007e4c        0x4 CMakeFiles/dht_example.dir/home/fen/pico-sdk/src/rp2_common/pico_standard_binary_info/standard_binary_info.c.obj
 *(.binary_info.*)
 .binary_info.__bi_ptr50
                0x10007e50        0x4 CMakeFiles/dht_example.dir/home/fen/pico-sdk/src/rp2_common/pico_stdio_uart/stdio_uart.c.obj
 .binary_info.__bi_ptr49
                0x10007e54        0x4 CMakeFiles/dht_example.dir/home/fen/pico-sdk/src/rp2_common/pico_stdio_uart/stdio_uart.c.obj
 .binary_info.__bi_ptr45
                0x10007e58        0x4 CMakeFiles/dht_example.dir/home/fen/pico-sdk/src/rp2_common/pico_stdio_uart/stdio_uart.c.obj
 .binary_info.__bi_ptr197
                0x10007e5c        0x4 CMakeFiles/dht_example.dir/home/fen/pico-sdk/src/rp2_common/pico_stdio_usb/stdio_usb.c.obj
                0x10007e60                        __binary_info_end = .

.rel.dyn        0x10007e60        0x0
 .rel.iplt      0x10007e60        0x0 /usr/lib/gcc/arm-none-eabi/14.1.0/thumb/v6-m/nofp/crtbegin.o
                0x10007e60                        . = ALIGN (0x4)

.ram_vector_table
                0x20000000       0xc0
 *(.ram_vector_table)
 .ram_vector_table
                0x20000000       0xc0 CMakeFiles/dht_example.dir/home/fen/pico-sdk/src/rp2_common/pico_runtime_init/runtime_init.c.obj
                0x20000000                ram_vector_table

.uninitialized_data
                0x200000c0        0x0
                0x200000c0                        . = ALIGN (0x4)
 *(.uninitialized_data*)

.data           0x200000c0      0xffc load address 0x10007e60
                0x200000c0                        __data_start__ = .
 *(vtable)
 *(.time_critical*)
 .time_critical.mutex_try_enter
                0x200000c0       0x40 CMakeFiles/dht_example.dir/home/fen/pico-sdk/src/common/pico_sync/mutex.c.obj
                0x200000c0                mutex_try_enter
 .time_critical.mutex_try_enter_block_until
                0x20000100       0x98 CMakeFiles/dht_example.dir/home/fen/pico-sdk/src/common/pico_sync/mutex.c.obj
                0x20000100                mutex_try_enter_block_until
 .time_critical.mutex_enter_timeout_ms
                0x20000198       0x8c CMakeFiles/dht_example.dir/home/fen/pico-sdk/src/common/pico_sync/mutex.c.obj
                0x20000198                mutex_enter_timeout_ms
 .time_critical.mutex_exit
                0x20000224       0x28 CMakeFiles/dht_example.dir/home/fen/pico-sdk/src/common/pico_sync/mutex.c.obj
                0x20000224                mutex_exit
 .time_critical.flash_init_boot2_copyout
                0x2000024c       0x30 CMakeFiles/dht_example.dir/home/fen/pico-sdk/src/rp2_common/hardware_flash/flash.c.obj
 .time_critical.flash_enable_xip_via_boot2
                0x2000027c        0xc CMakeFiles/dht_example.dir/home/fen/pico-sdk/src/rp2_common/hardware_flash/flash.c.obj
 .time_critical.flash_cs_force
                0x20000288       0x38 CMakeFiles/dht_example.dir/home/fen/pico-sdk/src/rp2_common/hardware_flash/flash.c.obj
 .time_critical.flash_do_cmd
                0x200002c0      0x130 CMakeFiles/dht_example.dir/home/fen/pico-sdk/src/rp2_common/hardware_flash/flash.c.obj
                0x200002c0                flash_do_cmd
 .time_critical.reset_non_control_endpoints
                0x200003f0       0x68 CMakeFiles/dht_example.dir/home/fen/pico-sdk/lib/tinyusb/src/portable/raspberrypi/rp2040/dcd_rp2040.c.obj
 .time_critical.hw_handle_buff_status
                0x20000458       0xb8 CMakeFiles/dht_example.dir/home/fen/pico-sdk/lib/tinyusb/src/portable/raspberrypi/rp2040/dcd_rp2040.c.obj
 .time_critical.dcd_rp2040_irq
                0x20000510      0x574 CMakeFiles/dht_example.dir/home/fen/pico-sdk/lib/tinyusb/src/portable/raspberrypi/rp2040/dcd_rp2040.c.obj
 .time_critical.prepare_ep_buffer
                0x20000a84       0xc8 CMakeFiles/dht_example.dir/home/fen/pico-sdk/lib/tinyusb/src/portable/raspberrypi/rp2040/rp2040_usb.c.obj
 .time_critical.sync_ep_buffer
                0x20000b4c       0x9c CMakeFiles/dht_example.dir/home/fen/pico-sdk/lib/tinyusb/src/portable/raspberrypi/rp2040/rp2040_usb.c.obj
 .time_critical._hw_endpoint_xfer_sync
                0x20000be8       0x28 CMakeFiles/dht_example.dir/home/fen/pico-sdk/lib/tinyusb/src/portable/raspberrypi/rp2040/rp2040_usb.c.obj
 .time_critical.e15_is_bulkin_ep
                0x20000c10       0x28 CMakeFiles/dht_example.dir/home/fen/pico-sdk/lib/tinyusb/src/portable/raspberrypi/rp2040/rp2040_usb.c.obj
 .time_critical.e15_is_critical_frame_period
                0x20000c38       0x34 CMakeFiles/dht_example.dir/home/fen/pico-sdk/lib/tinyusb/src/portable/raspberrypi/rp2040/rp2040_usb.c.obj
 .time_critical.hw_endpoint_reset_transfer
                0x20000c6c        0xc CMakeFiles/dht_example.dir/home/fen/pico-sdk/lib/tinyusb/src/portable/raspberrypi/rp2040/rp2040_usb.c.obj
                0x20000c6c                hw_endpoint_reset_transfer
 .time_critical._hw_endpoint_buffer_control_update32
                0x20000c78       0x50 CMakeFiles/dht_example.dir/home/fen/pico-sdk/lib/tinyusb/src/portable/raspberrypi/rp2040/rp2040_usb.c.obj
                0x20000c78                _hw_endpoint_buffer_control_update32
 .time_critical.hw_endpoint_start_next_buffer
                0x20000cc8       0x68 CMakeFiles/dht_example.dir/home/fen/pico-sdk/lib/tinyusb/src/portable/raspberrypi/rp2040/rp2040_usb.c.obj
                0x20000cc8                hw_endpoint_start_next_buffer
 .time_critical.hw_endpoint_xfer_continue
                0x20000d30       0x40 CMakeFiles/dht_example.dir/home/fen/pico-sdk/lib/tinyusb/src/portable/raspberrypi/rp2040/rp2040_usb.c.obj
                0x20000d30                hw_endpoint_xfer_continue
 .time_critical.tinyusb
                0x20000d70      0x1e4 CMakeFiles/dht_example.dir/home/fen/pico-sdk/lib/tinyusb/src/device/usbd.c.obj
                0x20000d70                dcd_event_handler
 *(.text*)
 .text          0x20000f54        0x4 /usr/lib/gcc/arm-none-eabi/14.1.0/thumb/v6-m/nofp/libgcc.a(_dvmd_tls.o)
                0x20000f54                __aeabi_ldiv0
                0x20000f54                __aeabi_idiv0
 .text.__stub   0x20000f58       0x80 linker stubs
                0x20000fd8                        . = ALIGN (0x4)
 *(.rodata*)
                0x20000fd8                        . = ALIGN (0x4)
 *(.data*)
 .data.striped_spin_lock_num
                0x20000fd8        0x1 CMakeFiles/dht_example.dir/home/fen/pico-sdk/src/rp2_common/hardware_sync/sync.c.obj
 *fill*         0x20000fd9        0x3 
 .data          0x20000fdc       0x48 CMakeFiles/dht_example.dir/home/fen/pico-sdk/src/rp2_common/hardware_irq/irq_handler_chain.S.obj
                0x20000fdc                irq_handler_chain_slots
                0x2000100c                irq_handler_chain_first_slot
                0x20001016                irq_handler_chain_remove_tail
 .data.default_alarm_pool
                0x20001024       0x18 CMakeFiles/dht_example.dir/home/fen/pico-sdk/src/common/pico_time/time.c.obj
 *fill*         0x2000103c        0x4 
 .data.aeabi_bits_funcs
                0x20001040       0x10 CMakeFiles/dht_example.dir/home/fen/pico-sdk/src/rp2_common/pico_bit_ops/bit_ops_aeabi.S.obj
                0x20001040                aeabi_bits_funcs
                0x20001050                aeabi_bits_funcs_end
 .data.aeabi_mem_funcs
                0x20001050       0x10 CMakeFiles/dht_example.dir/home/fen/pico-sdk/src/rp2_common/pico_mem_ops/mem_ops_aeabi.S.obj
                0x20001050                aeabi_mem_funcs
                0x20001060                aeabi_mem_funcs_end
 .data.stdio_uart
                0x20001060       0x18 CMakeFiles/dht_example.dir/home/fen/pico-sdk/src/rp2_common/pico_stdio_uart/stdio_uart.c.obj
                0x20001060                stdio_uart
 .data.stdio_usb
                0x20001078       0x18 CMakeFiles/dht_example.dir/home/fen/pico-sdk/src/rp2_common/pico_stdio_usb/stdio_usb.c.obj
                0x20001078                stdio_usb
 .data._usbd_qdef
                0x20001090       0x1c CMakeFiles/dht_example.dir/home/fen/pico-sdk/lib/tinyusb/src/device/usbd.c.obj
                0x20001090                _usbd_qdef
 .data._usbd_rhport
                0x200010ac        0x1 CMakeFiles/dht_example.dir/home/fen/pico-sdk/lib/tinyusb/src/device/usbd.c.obj
 *fill*         0x200010ad        0x3 
 .data.__atexit_recursive_mutex
                0x200010b0        0x4 /usr/lib/gcc/arm-none-eabi/14.1.0/../../../../arm-none-eabi/lib/thumb/v6-m/nofp/libg.a(libc_a-__call_atexit.o)
                0x200010b0                __atexit_recursive_mutex
                0x200010b4                        . = ALIGN (0x4)
 *(.after_data.*)
                0x200010b4                        . = ALIGN (0x4)
                0x200010b4                        PROVIDE (__mutex_array_start = .)
 *(SORT_BY_NAME(.mutex_array.*))
 *(.mutex_array)
 .mutex_array   0x200010b4        0x8 CMakeFiles/dht_example.dir/home/fen/pico-sdk/src/rp2_common/pico_stdio/stdio.c.obj
                0x200010bc                        PROVIDE (__mutex_array_end = .)
                0x200010bc                        . = ALIGN (0x4)
 *(.jcr)
                0x200010bc                        . = ALIGN (0x4)

.igot.plt       0x200010bc        0x0 load address 0x10008e5c
 .igot.plt      0x200010bc        0x0 /usr/lib/gcc/arm-none-eabi/14.1.0/thumb/v6-m/nofp/crtbegin.o

.tdata          0x200010bc        0x0 load address 0x10008e5c
                0x200010bc                        . = ALIGN (0x4)
 *(.tdata .tdata.* .gnu.linkonce.td.*)
                0x200010bc                        __tdata_end = .
                0x200010bc                        PROVIDE (__data_end__ = .)
                0x10007e60                        __etext = LOADADDR (.data)

.tbss           0x200010bc        0x0 load address 0x10008e5c
                0x200010bc                        . = ALIGN (0x4)
                0x200010bc                        __bss_start__ = .
                0x200010bc                        __tls_base = .
 *(.tbss .tbss.* .gnu.linkonce.tb.*)
 *(.tcommon)
                0x200010bc                        __tls_end = .

.bss            0x200010c0     0x1220 load address 0x10008e5c
                0x200010c0                        . = ALIGN (0x4)
                0x200010c0                        __tbss_end = .
 *(SORT_BY_ALIGNMENT(SORT_BY_NAME(.bss*)))
 .bss.default_alarm_pool_entries
                0x200010c0      0x180 CMakeFiles/dht_example.dir/home/fen/pico-sdk/src/common/pico_time/time.c.obj
 .bss.last_avail_time.1
                0x20001240        0x8 CMakeFiles/dht_example.dir/home/fen/pico-sdk/src/rp2_common/pico_stdio_usb/stdio_usb.c.obj
 .bss.sd_table  0x20001248      0x100 CMakeFiles/dht_example.dir/home/fen/pico-sdk/src/rp2_common/pico_double/double_init_rom_rp2040.c.obj
                0x20001248                sd_table
 .bss.sf_table  0x20001348      0x100 CMakeFiles/dht_example.dir/home/fen/pico-sdk/src/rp2_common/pico_float/float_init_rom_rp2040.c.obj
                0x20001348                sf_table
 .bss.__atexit  0x20001448        0x4 /usr/lib/gcc/arm-none-eabi/14.1.0/../../../../arm-none-eabi/lib/thumb/v6-m/nofp/libg.a(libc_a-__call_atexit.o)
                0x20001448                __atexit
 .bss.__atexit0
                0x2000144c      0x190 /usr/lib/gcc/arm-none-eabi/14.1.0/../../../../arm-none-eabi/lib/thumb/v6-m/nofp/libg.a(libc_a-__atexit.o)
                0x2000144c                __atexit0
 .bss.__lock___atexit_recursive_mutex
                0x200015dc        0x1 /usr/lib/gcc/arm-none-eabi/14.1.0/../../../../arm-none-eabi/lib/thumb/v6-m/nofp/libg.a(libc_a-lock.o)
                0x200015dc                __lock___atexit_recursive_mutex
 *fill*         0x200015dd        0x3 
 .bss._app_driver
                0x200015e0        0x4 CMakeFiles/dht_example.dir/home/fen/pico-sdk/lib/tinyusb/src/device/usbd.c.obj
 .bss._cdcd_fifo_cfg
                0x200015e4        0x1 CMakeFiles/dht_example.dir/home/fen/pico-sdk/lib/tinyusb/src/class/cdc/cdc_device.c.obj
 *fill*         0x200015e5        0x3 
 .bss._cdcd_itf
                0x200015e8      0x2c8 CMakeFiles/dht_example.dir/home/fen/pico-sdk/lib/tinyusb/src/class/cdc/cdc_device.c.obj
 .bss._ctrl_xfer
                0x200018b0       0x14 CMakeFiles/dht_example.dir/home/fen/pico-sdk/lib/tinyusb/src/device/usbd_control.c.obj
 .bss._ubsd_mutexdef
                0x200018c4        0x8 CMakeFiles/dht_example.dir/home/fen/pico-sdk/lib/tinyusb/src/device/usbd.c.obj
 .bss._usbd_ctrl_buf
                0x200018cc       0x40 CMakeFiles/dht_example.dir/home/fen/pico-sdk/lib/tinyusb/src/device/usbd_control.c.obj
 .bss._usbd_dev
                0x2000190c       0x54 CMakeFiles/dht_example.dir/home/fen/pico-sdk/lib/tinyusb/src/device/usbd.c.obj
 .bss._usbd_mutex
                0x20001960        0x4 CMakeFiles/dht_example.dir/home/fen/pico-sdk/lib/tinyusb/src/device/usbd.c.obj
 .bss._usbd_q   0x20001964        0x4 CMakeFiles/dht_example.dir/home/fen/pico-sdk/lib/tinyusb/src/device/usbd.c.obj
 .bss._usbd_qdef_buf
                0x20001968       0xc0 CMakeFiles/dht_example.dir/home/fen/pico-sdk/lib/tinyusb/src/device/usbd.c.obj
                0x20001968                _usbd_qdef_buf
 .bss._used_instruction_space
                0x20001a28        0x8 CMakeFiles/dht_example.dir/home/fen/pico-sdk/src/rp2_common/hardware_pio/pio.c.obj
 .bss._vendord_itf
                0x20001a30      0x2bc CMakeFiles/dht_example.dir/home/fen/pico-sdk/lib/tinyusb/src/class/vendor/vendor_device.c.obj
 .bss.boot2_copyout
                0x20001cec      0x100 CMakeFiles/dht_example.dir/home/fen/pico-sdk/src/rp2_common/hardware_flash/flash.c.obj
 .bss.chars_available_callback
                0x20001dec        0x4 CMakeFiles/dht_example.dir/home/fen/pico-sdk/src/rp2_common/pico_stdio_uart/stdio_uart.c.obj
 .bss.chars_available_callback
                0x20001df0        0x4 CMakeFiles/dht_example.dir/home/fen/pico-sdk/src/rp2_common/pico_stdio_usb/stdio_usb.c.obj
 .bss.chars_available_param
                0x20001df4        0x4 CMakeFiles/dht_example.dir/home/fen/pico-sdk/src/rp2_common/pico_stdio_uart/stdio_uart.c.obj
 .bss.chars_available_param
                0x20001df8        0x4 CMakeFiles/dht_example.dir/home/fen/pico-sdk/src/rp2_common/pico_stdio_usb/stdio_usb.c.obj
 .bss.claimed   0x20001dfc        0x4 CMakeFiles/dht_example.dir/home/fen/pico-sdk/src/rp2_common/hardware_sync/sync.c.obj
 .bss.claimed   0x20001e00        0x1 CMakeFiles/dht_example.dir/home/fen/pico-sdk/src/rp2_common/hardware_timer/timer.c.obj
 *fill*         0x20001e01        0x3 
 .bss.claimed   0x20001e04        0x1 CMakeFiles/dht_example.dir/home/fen/pico-sdk/src/rp2_common/hardware_pio/pio.c.obj
 *fill*         0x20001e05        0x3 
 .bss.configured_freq
                0x20001e08       0x28 CMakeFiles/dht_example.dir/home/fen/pico-sdk/src/rp2_common/hardware_clocks/clocks.c.obj
 .bss.desc_str.0
                0x20001e30       0x28 CMakeFiles/dht_example.dir/home/fen/pico-sdk/src/rp2_common/pico_stdio_usb/stdio_usb_descriptors.c.obj
 .bss.drivers   0x20001e58        0x4 CMakeFiles/dht_example.dir/home/fen/pico-sdk/src/rp2_common/pico_stdio/stdio.c.obj
 .bss.e15_last_sof
                0x20001e5c        0x4 CMakeFiles/dht_example.dir/home/fen/pico-sdk/lib/tinyusb/src/portable/raspberrypi/rp2040/rp2040_usb.c.obj
                0x20001e5c                e15_last_sof
 .bss.filter    0x20001e60        0x4 CMakeFiles/dht_example.dir/home/fen/pico-sdk/src/rp2_common/pico_stdio/stdio.c.obj
 .bss.hw_endpoints
                0x20001e64      0x400 CMakeFiles/dht_example.dir/home/fen/pico-sdk/lib/tinyusb/src/portable/raspberrypi/rp2040/dcd_rp2040.c.obj
 .bss.lazy_vsnprintf
                0x20002264        0x4 CMakeFiles/dht_example.dir/home/fen/pico-sdk/src/rp2_common/pico_printf/printf.c.obj
 .bss.load_value
                0x20002268        0x4 CMakeFiles/dht_example.dir/home/fen/pico-sdk/src/rp2_common/hardware_watchdog/watchdog.c.obj
 .bss.next_buffer_ptr
                0x2000226c        0x4 CMakeFiles/dht_example.dir/home/fen/pico-sdk/lib/tinyusb/src/portable/raspberrypi/rp2040/dcd_rp2040.c.obj
 .bss.object.0  0x20002270       0x18 /usr/lib/gcc/arm-none-eabi/14.1.0/thumb/v6-m/nofp/crtbegin.o
 .bss.one_shot_timer_crit_sec
                0x20002288        0x8 CMakeFiles/dht_example.dir/home/fen/pico-sdk/src/rp2_common/pico_stdio_usb/stdio_usb.c.obj
 .bss.pools     0x20002290       0x10 CMakeFiles/dht_example.dir/home/fen/pico-sdk/src/common/pico_time/time.c.obj
 .bss.retrieved_id
                0x200022a0        0x8 CMakeFiles/dht_example.dir/home/fen/pico-sdk/src/rp2_common/pico_unique_id/unique_id.c.obj
 .bss.sf_clz_func
                0x200022a8        0x4 CMakeFiles/dht_example.dir/home/fen/pico-sdk/src/rp2_common/pico_double/double_init_rom_rp2040.c.obj
                0x200022a8                sf_clz_func
 .bss.sleep_notifier
                0x200022ac        0x4 CMakeFiles/dht_example.dir/home/fen/pico-sdk/src/common/pico_time/time.c.obj
 .bss.stdio_usb_mutex
                0x200022b0        0x8 CMakeFiles/dht_example.dir/home/fen/pico-sdk/src/rp2_common/pico_stdio_usb/stdio_usb.c.obj
 .bss.uart_char_to_line_feed
                0x200022b8        0x4 CMakeFiles/dht_example.dir/home/fen/pico-sdk/src/rp2_common/hardware_uart/uart.c.obj
                0x200022b8                uart_char_to_line_feed
 .bss.uart_instance
                0x200022bc        0x4 CMakeFiles/dht_example.dir/home/fen/pico-sdk/src/rp2_common/pico_stdio_uart/stdio_uart.c.obj
 .bss.usbd_serial_str
                0x200022c0       0x11 CMakeFiles/dht_example.dir/home/fen/pico-sdk/src/rp2_common/pico_stdio_usb/stdio_usb_descriptors.c.obj
 *fill*         0x200022d1        0x1 
 .bss._claimed  0x200022d2        0x2 CMakeFiles/dht_example.dir/home/fen/pico-sdk/src/rp2_common/hardware_dma/dma.c.obj
 .bss._app_driver_count
                0x200022d4        0x1 CMakeFiles/dht_example.dir/home/fen/pico-sdk/lib/tinyusb/src/device/usbd.c.obj
 .bss._sof_enable
                0x200022d5        0x1 CMakeFiles/dht_example.dir/home/fen/pico-sdk/lib/tinyusb/src/portable/raspberrypi/rp2040/dcd_rp2040.c.obj
 .bss._usbd_queued_setup
                0x200022d6        0x1 CMakeFiles/dht_example.dir/home/fen/pico-sdk/lib/tinyusb/src/device/usbd.c.obj
 .bss.boot2_copyout_valid
                0x200022d7        0x1 CMakeFiles/dht_example.dir/home/fen/pico-sdk/src/rp2_common/hardware_flash/flash.c.obj
 .bss.irq_handler_chain_free_slot_head
                0x200022d8        0x1 CMakeFiles/dht_example.dir/home/fen/pico-sdk/src/rp2_common/hardware_irq/irq.c.obj
 .bss.itf_num   0x200022d9        0x1 CMakeFiles/dht_example.dir/home/fen/pico-sdk/src/rp2_common/pico_stdio_usb/reset_interface.c.obj
 .bss.low_priority_irq_num
                0x200022da        0x1 CMakeFiles/dht_example.dir/home/fen/pico-sdk/src/rp2_common/pico_stdio_usb/stdio_usb.c.obj
 .bss.one_shot_timer_pending
                0x200022db        0x1 CMakeFiles/dht_example.dir/home/fen/pico-sdk/src/rp2_common/pico_stdio_usb/stdio_usb.c.obj
 .bss.user_irq_claimed
                0x200022dc        0x1 CMakeFiles/dht_example.dir/home/fen/pico-sdk/src/rp2_common/hardware_irq/irq.c.obj
 *(COMMON)
                0x200022e0                        . = ALIGN (0x4)
 *fill*         0x200022dd        0x3 
                0x200022e0                        __bss_end__ = .

.heap           0x200022e0    0x3dd20 load address 0x10008e5c
                0x200022e0                        __end__ = .
                0x200022e0                        end = __end__
 *(.heap*)
 .heap          0x200022e0      0x800 CMakeFiles/dht_example.dir/home/fen/pico-sdk/src/rp2_common/pico_crt0/crt0.S.obj
                0x20040000                        . = (ORIGIN (RAM) + LENGTH (RAM))
 *fill*         0x20002ae0    0x3d520 
                0x20040000                        __HeapLimit = .

.scratch_x      0x20040000        0x0 load address 0x10008e5c
                0x20040000                        __scratch_x_start__ = .
 *(.scratch_x.*)
                0x20040000                        . = ALIGN (0x4)
                0x20040000                        __scratch_x_end__ = .
                0x10008e5c                        __scratch_x_source__ = LOADADDR (.scratch_x)

.scratch_y      0x20041000        0x0 load address 0x10008e5c
                0x20041000                        __scratch_y_start__ = .
 *(.scratch_y.*)
                0x20041000                        . = ALIGN (0x4)
                0x20041000                        __scratch_y_end__ = .
                0x10008e5c                        __scratch_y_source__ = LOADADDR (.scratch_y)

.stack1_dummy
 *(.stack1*)

.stack_dummy    0x20041000      0x800
 *(.stack*)
 .stack         0x20041000      0x800 CMakeFiles/dht_example.dir/home/fen/pico-sdk/src/rp2_common/pico_crt0/crt0.S.obj

.flash_end      0x10008e5c        0x0
 *(.embedded_end_block*)
                0x10008e5c                        PROVIDE (__flash_binary_end = .)
                0x20040000                        __StackLimit = (ORIGIN (RAM) + LENGTH (RAM))
                0x20041000                        __StackOneTop = (ORIGIN (SCRATCH_X) + LENGTH (SCRATCH_X))
                0x20042000                        __StackTop = (ORIGIN (SCRATCH_Y) + LENGTH (SCRATCH_Y))
                0x20041000                        __StackOneBottom = (__StackOneTop - SIZEOF (.stack1_dummy))
                0x20041800                        __StackBottom = (__StackTop - SIZEOF (.stack_dummy))
                0x20042000                        PROVIDE (__stack = __StackTop)
                [!provide]                        PROVIDE (__heap_start = __end__)
                [!provide]                        PROVIDE (__heap_end = __HeapLimit)
                [!provide]                        PROVIDE (__tls_align = MAX (ALIGNOF (.tdata), ALIGNOF (.tbss)))
                [!provide]                        PROVIDE (__tls_size_align = (((__tls_size + __tls_align) - 0x1) & ~ ((__tls_align - 0x1))))
                [!provide]                        PROVIDE (__arm32_tls_tcb_offset = MAX (0x8, __tls_align))
                [!provide]                        PROVIDE (_end = __end__)
                [!provide]                        PROVIDE (__llvm_libc_heap_limit = __HeapLimit)
                0x00000001                        ASSERT ((__StackLimit >= __HeapLimit), region RAM overflowed)
                0x00000001                        ASSERT (((__binary_info_header_end - __logical_binary_start) <= 0x100), Binary info must be in first 256 bytes of the binary)
LOAD CMakeFiles/dht_example.dir/dht_example.c.obj
LOAD CMakeFiles/dht_example.dir/dht/dht.c.obj
LOAD CMakeFiles/dht_example.dir/home/fen/pico-sdk/src/rp2_common/hardware_clocks/clocks.c.obj
LOAD CMakeFiles/dht_example.dir/home/fen/pico-sdk/src/rp2040/pico_platform/platform.c.obj
LOAD CMakeFiles/dht_example.dir/home/fen/pico-sdk/src/rp2_common/pico_platform_panic/panic.c.obj
LOAD CMakeFiles/dht_example.dir/home/fen/pico-sdk/src/common/hardware_claim/claim.c.obj
LOAD CMakeFiles/dht_example.dir/home/fen/pico-sdk/src/rp2_common/hardware_sync/sync.c.obj
LOAD CMakeFiles/dht_example.dir/home/fen/pico-sdk/src/rp2_common/hardware_sync_spin_lock/sync_spin_lock.c.obj
LOAD CMakeFiles/dht_example.dir/home/fen/pico-sdk/src/rp2_common/hardware_gpio/gpio.c.obj
LOAD CMakeFiles/dht_example.dir/home/fen/pico-sdk/src/rp2_common/hardware_irq/irq.c.obj
LOAD CMakeFiles/dht_example.dir/home/fen/pico-sdk/src/rp2_common/hardware_irq/irq_handler_chain.S.obj
LOAD CMakeFiles/dht_example.dir/home/fen/pico-sdk/src/common/pico_sync/sem.c.obj
LOAD CMakeFiles/dht_example.dir/home/fen/pico-sdk/src/common/pico_sync/lock_core.c.obj
LOAD CMakeFiles/dht_example.dir/home/fen/pico-sdk/src/common/pico_sync/mutex.c.obj
LOAD CMakeFiles/dht_example.dir/home/fen/pico-sdk/src/common/pico_sync/critical_section.c.obj
LOAD CMakeFiles/dht_example.dir/home/fen/pico-sdk/src/common/pico_time/time.c.obj
LOAD CMakeFiles/dht_example.dir/home/fen/pico-sdk/src/common/pico_time/timeout_helper.c.obj
LOAD CMakeFiles/dht_example.dir/home/fen/pico-sdk/src/rp2_common/hardware_timer/timer.c.obj
LOAD CMakeFiles/dht_example.dir/home/fen/pico-sdk/src/common/pico_util/datetime.c.obj
LOAD CMakeFiles/dht_example.dir/home/fen/pico-sdk/src/common/pico_util/pheap.c.obj
LOAD CMakeFiles/dht_example.dir/home/fen/pico-sdk/src/common/pico_util/queue.c.obj
LOAD CMakeFiles/dht_example.dir/home/fen/pico-sdk/src/rp2_common/hardware_pll/pll.c.obj
LOAD CMakeFiles/dht_example.dir/home/fen/pico-sdk/src/rp2_common/hardware_vreg/vreg.c.obj
LOAD CMakeFiles/dht_example.dir/home/fen/pico-sdk/src/rp2_common/hardware_watchdog/watchdog.c.obj
LOAD CMakeFiles/dht_example.dir/home/fen/pico-sdk/src/rp2_common/hardware_ticks/ticks.c.obj
LOAD CMakeFiles/dht_example.dir/home/fen/pico-sdk/src/rp2_common/hardware_xosc/xosc.c.obj
LOAD CMakeFiles/dht_example.dir/home/fen/pico-sdk/src/rp2_common/hardware_dma/dma.c.obj
LOAD CMakeFiles/dht_example.dir/home/fen/pico-sdk/src/rp2_common/hardware_pio/pio.c.obj
LOAD CMakeFiles/dht_example.dir/home/fen/pico-sdk/src/rp2_common/pico_stdlib/stdlib.c.obj
LOAD CMakeFiles/dht_example.dir/home/fen/pico-sdk/src/rp2_common/hardware_uart/uart.c.obj
LOAD CMakeFiles/dht_example.dir/home/fen/pico-sdk/src/rp2_common/hardware_divider/divider.S.obj
LOAD CMakeFiles/dht_example.dir/home/fen/pico-sdk/src/rp2_common/pico_runtime/runtime.c.obj
LOAD CMakeFiles/dht_example.dir/home/fen/pico-sdk/src/rp2_common/pico_runtime_init/runtime_init.c.obj
LOAD CMakeFiles/dht_example.dir/home/fen/pico-sdk/src/rp2_common/pico_runtime_init/runtime_init_clocks.c.obj
LOAD CMakeFiles/dht_example.dir/home/fen/pico-sdk/src/rp2_common/pico_runtime_init/runtime_init_stack_guard.c.obj
LOAD CMakeFiles/dht_example.dir/home/fen/pico-sdk/src/rp2_common/pico_bit_ops/bit_ops_aeabi.S.obj
LOAD CMakeFiles/dht_example.dir/home/fen/pico-sdk/src/rp2_common/pico_bootrom/bootrom.c.obj
LOAD CMakeFiles/dht_example.dir/home/fen/pico-sdk/src/rp2_common/pico_bootrom/bootrom_lock.c.obj
LOAD CMakeFiles/dht_example.dir/home/fen/pico-sdk/src/rp2_common/hardware_boot_lock/boot_lock.c.obj