Archive member included to satisfy reference by file (symbol)

/usr/lib/gcc/arm-none-eabi/14.1.0/thumb/v6-m/nofp/libgcc.a(_dvmd_tls.o)
                              CMakeFiles/lab2_RTOS.dir/home/fen/pico-sdk/src/rp2_common/pico_divider/divider_hardware.S.obj (__aeabi_idiv0)
/usr/lib/gcc/arm-none-eabi/14.1.0/../../../../arm-none-eabi/lib/thumb/v6-m/nofp/libg.a(libc_a-atexit.o)
                              /usr/lib/gcc/arm-none-eabi/14.1.0/../../../../arm-none-eabi/lib/thumb/v6-m/nofp/crt0.o (atexit)
/usr/lib/gcc/arm-none-eabi/14.1.0/../../../../arm-none-eabi/lib/thumb/v6-m/nofp/libg.a(libc_a-calloc.o)
                              CMakeFiles/lab2_RTOS.dir/home/fen/pico-sdk/src/rp2_common/pico_malloc/malloc.c.obj (calloc)
/usr/lib/gcc/arm-none-eabi/14.1.0/../../../../arm-none-eabi/lib/thumb/v6-m/nofp/libg.a(libc_a-callocr.o)
                              /usr/lib/gcc/arm-none-eabi/14.1.0/../../../../arm-none-eabi/lib/thumb/v6-m/nofp/libg.a(libc_a-calloc.o) (_calloc_r)
/usr/lib/gcc/arm-none-eabi/14.1.0/../../../../arm-none-eabi/lib/thumb/v6-m/nofp/libg.a(libc_a-malloc.o)
                              CMakeFiles/lab2_RTOS.dir/home/fen/pico-sdk/src/rp2_common/pico_malloc/malloc.c.obj (malloc)
/usr/lib/gcc/arm-none-eabi/14.1.0/../../../../arm-none-eabi/lib/thumb/v6-m/nofp/libg.a(libc_a-mallocr.o)
                              /usr/lib/gcc/arm-none-eabi/14.1.0/../../../../arm-none-eabi/lib/thumb/v6-m/nofp/libg.a(libc_a-callocr.o) (_malloc_r)
/usr/lib/gcc/arm-none-eabi/14.1.0/../../../../arm-none-eabi/lib/thumb/v6-m/nofp/libg.a(libc_a-mlock.o)
                              /usr/lib/gcc/arm-none-eabi/14.1.0/../../../../arm-none-eabi/lib/thumb/v6-m/nofp/libg.a(libc_a-mallocr.o) (__malloc_lock)
/usr/lib/gcc/arm-none-eabi/14.1.0/../../../../arm-none-eabi/lib/thumb/v6-m/nofp/libg.a(libc_a-realloc.o)
                              CMakeFiles/lab2_RTOS.dir/home/fen/pico-sdk/src/rp2_common/pico_malloc/malloc.c.obj (realloc)
/usr/lib/gcc/arm-none-eabi/14.1.0/../../../../arm-none-eabi/lib/thumb/v6-m/nofp/libg.a(libc_a-reallocr.o)
                              /usr/lib/gcc/arm-none-eabi/14.1.0/../../../../arm-none-eabi/lib/thumb/v6-m/nofp/libg.a(libc_a-realloc.o) (_realloc_r)
/usr/lib/gcc/arm-none-eabi/14.1.0/../../../../arm-none-eabi/lib/thumb/v6-m/nofp/libg.a(libc_a-memcmp.o)
                              CMakeFiles/lab2_RTOS.dir/home/fen/pico-sdk/src/rp2_common/pico_atomic/atomic.c.obj (memcmp)
/usr/lib/gcc/arm-none-eabi/14.1.0/../../../../arm-none-eabi/lib/thumb/v6-m/nofp/libg.a(libc_a-memmove.o)
                              /usr/lib/gcc/arm-none-eabi/14.1.0/../../../../arm-none-eabi/lib/thumb/v6-m/nofp/libg.a(libc_a-reallocr.o) (memmove)
/usr/lib/gcc/arm-none-eabi/14.1.0/../../../../arm-none-eabi/lib/thumb/v6-m/nofp/libg.a(libc_a-lcltime_r.o)
                              CMakeFiles/lab2_RTOS.dir/home/fen/pico-sdk/src/common/pico_util/datetime.c.obj (localtime_r)
/usr/lib/gcc/arm-none-eabi/14.1.0/../../../../arm-none-eabi/lib/thumb/v6-m/nofp/libg.a(libc_a-mktime.o)
                              CMakeFiles/lab2_RTOS.dir/home/fen/pico-sdk/src/common/pico_util/datetime.c.obj (mktime)
/usr/lib/gcc/arm-none-eabi/14.1.0/../../../../arm-none-eabi/lib/thumb/v6-m/nofp/libg.a(libc_a-month_lengths.o)
                              /usr/lib/gcc/arm-none-eabi/14.1.0/../../../../arm-none-eabi/lib/thumb/v6-m/nofp/libg.a(libc_a-lcltime_r.o) (__month_lengths)
/usr/lib/gcc/arm-none-eabi/14.1.0/../../../../arm-none-eabi/lib/thumb/v6-m/nofp/libg.a(libc_a-tzcalc_limits.o)
                              /usr/lib/gcc/arm-none-eabi/14.1.0/../../../../arm-none-eabi/lib/thumb/v6-m/nofp/libg.a(libc_a-lcltime_r.o) (__tzcalc_limits)
/usr/lib/gcc/arm-none-eabi/14.1.0/../../../../arm-none-eabi/lib/thumb/v6-m/nofp/libg.a(libc_a-tzlock.o)
                              /usr/lib/gcc/arm-none-eabi/14.1.0/../../../../arm-none-eabi/lib/thumb/v6-m/nofp/libg.a(libc_a-lcltime_r.o) (__tz_lock)
/usr/lib/gcc/arm-none-eabi/14.1.0/../../../../arm-none-eabi/lib/thumb/v6-m/nofp/libg.a(libc_a-tzset.o)
                              /usr/lib/gcc/arm-none-eabi/14.1.0/../../../../arm-none-eabi/lib/thumb/v6-m/nofp/libg.a(libc_a-lcltime_r.o) (_tzset_unlocked)
/usr/lib/gcc/arm-none-eabi/14.1.0/../../../../arm-none-eabi/lib/thumb/v6-m/nofp/libg.a(libc_a-tzset_r.o)
                              /usr/lib/gcc/arm-none-eabi/14.1.0/../../../../arm-none-eabi/lib/thumb/v6-m/nofp/libg.a(libc_a-tzset.o) (_tzset_unlocked_r)
/usr/lib/gcc/arm-none-eabi/14.1.0/../../../../arm-none-eabi/lib/thumb/v6-m/nofp/libg.a(libc_a-tzvars.o)
                              /usr/lib/gcc/arm-none-eabi/14.1.0/../../../../arm-none-eabi/lib/thumb/v6-m/nofp/libg.a(libc_a-tzset_r.o) (_timezone)
/usr/lib/gcc/arm-none-eabi/14.1.0/../../../../arm-none-eabi/lib/thumb/v6-m/nofp/libg.a(libc_a-impure.o)
                              /usr/lib/gcc/arm-none-eabi/14.1.0/../../../../arm-none-eabi/lib/thumb/v6-m/nofp/libg.a(libc_a-calloc.o) (_impure_ptr)
[...]
Memory Configuration

Name             Origin             Length             Attributes
FLASH            0x10000000         0x00200000         xr
RAM              0x20000000         0x00040000         xrw
SCRATCH_X        0x20040000         0x00001000         xrw
SCRATCH_Y        0x20041000         0x00001000         xrw
*default*        0x00000000         0xffffffff

Linker script and memory map

LOAD /usr/lib/gcc/arm-none-eabi/14.1.0/thumb/v6-m/nofp/crti.o
LOAD /usr/lib/gcc/arm-none-eabi/14.1.0/thumb/v6-m/nofp/crtbegin.o
LOAD /usr/lib/gcc/arm-none-eabi/14.1.0/../../../../arm-none-eabi/lib/thumb/v6-m/nofp/crt0.o

.flash_begin    0x10000000        0x0
                0x10000000                        __flash_binary_start = .

.boot2          0x10000000      0x100
                0x10000000                        __boot2_start__ = .
 *(.boot2)
 .boot2         0x10000000      0x100 /tmp/cc2VZb4v.o
                0x10000100                        __boot2_end__ = .
                0x00000001                        ASSERT (((__boot2_end__ - __boot2_start__) == 0x100), ERROR: Pico second stage bootloader must be 256 bytes in size)

.text           0x10000100     0x967c
                0x10000100                        __logical_binary_start = .
 *(.vectors)
 .vectors       0x10000100       0xd4 CMakeFiles/lab2_RTOS.dir/home/fen/pico-sdk/src/rp2_common/pico_crt0/crt0.S.obj
                0x10000100                __vectors
                0x10000100                __VECTOR_TABLE
                0x100001c0                isr_invalid
                0x100001c0                __default_isrs_start
                0x100001c2                isr_nmi
                0x100001c4                isr_hardfault
                0x100001c6                isr_svcall
                0x100001c8                isr_pendsv
                0x100001ca                isr_systick
                0x100001cc                isr_irq30
                0x100001cc                __unhandled_user_irq
                0x100001cc                isr_irq13
                0x100001cc                isr_irq27
                0x100001cc                isr_irq31
                0x100001cc                isr_irq5
                0x100001cc                isr_irq11
                0x100001cc                isr_irq23
                0x100001cc                isr_irq18
                0x100001cc                isr_irq28
                0x100001cc                isr_irq19
                0x100001cc                isr_irq0
                0x100001cc                isr_irq6
                0x100001cc                isr_irq22
                0x100001cc                isr_irq17
                0x100001cc                isr_irq14
                0x100001cc                isr_irq2
                0x100001cc                isr_irq10
                0x100001cc                isr_irq8
                0x100001cc                isr_irq24
                0x100001cc                isr_irq1
                0x100001cc                isr_irq7
                0x100001cc                isr_irq21
                0x100001cc                isr_irq20
                0x100001cc                isr_irq15
                0x100001cc                isr_irq25
                0x100001cc                isr_irq4
                0x100001cc                isr_irq16
                0x100001cc                isr_irq29
                0x100001cc                isr_irq26
                0x100001cc                __default_isrs_end
                0x100001cc                isr_irq3
                0x100001cc                isr_irq12
                0x100001cc                isr_irq9
                0x100001d2                unhandled_user_irq_num_in_r0
 *(.binary_info_header)
 .binary_info_header
                0x100001d4       0x14 CMakeFiles/lab2_RTOS.dir/home/fen/pico-sdk/src/rp2_common/pico_crt0/crt0.S.obj
                0x100001e8                        __binary_info_header_end = .
 *(.embedded_block)
                0x100001e8                        __embedded_block_end = .
 *(.reset)
 .reset         0x100001e8       0x9c CMakeFiles/lab2_RTOS.dir/home/fen/pico-sdk/src/rp2_common/pico_crt0/crt0.S.obj
                0x100001e8                _entry_point
 *(.init)
 .init          0x10000284        0x4 /usr/lib/gcc/arm-none-eabi/14.1.0/thumb/v6-m/nofp/crti.o
                0x10000284                _init
 *(EXCLUDE_FILE(*libm.a: *libc.a:*lib_a-mem*.o *libgcc.a:) .text*)
 .text.frame_dummy
                0x10000288       0x20 /usr/lib/gcc/arm-none-eabi/14.1.0/thumb/v6-m/nofp/crtbegin.o
 .text.temp_task
                0x100002a8       0x78 CMakeFiles/lab2_RTOS.dir/main.c.obj
                0x100002a8                temp_task
 .text.btn_task
                0x10000320       0x40 CMakeFiles/lab2_RTOS.dir/main.c.obj
                0x10000320                btn_task
 .text.startup.main
                0x10000360       0x7c CMakeFiles/lab2_RTOS.dir/main.c.obj
                0x10000360                main
 .text.gpio_set_function
                0x100003dc       0x34 CMakeFiles/lab2_RTOS.dir/home/fen/pico-sdk/src/rp2_common/hardware_gpio/gpio.c.obj
                0x100003dc                gpio_set_function
 .text.gpio_set_pulls
                0x10000410       0x28 CMakeFiles/lab2_RTOS.dir/home/fen/pico-sdk/src/rp2_common/hardware_gpio/gpio.c.obj
                0x10000410                gpio_set_pulls
 .text.gpio_init
                0x10000438       0x40 CMakeFiles/lab2_RTOS.dir/home/fen/pico-sdk/src/rp2_common/hardware_gpio/gpio.c.obj
                0x10000438                gpio_init
 .text.rp2040_chip_version
                0x10000478        0xc CMakeFiles/lab2_RTOS.dir/home/fen/pico-sdk/src/rp2040/pico_platform/platform.c.obj
                0x10000478                rp2040_chip_version
 .text.panic    0x10000484       0x30 CMakeFiles/lab2_RTOS.dir/home/fen/pico-sdk/src/rp2_common/pico_platform_panic/panic.c.obj
                0x10000484                panic
 .text.panic_unsupported
                0x100004b4        0xc CMakeFiles/lab2_RTOS.dir/home/fen/pico-sdk/src/rp2_common/pico_platform_panic/panic.c.obj
                0x100004b4                panic_unsupported
 .text.hw_claim_lock
                0x100004c0       0x18 CMakeFiles/lab2_RTOS.dir/home/fen/pico-sdk/src/common/hardware_claim/claim.c.obj
                0x100004c0                hw_claim_lock
 .text.hw_claim_unlock
                0x100004d8       0x14 CMakeFiles/lab2_RTOS.dir/home/fen/pico-sdk/src/common/hardware_claim/claim.c.obj
                0x100004d8                hw_claim_unlock
 .text.hw_claim_or_assert
                0x100004ec       0x44 CMakeFiles/lab2_RTOS.dir/home/fen/pico-sdk/src/common/hardware_claim/claim.c.obj
                0x100004ec                hw_claim_or_assert
 .text.hw_claim_unused_from_range
                0x10000530       0x88 CMakeFiles/lab2_RTOS.dir/home/fen/pico-sdk/src/common/hardware_claim/claim.c.obj
                0x10000530                hw_claim_unused_from_range
 .text.next_striped_spin_lock_num
                0x100005b8       0x18 CMakeFiles/lab2_RTOS.dir/home/fen/pico-sdk/src/rp2_common/hardware_sync/sync.c.obj
                0x100005b8                next_striped_spin_lock_num
 .text.spin_lock_claim_unused
                0x100005d0       0x24 CMakeFiles/lab2_RTOS.dir/home/fen/pico-sdk/src/rp2_common/hardware_sync/sync.c.obj
                0x100005d0                spin_lock_claim_unused
 .text.spin_locks_reset
                0x100005f4       0x1c CMakeFiles/lab2_RTOS.dir/home/fen/pico-sdk/src/rp2_common/hardware_sync_spin_lock/sync_spin_lock.c.obj
                0x100005f4                spin_locks_reset
 .text.runtime_init_per_core_irq_priorities
                0x10000610       0x24 CMakeFiles/lab2_RTOS.dir/home/fen/pico-sdk/src/rp2_common/hardware_irq/irq.c.obj
                0x10000610                runtime_init_per_core_irq_priorities
 .text.irq_set_enabled
                0x10000634       0x24 CMakeFiles/lab2_RTOS.dir/home/fen/pico-sdk/src/rp2_common/hardware_irq/irq.c.obj
                0x10000634                irq_set_enabled
 .text.irq_is_enabled
                0x10000658       0x18 CMakeFiles/lab2_RTOS.dir/home/fen/pico-sdk/src/rp2_common/hardware_irq/irq.c.obj
                0x10000658                irq_is_enabled
 .text.irq_set_pending
                0x10000670       0x10 CMakeFiles/lab2_RTOS.dir/home/fen/pico-sdk/src/rp2_common/hardware_irq/irq.c.obj
                0x10000670                irq_set_pending
 .text.irq_has_shared_handler
                0x10000680       0x2c CMakeFiles/lab2_RTOS.dir/home/fen/pico-sdk/src/rp2_common/hardware_irq/irq.c.obj
                0x10000680                irq_has_shared_handler
 .text.irq_set_exclusive_handler
                0x100006ac       0x54 CMakeFiles/lab2_RTOS.dir/home/fen/pico-sdk/src/rp2_common/hardware_irq/irq.c.obj
                0x100006ac                irq_set_exclusive_handler
 .text.irq_add_shared_handler
                0x10000700      0x1f4 CMakeFiles/lab2_RTOS.dir/home/fen/pico-sdk/src/rp2_common/hardware_irq/irq.c.obj
                0x10000700                irq_add_shared_handler
 .text.irq_remove_handler
                0x100008f4      0x1d4 CMakeFiles/lab2_RTOS.dir/home/fen/pico-sdk/src/rp2_common/hardware_irq/irq.c.obj
                0x100008f4                irq_remove_handler
 .text.irq_set_priority
                0x10000ac8       0x28 CMakeFiles/lab2_RTOS.dir/home/fen/pico-sdk/src/rp2_common/hardware_irq/irq.c.obj
                0x10000ac8                irq_set_priority
 .text.irq_add_tail_to_free_list
                0x10000af0       0xb4 CMakeFiles/lab2_RTOS.dir/home/fen/pico-sdk/src/rp2_common/hardware_irq/irq.c.obj
                0x10000af0                irq_add_tail_to_free_list
 .text.user_irq_claim_unused
                0x10000ba4       0x2c CMakeFiles/lab2_RTOS.dir/home/fen/pico-sdk/src/rp2_common/hardware_irq/irq.c.obj
                0x10000ba4                user_irq_claim_unused
 .text.lock_init
                0x10000bd0       0x10 CMakeFiles/lab2_RTOS.dir/home/fen/pico-sdk/src/common/pico_sync/lock_core.c.obj
                0x10000bd0                lock_init
 .text.runtime_init_mutex
                0x10000be0       0x54 CMakeFiles/lab2_RTOS.dir/home/fen/pico-sdk/src/common/pico_sync/mutex.c.obj
                0x10000be0                runtime_init_mutex
 .text.mutex_init
                0x10000c34       0x1c CMakeFiles/lab2_RTOS.dir/home/fen/pico-sdk/src/common/pico_sync/mutex.c.obj
                0x10000c34                mutex_init
 .text.critical_section_init
                0x10000c50       0x1c CMakeFiles/lab2_RTOS.dir/home/fen/pico-sdk/src/common/pico_sync/critical_section.c.obj
                0x10000c50                critical_section_init
 .text.critical_section_init_with_lock_num
                0x10000c6c       0x14 CMakeFiles/lab2_RTOS.dir/home/fen/pico-sdk/src/common/pico_sync/critical_section.c.obj
                0x10000c6c                critical_section_init_with_lock_num
 .text.alarm_pool_irq_handler
                0x10000c80      0x300 CMakeFiles/lab2_RTOS.dir/home/fen/pico-sdk/src/common/pico_time/time.c.obj
 .text.sleep_until_callback
                0x10000f80       0x24 CMakeFiles/lab2_RTOS.dir/home/fen/pico-sdk/src/common/pico_time/time.c.obj
 .text.runtime_init_default_alarm_pool
                0x10000fa4       0xdc CMakeFiles/lab2_RTOS.dir/home/fen/pico-sdk/src/common/pico_time/time.c.obj
                0x10000fa4                runtime_init_default_alarm_pool
 .text.alarm_pool_get_default
                0x10001080        0x8 CMakeFiles/lab2_RTOS.dir/home/fen/pico-sdk/src/common/pico_time/time.c.obj
                0x10001080                alarm_pool_get_default
 .text.alarm_pool_add_alarm_at
                0x10001088       0xd0 CMakeFiles/lab2_RTOS.dir/home/fen/pico-sdk/src/common/pico_time/time.c.obj
                0x10001088                alarm_pool_add_alarm_at
 .text.alarm_pool_cancel_alarm
                0x10001158       0x74 CMakeFiles/lab2_RTOS.dir/home/fen/pico-sdk/src/common/pico_time/time.c.obj
                0x10001158                alarm_pool_cancel_alarm
 .text.alarm_pool_core_num
                0x100011cc        0x4 CMakeFiles/lab2_RTOS.dir/home/fen/pico-sdk/src/common/pico_time/time.c.obj
                0x100011cc                alarm_pool_core_num
 .text.best_effort_wfe_or_timeout
                0x100011d0      0x134 CMakeFiles/lab2_RTOS.dir/home/fen/pico-sdk/src/common/pico_time/time.c.obj
                0x100011d0                best_effort_wfe_or_timeout
 .text.timer_hardware_alarm_claim
                0x10001304       0x14 CMakeFiles/lab2_RTOS.dir/home/fen/pico-sdk/src/rp2_common/hardware_timer/timer.c.obj
                0x10001304                timer_hardware_alarm_claim
 .text.timer_time_us_64
                0x10001318       0x10 CMakeFiles/lab2_RTOS.dir/home/fen/pico-sdk/src/rp2_common/hardware_timer/timer.c.obj
                0x10001318                timer_time_us_64
 .text.time_us_64
                0x10001328       0x14 CMakeFiles/lab2_RTOS.dir/home/fen/pico-sdk/src/rp2_common/hardware_timer/timer.c.obj
                0x10001328                time_us_64
 .text.busy_wait_us
                0x1000133c       0x68 CMakeFiles/lab2_RTOS.dir/home/fen/pico-sdk/src/rp2_common/hardware_timer/timer.c.obj
                0x1000133c                busy_wait_us
 .text.uart_init
                0x100013a4      0x120 CMakeFiles/lab2_RTOS.dir/home/fen/pico-sdk/src/rp2_common/hardware_uart/uart.c.obj
                0x100013a4                uart_init
 .text.clock_configure_int_divider
                0x100014c4       0xf4 CMakeFiles/lab2_RTOS.dir/home/fen/pico-sdk/src/rp2_common/hardware_clocks/clocks.c.obj
                0x100014c4                clock_configure_int_divider
 .text.clock_configure_undivided
                0x100015b8       0xe8 CMakeFiles/lab2_RTOS.dir/home/fen/pico-sdk/src/rp2_common/hardware_clocks/clocks.c.obj
                0x100015b8                clock_configure_undivided
 .text.clock_get_hz
                0x100016a0        0xc CMakeFiles/lab2_RTOS.dir/home/fen/pico-sdk/src/rp2_common/hardware_clocks/clocks.c.obj
                0x100016a0                clock_get_hz
 .text.pll_init
                0x100016ac       0xa4 CMakeFiles/lab2_RTOS.dir/home/fen/pico-sdk/src/rp2_common/hardware_pll/pll.c.obj
                0x100016ac                pll_init
 .text.watchdog_reboot
                0x10001750       0x9c CMakeFiles/lab2_RTOS.dir/home/fen/pico-sdk/src/rp2_common/hardware_watchdog/watchdog.c.obj
                0x10001750                watchdog_reboot
 .text.tick_start
                0x100017ec       0x10 CMakeFiles/lab2_RTOS.dir/home/fen/pico-sdk/src/rp2_common/hardware_ticks/ticks.c.obj
                0x100017ec                tick_start
 .text.xosc_init
                0x100017fc       0x28 CMakeFiles/lab2_RTOS.dir/home/fen/pico-sdk/src/rp2_common/hardware_xosc/xosc.c.obj
                0x100017fc                xosc_init
 .text.first_per_core_initializer
                0x10001824        0x4 CMakeFiles/lab2_RTOS.dir/home/fen/pico-sdk/src/rp2_common/pico_runtime/runtime.c.obj
 .text.hard_assertion_failure
                0x10001828        0xc CMakeFiles/lab2_RTOS.dir/home/fen/pico-sdk/src/rp2_common/pico_runtime/runtime.c.obj
                0x10001828                hard_assertion_failure
 .text.runtime_run_initializers
                0x10001834       0x28 CMakeFiles/lab2_RTOS.dir/home/fen/pico-sdk/src/rp2_common/pico_runtime/runtime.c.obj
                0x10001834                runtime_run_initializers
 .text.runtime_init_early_resets
                0x1000185c       0x2c CMakeFiles/lab2_RTOS.dir/home/fen/pico-sdk/src/rp2_common/pico_runtime_init/runtime_init.c.obj
                0x1000185c                runtime_init_early_resets
 .text.runtime_init_usb_power_down
                0x10001888       0x1c CMakeFiles/lab2_RTOS.dir/home/fen/pico-sdk/src/rp2_common/pico_runtime_init/runtime_init.c.obj
                0x10001888                runtime_init_usb_power_down
 .text.runtime_init_post_clock_resets
                0x100018a4       0x20 CMakeFiles/lab2_RTOS.dir/home/fen/pico-sdk/src/rp2_common/pico_runtime_init/runtime_init.c.obj
                0x100018a4                runtime_init_post_clock_resets
 .text.runtime_init_rp2040_gpio_ie_disable
                0x100018c4       0x14 CMakeFiles/lab2_RTOS.dir/home/fen/pico-sdk/src/rp2_common/pico_runtime_init/runtime_init.c.obj
                0x100018c4                runtime_init_rp2040_gpio_ie_disable
 .text.runtime_init_spin_locks_reset
                0x100018d8        0x8 CMakeFiles/lab2_RTOS.dir/home/fen/pico-sdk/src/rp2_common/pico_runtime_init/runtime_init.c.obj
                0x100018d8                runtime_init_spin_locks_reset
 .text.runtime_init_install_ram_vector_table
                0x100018e0       0x1c CMakeFiles/lab2_RTOS.dir/home/fen/pico-sdk/src/rp2_common/pico_runtime_init/runtime_init.c.obj
                0x100018e0                runtime_init_install_ram_vector_table
 .text.runtime_init_clocks
                0x100018fc       0xd8 CMakeFiles/lab2_RTOS.dir/home/fen/pico-sdk/src/rp2_common/pico_runtime_init/runtime_init_clocks.c.obj
                0x100018fc                runtime_init_clocks
 .text          0x100019d4       0x10 CMakeFiles/lab2_RTOS.dir/home/fen/pico-sdk/src/rp2_common/pico_bit_ops/bit_ops_aeabi.S.obj
 .text.rom_func_lookup
                0x100019e4       0x10 CMakeFiles/lab2_RTOS.dir/home/fen/pico-sdk/src/rp2_common/pico_bootrom/bootrom.c.obj
                0x100019e4                rom_func_lookup
 .text.rom_data_lookup
                0x100019f4       0x10 CMakeFiles/lab2_RTOS.dir/home/fen/pico-sdk/src/rp2_common/pico_bootrom/bootrom.c.obj
                0x100019f4                rom_data_lookup
 .text.rom_funcs_lookup
                0x10001a04       0x44 CMakeFiles/lab2_RTOS.dir/home/fen/pico-sdk/src/rp2_common/pico_bootrom/bootrom.c.obj
                0x10001a04                rom_funcs_lookup
 .text.rom_reset_usb_boot
                0x10001a48       0x1c CMakeFiles/lab2_RTOS.dir/home/fen/pico-sdk/src/rp2_common/pico_bootrom/bootrom.c.obj
                0x10001a48                rom_reset_usb_boot
 .text.__wrap___aeabi_idiv
                0x10001a64       0x50 CMakeFiles/lab2_RTOS.dir/home/fen/pico-sdk/src/rp2_common/pico_divider/divider_hardware.S.obj
                0x10001a64                __wrap___aeabi_idivmod
                0x10001a64                divmod_s32s32
                0x10001a64                div_s32s32
                0x10001a64                __wrap___aeabi_idiv
                0x10001a6c                divmod_s32s32_unsafe
                0x10001a98                divmod_s32s32_savestate
 .text.__wrap___aeabi_uidiv
                0x10001ab4       0x4c CMakeFiles/lab2_RTOS.dir/home/fen/pico-sdk/src/rp2_common/pico_divider/divider_hardware.S.obj
                0x10001ab4                __wrap___aeabi_uidiv
                0x10001ab4                __wrap___aeabi_uidivmod
                0x10001ab4                div_u32u32
                0x10001ab4                divmod_u32u32
                0x10001abc                divmod_u32u32_unsafe
                0x10001ae4                divmod_u32u32_savestate
 .text.__wrap___aeabi_ldiv
                0x10001b00      0x424 CMakeFiles/lab2_RTOS.dir/home/fen/pico-sdk/src/rp2_common/pico_divider/divider_hardware.S.obj
                0x10001b00                div_s64s64
                0x10001b00                divmod_s64s64
                0x10001b00                __wrap___aeabi_ldivmod
                0x10001b30                div_u64u64
                0x10001b30                divmod_u64u64
                0x10001b30                __wrap___aeabi_uldivmod
                0x10001b40                divmod_u64u64_savestate
                0x10001b60                divmod_s64s64_unsafe
                0x10001be8                divmod_u64u64_unsafe
 .text.__wrap___aeabi_darithmetic
                0x10001f24       0x80 CMakeFiles/lab2_RTOS.dir/home/fen/pico-sdk/src/rp2_common/pico_double/double_aeabi_rp2040.S.obj
                0x10001f24                __wrap___aeabi_drsub
                0x10001f2a                __wrap___aeabi_dsub
                0x10001f3c                __wrap___aeabi_dadd
                0x10001f4e                __wrap___aeabi_ddiv
                0x10001f8a                __wrap___aeabi_dmul
 .text.__wrap___aeabi_cdcmple
                0x10001fa4       0x6c CMakeFiles/lab2_RTOS.dir/home/fen/pico-sdk/src/rp2_common/pico_double/double_aeabi_rp2040.S.obj
                0x10001fa4                __wrap___aeabi_cdrcmple
                0x10001fb4                __wrap___aeabi_cdcmple
                0x10001fb4                __wrap___aeabi_cdcmpeq
 .text.__wrap___aeabi_dcmplt
                0x10002010        0xc CMakeFiles/lab2_RTOS.dir/home/fen/pico-sdk/src/rp2_common/pico_double/double_aeabi_rp2040.S.obj
                0x10002010                __wrap___aeabi_dcmplt
 .text.__wrap___aeabi_dcmple
                0x1000201c       0x10 CMakeFiles/lab2_RTOS.dir/home/fen/pico-sdk/src/rp2_common/pico_double/double_aeabi_rp2040.S.obj
                0x1000201c                __wrap___aeabi_dcmple
 .text.__wrap___aeabi_dcmpge
                0x1000202c       0x10 CMakeFiles/lab2_RTOS.dir/home/fen/pico-sdk/src/rp2_common/pico_double/double_aeabi_rp2040.S.obj
                0x1000202c                __wrap___aeabi_dcmpge
 .text.__wrap___aeabi_dcmpgt
                0x1000203c        0xa CMakeFiles/lab2_RTOS.dir/home/fen/pico-sdk/src/rp2_common/pico_double/double_aeabi_rp2040.S.obj
                0x1000203c                __wrap___aeabi_dcmpgt
 .text.__wrap___aeabi_dcmpun
                0x10002046       0x18 CMakeFiles/lab2_RTOS.dir/home/fen/pico-sdk/src/rp2_common/pico_double/double_aeabi_rp2040.S.obj
                0x10002046                __wrap___aeabi_dcmpun
 *fill*         0x1000205e        0x2 
 .text.__wrap___aeabi_i2d
                0x10002060       0x38 CMakeFiles/lab2_RTOS.dir/home/fen/pico-sdk/src/rp2_common/pico_double/double_aeabi_rp2040.S.obj
                0x10002060                __wrap___aeabi_ui2d
                0x10002068                __wrap___aeabi_i2d
 .text.__wrap___aeabi_d2iz
                0x10002098       0x48 CMakeFiles/lab2_RTOS.dir/home/fen/pico-sdk/src/rp2_common/pico_double/double_aeabi_rp2040.S.obj
                0x10002098                __wrap___aeabi_d2iz
                0x10002098                double2int_z
 .text.__wrap___aeabi_d2uiz
                0x100020e0       0x18 CMakeFiles/lab2_RTOS.dir/home/fen/pico-sdk/src/rp2_common/pico_double/double_aeabi_rp2040.S.obj
                0x100020e0                double2uint
                0x100020e0                __wrap___aeabi_d2uiz
 .text.__aeabi_double_init
                0x100020f8       0xa4 CMakeFiles/lab2_RTOS.dir/home/fen/pico-sdk/src/rp2_common/pico_double/double_init_rom_rp2040.c.obj
                0x100020f8                __aeabi_double_init
 .text.double_table_shim_on_use_helper
                0x1000219c       0x2c CMakeFiles/lab2_RTOS.dir/home/fen/pico-sdk/src/rp2_common/pico_double/double_v1_rom_shim_rp2040.S.obj
                0x1000219c                double_table_shim_on_use_helper
 .text.__wrap___aeabi_dsub
                0x100021c8       0x10 CMakeFiles/lab2_RTOS.dir/home/fen/pico-sdk/src/rp2_common/pico_double/double_v1_rom_shim_rp2040.S.obj
                0x100021c8                drsub_shim
                0x100021ce                dsub_shim
 .text.dadd_shim
                0x100021d8      0x15c CMakeFiles/lab2_RTOS.dir/home/fen/pico-sdk/src/rp2_common/pico_double/double_v1_rom_shim_rp2040.S.obj
                0x100021d8                dadd_shim
 .text.dmul_shim
                0x10002334      0x15c CMakeFiles/lab2_RTOS.dir/home/fen/pico-sdk/src/rp2_common/pico_double/double_v1_rom_shim_rp2040.S.obj
                0x10002334                dmul_shim
 .text.ddiv_shim
                0x10002490      0x1b0 CMakeFiles/lab2_RTOS.dir/home/fen/pico-sdk/src/rp2_common/pico_double/double_v1_rom_shim_rp2040.S.obj
                0x10002490                ddiv_shim
 .text.double2uint_shim
                0x10002640        0xe CMakeFiles/lab2_RTOS.dir/home/fen/pico-sdk/src/rp2_common/pico_double/double_v1_rom_shim_rp2040.S.obj
                0x10002640                double2uint_shim
                0x10002642                double2ufix_shim
 *fill*         0x1000264e        0x2 
 .text.double2uint64_shim
                0x10002650       0x70 CMakeFiles/lab2_RTOS.dir/home/fen/pico-sdk/src/rp2_common/pico_double/double_v1_rom_shim_rp2040.S.obj
                0x10002650                double2uint64_shim
                0x10002652                double2ufix64_shim
                0x10002672                d2fix_a
 .text.dunpacks
                0x100026c0       0x3c CMakeFiles/lab2_RTOS.dir/home/fen/pico-sdk/src/rp2_common/pico_double/double_v1_rom_shim_rp2040.S.obj
                0x100026c0                dunpacks
 .text.__aeabi_lmul
                0x100026fc       0x32 CMakeFiles/lab2_RTOS.dir/home/fen/pico-sdk/src/rp2_common/pico_int64_ops/pico_int64_ops_aeabi.S.obj
                0x100026fc                __wrap___aeabi_lmul
 *fill*         0x1000272e        0x2 
 .text.__wrap___aeabi_farithmetic
                0x10002730       0x48 CMakeFiles/lab2_RTOS.dir/home/fen/pico-sdk/src/rp2_common/pico_float/float_aeabi_rp2040.S.obj
                0x10002730                __wrap___aeabi_frsub
                0x10002736                __wrap___aeabi_fsub
                0x1000273c                __wrap___aeabi_fadd
                0x10002742                __wrap___aeabi_fdiv
                0x1000276a                __wrap___aeabi_fmul
 .text.__wrap___aeabi_ui2f
                0x10002778        0xa CMakeFiles/lab2_RTOS.dir/home/fen/pico-sdk/src/rp2_common/pico_float/float_aeabi_rp2040.S.obj
                0x10002778                uint2float
                0x10002778                __wrap___aeabi_ui2f
 *fill*         0x10002782        0x2 
 .text.__wrap___aeabi_i2f
                0x10002784       0x44 CMakeFiles/lab2_RTOS.dir/home/fen/pico-sdk/src/rp2_common/pico_float/float_aeabi_rp2040.S.obj
                0x10002784                int2float
                0x10002784                __wrap___aeabi_i2f
 .text.__wrap___aeabi_f2uiz
                0x100027c8        0xc CMakeFiles/lab2_RTOS.dir/home/fen/pico-sdk/src/rp2_common/pico_float/float_aeabi_rp2040.S.obj
                0x100027c8                float2uint_z
                0x100027c8                __wrap___aeabi_f2uiz
 .text.__wrap___aeabi_f2d
                0x100027d4       0x14 CMakeFiles/lab2_RTOS.dir/home/fen/pico-sdk/src/rp2_common/pico_float/float_aeabi_rp2040.S.obj
                0x100027d4                __wrap___aeabi_f2d
 .text.__aeabi_float_init
                0x100027e8       0x64 CMakeFiles/lab2_RTOS.dir/home/fen/pico-sdk/src/rp2_common/pico_float/float_init_rom_rp2040.c.obj
                0x100027e8                __aeabi_float_init
 .text.float_table_shim_on_use_helper
                0x1000284c       0x2c CMakeFiles/lab2_RTOS.dir/home/fen/pico-sdk/src/rp2_common/pico_float/float_v1_rom_shim_rp2040.S.obj
                0x1000284c                float_table_shim_on_use_helper
 .text.float2double_shim
                0x10002878       0x30 CMakeFiles/lab2_RTOS.dir/home/fen/pico-sdk/src/rp2_common/pico_float/float_v1_rom_shim_rp2040.S.obj
                0x10002878                float2double_shim
 .text          0x100028a8       0x10 CMakeFiles/lab2_RTOS.dir/home/fen/pico-sdk/src/rp2_common/pico_mem_ops/mem_ops_aeabi.S.obj
                0x100028a8                __aeabi_mem_init
 .text.memset   0x100028b8        0xc CMakeFiles/lab2_RTOS.dir/home/fen/pico-sdk/src/rp2_common/pico_mem_ops/mem_ops_aeabi.S.obj
                0x100028b8                __wrap_memset
 .text.memcpy   0x100028c4        0xc CMakeFiles/lab2_RTOS.dir/home/fen/pico-sdk/src/rp2_common/pico_mem_ops/mem_ops_aeabi.S.obj
                0x100028c4                __wrap___aeabi_memcpy
                0x100028c4                __wrap_memcpy
 .text._out_null
                0x100028d0        0x4 CMakeFiles/lab2_RTOS.dir/home/fen/pico-sdk/src/rp2_common/pico_printf/printf.c.obj
 .text._out_rev
                0x100028d4       0xac CMakeFiles/lab2_RTOS.dir/home/fen/pico-sdk/src/rp2_common/pico_printf/printf.c.obj
 .text._ntoa_format
                0x10002980      0x1cc CMakeFiles/lab2_RTOS.dir/home/fen/pico-sdk/src/rp2_common/pico_printf/printf.c.obj
 .text._out_char
                0x10002b4c       0x10 CMakeFiles/lab2_RTOS.dir/home/fen/pico-sdk/src/rp2_common/pico_printf/printf.c.obj
 .text._out_fct
                0x10002b5c       0x10 CMakeFiles/lab2_RTOS.dir/home/fen/pico-sdk/src/rp2_common/pico_printf/printf.c.obj
 .text._ftoa    0x10002b6c      0x4a8 CMakeFiles/lab2_RTOS.dir/home/fen/pico-sdk/src/rp2_common/pico_printf/printf.c.obj
 .text._etoa    0x10003014      0x57c CMakeFiles/lab2_RTOS.dir/home/fen/pico-sdk/src/rp2_common/pico_printf/printf.c.obj
 .text._vsnprintf
                0x10003590      0xbe0 CMakeFiles/lab2_RTOS.dir/home/fen/pico-sdk/src/rp2_common/pico_printf/printf.c.obj
 .text.vfctprintf
                0x10004170       0x24 CMakeFiles/lab2_RTOS.dir/home/fen/pico-sdk/src/rp2_common/pico_printf/printf.c.obj
                0x10004170                vfctprintf
 .text.weak_raw_vprintf
                0x10004194       0x30 CMakeFiles/lab2_RTOS.dir/home/fen/pico-sdk/src/rp2_common/pico_printf/printf.c.obj
                0x10004194                weak_raw_vprintf
 .text._exit    0x100041c4        0x4 CMakeFiles/lab2_RTOS.dir/home/fen/pico-sdk/src/rp2_common/pico_clib_interface/newlib_interface.c.obj
                0x100041c4                _exit
 .text.exit     0x100041c8        0x8 CMakeFiles/lab2_RTOS.dir/home/fen/pico-sdk/src/rp2_common/pico_clib_interface/newlib_interface.c.obj
                0x100041c8                exit
 .text.runtime_init
                0x100041d0       0x2c CMakeFiles/lab2_RTOS.dir/home/fen/pico-sdk/src/rp2_common/pico_clib_interface/newlib_interface.c.obj
                0x100041d0                runtime_init
 .text.stdio_out_chars_no_crlf
                0x100041fc       0x10 CMakeFiles/lab2_RTOS.dir/home/fen/pico-sdk/src/rp2_common/pico_stdio/stdio.c.obj
 .text.stdio_out_chars_crlf
                0x1000420c       0xb0 CMakeFiles/lab2_RTOS.dir/home/fen/pico-sdk/src/rp2_common/pico_stdio/stdio.c.obj
 .text.stdio_buffered_printer
                0x100042bc       0x64 CMakeFiles/lab2_RTOS.dir/home/fen/pico-sdk/src/rp2_common/pico_stdio/stdio.c.obj
 .text.stdio_put_string
                0x10004320       0xfc CMakeFiles/lab2_RTOS.dir/home/fen/pico-sdk/src/rp2_common/pico_stdio/stdio.c.obj
                0x10004320                stdio_put_string
 .text.stdio_set_driver_enabled
                0x1000441c       0x30 CMakeFiles/lab2_RTOS.dir/home/fen/pico-sdk/src/rp2_common/pico_stdio/stdio.c.obj
                0x1000441c                stdio_set_driver_enabled
 .text.stdio_init_all
                0x1000444c       0x10 CMakeFiles/lab2_RTOS.dir/home/fen/pico-sdk/src/rp2_common/pico_stdio/stdio.c.obj
                0x1000444c                stdio_init_all
 .text.__wrap_putchar
                0x1000445c       0x94 CMakeFiles/lab2_RTOS.dir/home/fen/pico-sdk/src/rp2_common/pico_stdio/stdio.c.obj
                0x1000445c                stdio_putchar
                0x1000445c                __wrap_putchar
 .text.__wrap_puts
                0x100044f0       0x3c CMakeFiles/lab2_RTOS.dir/home/fen/pico-sdk/src/rp2_common/pico_stdio/stdio.c.obj
                0x100044f0                __wrap_puts
                0x100044f0                stdio_puts
 .text.__wrap_vprintf
                0x1000452c       0xcc CMakeFiles/lab2_RTOS.dir/home/fen/pico-sdk/src/rp2_common/pico_stdio/stdio.c.obj
                0x1000452c                __wrap_vprintf
                0x1000452c                stdio_vprintf
 .text.__wrap_printf
                0x100045f8       0x18 CMakeFiles/lab2_RTOS.dir/home/fen/pico-sdk/src/rp2_common/pico_stdio/stdio.c.obj
                0x100045f8                stdio_printf
                0x100045f8                __wrap_printf
 .text.stdio_uart_out_chars
                0x10004610       0x4c CMakeFiles/lab2_RTOS.dir/home/fen/pico-sdk/src/rp2_common/pico_stdio_uart/stdio_uart.c.obj
 .text.stdio_uart_in_chars
                0x1000465c       0x90 CMakeFiles/lab2_RTOS.dir/home/fen/pico-sdk/src/rp2_common/pico_stdio_uart/stdio_uart.c.obj
                0x1000465c                stdio_uart_in_chars
 .text.on_uart_rx
                0x100046ec       0x28 CMakeFiles/lab2_RTOS.dir/home/fen/pico-sdk/src/rp2_common/pico_stdio_uart/stdio_uart.c.obj
 .text.stdio_uart_out_flush
                0x10004714       0x10 CMakeFiles/lab2_RTOS.dir/home/fen/pico-sdk/src/rp2_common/pico_stdio_uart/stdio_uart.c.obj
 .text.stdio_uart_set_chars_available_callback
                0x10004724       0x8c CMakeFiles/lab2_RTOS.dir/home/fen/pico-sdk/src/rp2_common/pico_stdio_uart/stdio_uart.c.obj
 .text.stdio_uart_init
                0x100047b0       0x50 CMakeFiles/lab2_RTOS.dir/home/fen/pico-sdk/src/rp2_common/pico_stdio_uart/stdio_uart.c.obj
                0x100047b0                stdio_uart_init
 .text.resetd_init
                0x10004800        0x4 CMakeFiles/lab2_RTOS.dir/home/fen/pico-sdk/src/rp2_common/pico_stdio_usb/reset_interface.c.obj
 .text.resetd_reset
                0x10004804        0xc CMakeFiles/lab2_RTOS.dir/home/fen/pico-sdk/src/rp2_common/pico_stdio_usb/reset_interface.c.obj
 .text.resetd_open
                0x10004810       0x28 CMakeFiles/lab2_RTOS.dir/home/fen/pico-sdk/src/rp2_common/pico_stdio_usb/reset_interface.c.obj
 .text.resetd_xfer_cb
                0x10004838        0x4 CMakeFiles/lab2_RTOS.dir/home/fen/pico-sdk/src/rp2_common/pico_stdio_usb/reset_interface.c.obj
 .text.resetd_control_xfer_cb
                0x1000483c       0x50 CMakeFiles/lab2_RTOS.dir/home/fen/pico-sdk/src/rp2_common/pico_stdio_usb/reset_interface.c.obj
 .text.tud_descriptor_bos_cb
                0x1000488c        0x8 CMakeFiles/lab2_RTOS.dir/home/fen/pico-sdk/src/rp2_common/pico_stdio_usb/reset_interface.c.obj
                0x1000488c                tud_descriptor_bos_cb
 .text.tud_vendor_control_xfer_cb
                0x10004894       0x34 CMakeFiles/lab2_RTOS.dir/home/fen/pico-sdk/src/rp2_common/pico_stdio_usb/reset_interface.c.obj
                0x10004894                tud_vendor_control_xfer_cb
 .text.usbd_app_driver_get_cb
                0x100048c8        0xc CMakeFiles/lab2_RTOS.dir/home/fen/pico-sdk/src/rp2_common/pico_stdio_usb/reset_interface.c.obj
                0x100048c8                usbd_app_driver_get_cb
 .text.tud_cdc_line_coding_cb
                0x100048d4       0x28 CMakeFiles/lab2_RTOS.dir/home/fen/pico-sdk/src/rp2_common/pico_stdio_usb/reset_interface.c.obj
                0x100048d4                tud_cdc_line_coding_cb
 .text.stdio_usb_set_chars_available_callback
                0x100048fc       0x14 CMakeFiles/lab2_RTOS.dir/home/fen/pico-sdk/src/rp2_common/pico_stdio_usb/stdio_usb.c.obj
                0x100048fc                stdio_usb_set_chars_available_callback
 .text.usb_irq  0x10004910       0x10 CMakeFiles/lab2_RTOS.dir/home/fen/pico-sdk/src/rp2_common/pico_stdio_usb/stdio_usb.c.obj
 .text.timer_task
                0x10004920       0x64 CMakeFiles/lab2_RTOS.dir/home/fen/pico-sdk/src/rp2_common/pico_stdio_usb/stdio_usb.c.obj
 .text.stdio_usb_in_chars
                0x10004984       0x8c CMakeFiles/lab2_RTOS.dir/home/fen/pico-sdk/src/rp2_common/pico_stdio_usb/stdio_usb.c.obj
                0x10004984                stdio_usb_in_chars
 .text.stdio_usb_out_flush
                0x10004a10       0x4c CMakeFiles/lab2_RTOS.dir/home/fen/pico-sdk/src/rp2_common/pico_stdio_usb/stdio_usb.c.obj
 .text.stdio_usb_out_chars
                0x10004a5c      0x100 CMakeFiles/lab2_RTOS.dir/home/fen/pico-sdk/src/rp2_common/pico_stdio_usb/stdio_usb.c.obj
 .text.low_priority_worker_irq
                0x10004b5c       0xc8 CMakeFiles/lab2_RTOS.dir/home/fen/pico-sdk/src/rp2_common/pico_stdio_usb/stdio_usb.c.obj
 .text.stdio_usb_init
                0x10004c24       0xe4 CMakeFiles/lab2_RTOS.dir/home/fen/pico-sdk/src/rp2_common/pico_stdio_usb/stdio_usb.c.obj
                0x10004c24                stdio_usb_init
 .text.tud_descriptor_device_cb
                0x10004d08        0x8 CMakeFiles/lab2_RTOS.dir/home/fen/pico-sdk/src/rp2_common/pico_stdio_usb/stdio_usb_descriptors.c.obj
                0x10004d08                tud_descriptor_device_cb
 .text.tud_descriptor_configuration_cb
                0x10004d10        0x8 CMakeFiles/lab2_RTOS.dir/home/fen/pico-sdk/src/rp2_common/pico_stdio_usb/stdio_usb_descriptors.c.obj
                0x10004d10                tud_descriptor_configuration_cb
 .text.tud_descriptor_string_cb
                0x10004d18       0x78 CMakeFiles/lab2_RTOS.dir/home/fen/pico-sdk/src/rp2_common/pico_stdio_usb/stdio_usb_descriptors.c.obj
                0x10004d18                tud_descriptor_string_cb
 .text.startup._retrieve_unique_id_on_boot
                0x10004d90       0x10 CMakeFiles/lab2_RTOS.dir/home/fen/pico-sdk/src/rp2_common/pico_unique_id/unique_id.c.obj
 .text.pico_get_unique_board_id_string
                0x10004da0      0x1a8 CMakeFiles/lab2_RTOS.dir/home/fen/pico-sdk/src/rp2_common/pico_unique_id/unique_id.c.obj
                0x10004da0                pico_get_unique_board_id_string
 .text.flash_get_unique_id
                0x10004f48       0x3c CMakeFiles/lab2_RTOS.dir/home/fen/pico-sdk/src/rp2_common/hardware_flash/flash.c.obj
                0x10004f48                flash_get_unique_id
 .text.dcd_init
                0x10004f84       0x8c CMakeFiles/lab2_RTOS.dir/home/fen/pico-sdk/lib/tinyusb/src/portable/raspberrypi/rp2040/dcd_rp2040.c.obj
                0x10004f84                dcd_init
 .text.dcd_int_enable
                0x10005010        0xc CMakeFiles/lab2_RTOS.dir/home/fen/pico-sdk/lib/tinyusb/src/portable/raspberrypi/rp2040/dcd_rp2040.c.obj
                0x10005010                dcd_int_enable
 .text.dcd_set_address
                0x1000501c       0x14 CMakeFiles/lab2_RTOS.dir/home/fen/pico-sdk/lib/tinyusb/src/portable/raspberrypi/rp2040/dcd_rp2040.c.obj
                0x1000501c                dcd_set_address
 .text.dcd_sof_enable
                0x10005030       0x1c CMakeFiles/lab2_RTOS.dir/home/fen/pico-sdk/lib/tinyusb/src/portable/raspberrypi/rp2040/dcd_rp2040.c.obj
                0x10005030                dcd_sof_enable
 .text.dcd_edpt0_status_complete
                0x1000504c       0x1c CMakeFiles/lab2_RTOS.dir/home/fen/pico-sdk/lib/tinyusb/src/portable/raspberrypi/rp2040/dcd_rp2040.c.obj
                0x1000504c                dcd_edpt0_status_complete
 .text.dcd_edpt_open
                0x10005068      0x108 CMakeFiles/lab2_RTOS.dir/home/fen/pico-sdk/lib/tinyusb/src/portable/raspberrypi/rp2040/dcd_rp2040.c.obj
                0x10005068                dcd_edpt_open
 .text.dcd_edpt_close_all
                0x10005170        0x8 CMakeFiles/lab2_RTOS.dir/home/fen/pico-sdk/lib/tinyusb/src/portable/raspberrypi/rp2040/dcd_rp2040.c.obj
                0x10005170                dcd_edpt_close_all
 .text.dcd_edpt_xfer
                0x10005178       0x24 CMakeFiles/lab2_RTOS.dir/home/fen/pico-sdk/lib/tinyusb/src/portable/raspberrypi/rp2040/dcd_rp2040.c.obj
                0x10005178                dcd_edpt_xfer
 .text.dcd_edpt_stall
                0x1000519c       0x3c CMakeFiles/lab2_RTOS.dir/home/fen/pico-sdk/lib/tinyusb/src/portable/raspberrypi/rp2040/dcd_rp2040.c.obj
                0x1000519c                dcd_edpt_stall
 .text.dcd_edpt_clear_stall
                0x100051d8       0x30 CMakeFiles/lab2_RTOS.dir/home/fen/pico-sdk/lib/tinyusb/src/portable/raspberrypi/rp2040/dcd_rp2040.c.obj
                0x100051d8                dcd_edpt_clear_stall
 .text.rp2040_usb_init
                0x10005208       0x40 CMakeFiles/lab2_RTOS.dir/home/fen/pico-sdk/lib/tinyusb/src/portable/raspberrypi/rp2040/rp2040_usb.c.obj
                0x10005208                rp2040_usb_init
 .text.hw_endpoint_xfer_start
                0x10005248       0x40 CMakeFiles/lab2_RTOS.dir/home/fen/pico-sdk/lib/tinyusb/src/portable/raspberrypi/rp2040/rp2040_usb.c.obj
                0x10005248                hw_endpoint_xfer_start
 .text.tud_event_hook_cb
                0x10005288        0x4 CMakeFiles/lab2_RTOS.dir/home/fen/pico-sdk/lib/tinyusb/src/device/usbd.c.obj
                0x10005288                tud_event_hook_cb
 .text.tud_sof_cb
                0x1000528c        0x4 CMakeFiles/lab2_RTOS.dir/home/fen/pico-sdk/lib/tinyusb/src/device/usbd.c.obj
                0x1000528c                tud_sof_cb
 .text.tud_descriptor_device_qualifier_cb
                0x10005290        0x4 CMakeFiles/lab2_RTOS.dir/home/fen/pico-sdk/lib/tinyusb/src/device/usbd.c.obj
                0x10005290                tud_descriptor_device_qualifier_cb
 .text.tud_descriptor_other_speed_configuration_cb
                0x10005294        0x4 CMakeFiles/lab2_RTOS.dir/home/fen/pico-sdk/lib/tinyusb/src/device/usbd.c.obj
                0x10005294                tud_descriptor_other_speed_configuration_cb
 .text.tud_mount_cb
                0x10005298        0x4 CMakeFiles/lab2_RTOS.dir/home/fen/pico-sdk/lib/tinyusb/src/device/usbd.c.obj
                0x10005298                tud_mount_cb
 .text.tud_umount_cb
                0x1000529c        0x4 CMakeFiles/lab2_RTOS.dir/home/fen/pico-sdk/lib/tinyusb/src/device/usbd.c.obj
                0x1000529c                tud_umount_cb
 .text.tud_suspend_cb
                0x100052a0        0x4 CMakeFiles/lab2_RTOS.dir/home/fen/pico-sdk/lib/tinyusb/src/device/usbd.c.obj
                0x100052a0                tud_suspend_cb
 .text.tud_resume_cb
                0x100052a4        0x4 CMakeFiles/lab2_RTOS.dir/home/fen/pico-sdk/lib/tinyusb/src/device/usbd.c.obj
                0x100052a4                tud_resume_cb
 .text.tud_mounted
                0x100052a8       0x10 CMakeFiles/lab2_RTOS.dir/home/fen/pico-sdk/lib/tinyusb/src/device/usbd.c.obj
                0x100052a8                tud_mounted
 .text.tud_suspended
                0x100052b8       0x10 CMakeFiles/lab2_RTOS.dir/home/fen/pico-sdk/lib/tinyusb/src/device/usbd.c.obj
                0x100052b8                tud_suspended
 .text.tud_init
                0x100052c8       0xe0 CMakeFiles/lab2_RTOS.dir/home/fen/pico-sdk/lib/tinyusb/src/device/usbd.c.obj
                0x100052c8                tud_init
 .text.tud_task_ext
                0x100053a8      0x800 CMakeFiles/lab2_RTOS.dir/home/fen/pico-sdk/lib/tinyusb/src/device/usbd.c.obj
                0x100053a8                tud_task_ext
 .text.usbd_open_edpt_pair
                0x10005ba8       0x9c CMakeFiles/lab2_RTOS.dir/home/fen/pico-sdk/lib/tinyusb/src/device/usbd.c.obj
                0x10005ba8                usbd_open_edpt_pair
 .text.usbd_edpt_open
                0x10005c44       0x34 CMakeFiles/lab2_RTOS.dir/home/fen/pico-sdk/lib/tinyusb/src/device/usbd.c.obj
                0x10005c44                usbd_edpt_open
 .text.usbd_edpt_claim
                0x10005c78       0x28 CMakeFiles/lab2_RTOS.dir/home/fen/pico-sdk/lib/tinyusb/src/device/usbd.c.obj
                0x10005c78                usbd_edpt_claim
 .text.usbd_edpt_release
                0x10005ca0       0x28 CMakeFiles/lab2_RTOS.dir/home/fen/pico-sdk/lib/tinyusb/src/device/usbd.c.obj
                0x10005ca0                usbd_edpt_release
 .text.usbd_edpt_xfer
                0x10005cc8       0x4c CMakeFiles/lab2_RTOS.dir/home/fen/pico-sdk/lib/tinyusb/src/device/usbd.c.obj
                0x10005cc8                usbd_edpt_xfer
 .text.tud_control_status
                0x10005d14       0x2c CMakeFiles/lab2_RTOS.dir/home/fen/pico-sdk/lib/tinyusb/src/device/usbd_control.c.obj
                0x10005d14                tud_control_status
 .text.tud_control_xfer
                0x10005d40       0xa8 CMakeFiles/lab2_RTOS.dir/home/fen/pico-sdk/lib/tinyusb/src/device/usbd_control.c.obj
                0x10005d40                tud_control_xfer
 .text.usbd_control_reset
                0x10005de8       0x14 CMakeFiles/lab2_RTOS.dir/home/fen/pico-sdk/lib/tinyusb/src/device/usbd_control.c.obj
                0x10005de8                usbd_control_reset
 .text.usbd_control_set_complete_callback
                0x10005dfc        0xc CMakeFiles/lab2_RTOS.dir/home/fen/pico-sdk/lib/tinyusb/src/device/usbd_control.c.obj
                0x10005dfc                usbd_control_set_complete_callback
 .text.usbd_control_set_request
                0x10005e08       0x1c CMakeFiles/lab2_RTOS.dir/home/fen/pico-sdk/lib/tinyusb/src/device/usbd_control.c.obj
                0x10005e08                usbd_control_set_request
 .text.usbd_control_xfer_cb
                0x10005e24       0xec CMakeFiles/lab2_RTOS.dir/home/fen/pico-sdk/lib/tinyusb/src/device/usbd_control.c.obj
                0x10005e24                usbd_control_xfer_cb
 .text._prep_out_transaction.isra.0
                0x10005f10       0x5c CMakeFiles/lab2_RTOS.dir/home/fen/pico-sdk/lib/tinyusb/src/class/cdc/cdc_device.c.obj
 .text.tud_cdc_n_connected
                0x10005f6c       0x30 CMakeFiles/lab2_RTOS.dir/home/fen/pico-sdk/lib/tinyusb/src/class/cdc/cdc_device.c.obj
                0x10005f6c                tud_cdc_n_connected
 .text.tud_cdc_n_available
                0x10005f9c       0x18 CMakeFiles/lab2_RTOS.dir/home/fen/pico-sdk/lib/tinyusb/src/class/cdc/cdc_device.c.obj
                0x10005f9c                tud_cdc_n_available
 .text.tud_cdc_n_read
                0x10005fb4       0x9c CMakeFiles/lab2_RTOS.dir/home/fen/pico-sdk/lib/tinyusb/src/class/cdc/cdc_device.c.obj
                0x10005fb4                tud_cdc_n_read
 .text.tud_cdc_n_write_flush
                0x10006050       0x78 CMakeFiles/lab2_RTOS.dir/home/fen/pico-sdk/lib/tinyusb/src/class/cdc/cdc_device.c.obj
                0x10006050                tud_cdc_n_write_flush
 .text.tud_cdc_n_write
                0x100060c8       0x40 CMakeFiles/lab2_RTOS.dir/home/fen/pico-sdk/lib/tinyusb/src/class/cdc/cdc_device.c.obj
                0x100060c8                tud_cdc_n_write
 .text.tud_cdc_n_write_available
                0x10006108       0x18 CMakeFiles/lab2_RTOS.dir/home/fen/pico-sdk/lib/tinyusb/src/class/cdc/cdc_device.c.obj
                0x10006108                tud_cdc_n_write_available
 .text.cdcd_init
                0x10006120       0x7c CMakeFiles/lab2_RTOS.dir/home/fen/pico-sdk/lib/tinyusb/src/class/cdc/cdc_device.c.obj
                0x10006120                cdcd_init
 .text.cdcd_deinit
                0x1000619c       0x30 CMakeFiles/lab2_RTOS.dir/home/fen/pico-sdk/lib/tinyusb/src/class/cdc/cdc_device.c.obj
                0x1000619c                cdcd_deinit
 .text.cdcd_reset
                0x100061cc       0x4c CMakeFiles/lab2_RTOS.dir/home/fen/pico-sdk/lib/tinyusb/src/class/cdc/cdc_device.c.obj
                0x100061cc                cdcd_reset
 .text.cdcd_open
                0x10006218       0xb0 CMakeFiles/lab2_RTOS.dir/home/fen/pico-sdk/lib/tinyusb/src/class/cdc/cdc_device.c.obj
                0x10006218                cdcd_open
 .text.cdcd_control_xfer_cb
                0x100062c8       0xe4 CMakeFiles/lab2_RTOS.dir/home/fen/pico-sdk/lib/tinyusb/src/class/cdc/cdc_device.c.obj
                0x100062c8                cdcd_control_xfer_cb
 .text.cdcd_xfer_cb
                0x100063ac      0x100 CMakeFiles/lab2_RTOS.dir/home/fen/pico-sdk/lib/tinyusb/src/class/cdc/cdc_device.c.obj
                0x100063ac                cdcd_xfer_cb
 .text.tud_vendor_n_write_flush
                0x100064ac       0x78 CMakeFiles/lab2_RTOS.dir/home/fen/pico-sdk/lib/tinyusb/src/class/vendor/vendor_device.c.obj
                0x100064ac                tud_vendor_n_write_flush
 .text.vendord_init
                0x10006524       0x64 CMakeFiles/lab2_RTOS.dir/home/fen/pico-sdk/lib/tinyusb/src/class/vendor/vendor_device.c.obj
                0x10006524                vendord_init
 .text.vendord_deinit
                0x10006588       0x30 CMakeFiles/lab2_RTOS.dir/home/fen/pico-sdk/lib/tinyusb/src/class/vendor/vendor_device.c.obj
                0x10006588                vendord_deinit
 .text.vendord_reset
                0x100065b8       0x1c CMakeFiles/lab2_RTOS.dir/home/fen/pico-sdk/lib/tinyusb/src/class/vendor/vendor_device.c.obj
                0x100065b8                vendord_reset
 .text.vendord_open
                0x100065d4       0xd4 CMakeFiles/lab2_RTOS.dir/home/fen/pico-sdk/lib/tinyusb/src/class/vendor/vendor_device.c.obj
                0x100065d4                vendord_open
 .text.vendord_xfer_cb
                0x100066a8       0xc8 CMakeFiles/lab2_RTOS.dir/home/fen/pico-sdk/lib/tinyusb/src/class/vendor/vendor_device.c.obj
                0x100066a8                vendord_xfer_cb
 .text.tusb_init
                0x10006770        0xc CMakeFiles/lab2_RTOS.dir/home/fen/pico-sdk/lib/tinyusb/src/tusb.c.obj
                0x10006770                tusb_init
 .text.tu_edpt_claim
                0x1000677c       0x50 CMakeFiles/lab2_RTOS.dir/home/fen/pico-sdk/lib/tinyusb/src/tusb.c.obj
                0x1000677c                tu_edpt_claim
 .text.tu_edpt_release
                0x100067cc       0x38 CMakeFiles/lab2_RTOS.dir/home/fen/pico-sdk/lib/tinyusb/src/tusb.c.obj
                0x100067cc                tu_edpt_release
 .text.tu_edpt_validate
                0x10006804       0x7c CMakeFiles/lab2_RTOS.dir/home/fen/pico-sdk/lib/tinyusb/src/tusb.c.obj
                0x10006804                tu_edpt_validate
 .text.tu_edpt_bind_driver
                0x10006880       0x34 CMakeFiles/lab2_RTOS.dir/home/fen/pico-sdk/lib/tinyusb/src/tusb.c.obj
                0x10006880                tu_edpt_bind_driver
 .text.tu_fifo_config
                0x100068b4       0x6c CMakeFiles/lab2_RTOS.dir/home/fen/pico-sdk/lib/tinyusb/src/common/tusb_fifo.c.obj
                0x100068b4                tu_fifo_config
 .text.tu_fifo_count
                0x10006920       0x2c CMakeFiles/lab2_RTOS.dir/home/fen/pico-sdk/lib/tinyusb/src/common/tusb_fifo.c.obj
                0x10006920                tu_fifo_count
 .text.tu_fifo_empty
                0x1000694c       0x10 CMakeFiles/lab2_RTOS.dir/home/fen/pico-sdk/lib/tinyusb/src/common/tusb_fifo.c.obj
                0x1000694c                tu_fifo_empty
 .text.tu_fifo_remaining
                0x1000695c       0x2c CMakeFiles/lab2_RTOS.dir/home/fen/pico-sdk/lib/tinyusb/src/common/tusb_fifo.c.obj
                0x1000695c                tu_fifo_remaining
 .text.tu_fifo_read
                0x10006988       0x9c CMakeFiles/lab2_RTOS.dir/home/fen/pico-sdk/lib/tinyusb/src/common/tusb_fifo.c.obj
                0x10006988                tu_fifo_read
 .text.tu_fifo_read_n
                0x10006a24       0xe8 CMakeFiles/lab2_RTOS.dir/home/fen/pico-sdk/lib/tinyusb/src/common/tusb_fifo.c.obj
                0x10006a24                tu_fifo_read_n
 .text.tu_fifo_write
                0x10006b0c       0xa4 CMakeFiles/lab2_RTOS.dir/home/fen/pico-sdk/lib/tinyusb/src/common/tusb_fifo.c.obj
                0x10006b0c                tu_fifo_write
 .text.tu_fifo_write_n
                0x10006bb0      0x178 CMakeFiles/lab2_RTOS.dir/home/fen/pico-sdk/lib/tinyusb/src/common/tusb_fifo.c.obj
                0x10006bb0                tu_fifo_write_n
 .text.tu_fifo_clear
                0x10006d28       0x40 CMakeFiles/lab2_RTOS.dir/home/fen/pico-sdk/lib/tinyusb/src/common/tusb_fifo.c.obj
                0x10006d28                tu_fifo_clear
 .text.tu_fifo_set_overwritable
                0x10006d68       0x48 CMakeFiles/lab2_RTOS.dir/home/fen/pico-sdk/lib/tinyusb/src/common/tusb_fifo.c.obj
                0x10006d68                tu_fifo_set_overwritable
 .text.pvPortMalloc
                0x10006db0      0x12c CMakeFiles/lab2_RTOS.dir/lib/FreeRTOS-Kernel/portable/MemMang/heap_4.c.obj
                0x10006db0                pvPortMalloc
 .text.vPortFree
                0x10006edc       0x98 CMakeFiles/lab2_RTOS.dir/lib/FreeRTOS-Kernel/portable/MemMang/heap_4.c.obj
                0x10006edc                vPortFree
 .text.vPortSVCHandler
                0x10006f74        0x4 CMakeFiles/lab2_RTOS.dir/lib/FreeRTOS-Kernel/portable/ThirdParty/GCC/RP2040/port.c.obj
                0x10006f74                vPortSVCHandler
 *fill*         0x10006f78        0x8 
 .text.vPortStartFirstTask
                0x10006f80       0x34 CMakeFiles/lab2_RTOS.dir/lib/FreeRTOS-Kernel/portable/ThirdParty/GCC/RP2040/port.c.obj
 *fill*         0x10006fb4        0xc 
 .text.xPortPendSVHandler
                0x10006fc0       0x64 CMakeFiles/lab2_RTOS.dir/lib/FreeRTOS-Kernel/portable/ThirdParty/GCC/RP2040/port.c.obj
                0x10006fc0                xPortPendSVHandler
 .text.prvFIFOInterruptHandler
                0x10007024       0x78 CMakeFiles/lab2_RTOS.dir/lib/FreeRTOS-Kernel/portable/ThirdParty/GCC/RP2040/port.c.obj
 .text.prvTaskExitError
                0x1000709c        0x8 CMakeFiles/lab2_RTOS.dir/lib/FreeRTOS-Kernel/portable/ThirdParty/GCC/RP2040/port.c.obj
 .text.pxPortInitialiseStack
                0x100070a4       0x20 CMakeFiles/lab2_RTOS.dir/lib/FreeRTOS-Kernel/portable/ThirdParty/GCC/RP2040/port.c.obj
                0x100070a4                pxPortInitialiseStack
 .text.vPortYield
                0x100070c4       0x18 CMakeFiles/lab2_RTOS.dir/lib/FreeRTOS-Kernel/portable/ThirdParty/GCC/RP2040/port.c.obj
                0x100070c4                vPortYield
 .text.vPortEnterCritical
                0x100070dc       0x18 CMakeFiles/lab2_RTOS.dir/lib/FreeRTOS-Kernel/portable/ThirdParty/GCC/RP2040/port.c.obj
                0x100070dc                vPortEnterCritical
 .text.vPortExitCritical
                0x100070f4       0x34 CMakeFiles/lab2_RTOS.dir/lib/FreeRTOS-Kernel/portable/ThirdParty/GCC/RP2040/port.c.obj
                0x100070f4                vPortExitCritical
 .text.ulSetInterruptMaskFromISR
                0x10007128        0x8 CMakeFiles/lab2_RTOS.dir/lib/FreeRTOS-Kernel/portable/ThirdParty/GCC/RP2040/port.c.obj
                0x10007128                ulSetInterruptMaskFromISR
 .text.vClearInterruptMaskFromISR
                0x10007130        0x8 CMakeFiles/lab2_RTOS.dir/lib/FreeRTOS-Kernel/portable/ThirdParty/GCC/RP2040/port.c.obj
                0x10007130                vClearInterruptMaskFromISR
 .text.xPortSysTickHandler
                0x10007138       0x24 CMakeFiles/lab2_RTOS.dir/lib/FreeRTOS-Kernel/portable/ThirdParty/GCC/RP2040/port.c.obj
                0x10007138                xPortSysTickHandler
 .text.vPortSetupTimerInterrupt
                0x1000715c       0x34 CMakeFiles/lab2_RTOS.dir/lib/FreeRTOS-Kernel/portable/ThirdParty/GCC/RP2040/port.c.obj
                0x1000715c                vPortSetupTimerInterrupt
 .text.xPortStartScheduler
                0x10007190       0x9c CMakeFiles/lab2_RTOS.dir/lib/FreeRTOS-Kernel/portable/ThirdParty/GCC/RP2040/port.c.obj
                0x10007190                xPortStartScheduler
 .text.ulPortLockGetCurrentOwnerId
                0x1000722c       0x2c CMakeFiles/lab2_RTOS.dir/lib/FreeRTOS-Kernel/portable/ThirdParty/GCC/RP2040/port.c.obj
                0x1000722c                ulPortLockGetCurrentOwnerId
 .text.vPortLockInternalSpinUnlockWithNotify
                0x10007258       0xc4 CMakeFiles/lab2_RTOS.dir/lib/FreeRTOS-Kernel/portable/ThirdParty/GCC/RP2040/port.c.obj
                0x10007258                vPortLockInternalSpinUnlockWithNotify
 .text.xPortLockInternalSpinUnlockWithBestEffortWaitOrTimeout
                0x1000731c       0xf4 CMakeFiles/lab2_RTOS.dir/lib/FreeRTOS-Kernel/portable/ThirdParty/GCC/RP2040/port.c.obj
                0x1000731c                xPortLockInternalSpinUnlockWithBestEffortWaitOrTimeout
 .text.startup.prvRuntimeInitializer
                0x10007410       0x28 CMakeFiles/lab2_RTOS.dir/lib/FreeRTOS-Kernel/portable/ThirdParty/GCC/RP2040/port.c.obj
 .text.vEventGroupSetBitsCallback
                0x10007438       0x90 CMakeFiles/lab2_RTOS.dir/lib/FreeRTOS-Kernel/event_groups.c.obj
                0x10007438                vEventGroupSetBitsCallback
 .text.xEventGroupCreate
                0x100074c8       0x18 CMakeFiles/lab2_RTOS.dir/lib/FreeRTOS-Kernel/event_groups.c.obj
                0x100074c8                xEventGroupCreate
 .text.xEventGroupWaitBits
                0x100074e0       0xb8 CMakeFiles/lab2_RTOS.dir/lib/FreeRTOS-Kernel/event_groups.c.obj
                0x100074e0                xEventGroupWaitBits
 .text.xEventGroupSetBits
                0x10007598       0x94 CMakeFiles/lab2_RTOS.dir/lib/FreeRTOS-Kernel/event_groups.c.obj
                0x10007598                xEventGroupSetBits
 .text.xEventGroupSetBitsFromISR
                0x1000762c       0x18 CMakeFiles/lab2_RTOS.dir/lib/FreeRTOS-Kernel/event_groups.c.obj
                0x1000762c                xEventGroupSetBitsFromISR
 .text.vListInitialise
                0x10007644       0x18 CMakeFiles/lab2_RTOS.dir/lib/FreeRTOS-Kernel/list.c.obj
                0x10007644                vListInitialise
 .text.vListInitialiseItem
                0x1000765c        0x8 CMakeFiles/lab2_RTOS.dir/lib/FreeRTOS-Kernel/list.c.obj
                0x1000765c                vListInitialiseItem
 .text.vListInsert
                0x10007664       0x30 CMakeFiles/lab2_RTOS.dir/lib/FreeRTOS-Kernel/list.c.obj
                0x10007664                vListInsert
 .text.uxListRemove
                0x10007694       0x24 CMakeFiles/lab2_RTOS.dir/lib/FreeRTOS-Kernel/list.c.obj
                0x10007694                uxListRemove
 .text.prvUnlockQueue
                0x100076b8      0x17c CMakeFiles/lab2_RTOS.dir/lib/FreeRTOS-Kernel/queue.c.obj
 .text.prvNotifyQueueSetContainer
                0x10007834       0x90 CMakeFiles/lab2_RTOS.dir/lib/FreeRTOS-Kernel/queue.c.obj
 .text.xQueueGenericCreate
                0x100078c4       0xa4 CMakeFiles/lab2_RTOS.dir/lib/FreeRTOS-Kernel/queue.c.obj
                0x100078c4                xQueueGenericCreate
 .text.xQueueGenericSendFromISR
                0x10007968      0x150 CMakeFiles/lab2_RTOS.dir/lib/FreeRTOS-Kernel/queue.c.obj
                0x10007968                xQueueGenericSendFromISR
 .text.xQueueReceive
                0x10007ab8      0x11c CMakeFiles/lab2_RTOS.dir/lib/FreeRTOS-Kernel/queue.c.obj
                0x10007ab8                xQueueReceive
 .text.vQueueAddToRegistry
                0x10007bd4      0x118 CMakeFiles/lab2_RTOS.dir/lib/FreeRTOS-Kernel/queue.c.obj
                0x10007bd4                vQueueAddToRegistry
 .text.vQueueWaitForMessageRestricted
                0x10007cec       0x48 CMakeFiles/lab2_RTOS.dir/lib/FreeRTOS-Kernel/queue.c.obj
                0x10007cec                vQueueWaitForMessageRestricted
 .text.prvIdleTask
                0x10007d34       0x60 CMakeFiles/lab2_RTOS.dir/lib/FreeRTOS-Kernel/tasks.c.obj
 .text.xTaskIncrementTick.part.0
                0x10007d94      0x190 CMakeFiles/lab2_RTOS.dir/lib/FreeRTOS-Kernel/tasks.c.obj
 .text.xTaskCreate
                0x10007f24      0x240 CMakeFiles/lab2_RTOS.dir/lib/FreeRTOS-Kernel/tasks.c.obj
                0x10007f24                xTaskCreate
 .text.vTaskStartScheduler
                0x10008164      0x1d8 CMakeFiles/lab2_RTOS.dir/lib/FreeRTOS-Kernel/tasks.c.obj
                0x10008164                vTaskStartScheduler
 .text.vTaskSuspendAll
                0x1000833c       0x10 CMakeFiles/lab2_RTOS.dir/lib/FreeRTOS-Kernel/tasks.c.obj
                0x1000833c                vTaskSuspendAll
 .text.xTaskResumeAll
                0x1000834c      0x180 CMakeFiles/lab2_RTOS.dir/lib/FreeRTOS-Kernel/tasks.c.obj
                0x1000834c                xTaskResumeAll
 .text.vTaskDelay
                0x100084cc       0x78 CMakeFiles/lab2_RTOS.dir/lib/FreeRTOS-Kernel/tasks.c.obj
                0x100084cc                vTaskDelay
 .text.xTaskGetTickCount
                0x10008544        0xc CMakeFiles/lab2_RTOS.dir/lib/FreeRTOS-Kernel/tasks.c.obj
                0x10008544                xTaskGetTickCount
 .text.uxTaskGetNumberOfTasks
                0x10008550        0xc CMakeFiles/lab2_RTOS.dir/lib/FreeRTOS-Kernel/tasks.c.obj
                0x10008550                uxTaskGetNumberOfTasks
 .text.xTaskIncrementTick
                0x1000855c       0x24 CMakeFiles/lab2_RTOS.dir/lib/FreeRTOS-Kernel/tasks.c.obj
                0x1000855c                xTaskIncrementTick
 .text.vTaskSwitchContext
                0x10008580       0x6c CMakeFiles/lab2_RTOS.dir/lib/FreeRTOS-Kernel/tasks.c.obj
                0x10008580                vTaskSwitchContext
 .text.vTaskPlaceOnEventList
                0x100085ec       0x94 CMakeFiles/lab2_RTOS.dir/lib/FreeRTOS-Kernel/tasks.c.obj
                0x100085ec                vTaskPlaceOnEventList
 .text.vTaskPlaceOnUnorderedEventList
                0x10008680       0xb8 CMakeFiles/lab2_RTOS.dir/lib/FreeRTOS-Kernel/tasks.c.obj
                0x10008680                vTaskPlaceOnUnorderedEventList
 .text.vTaskPlaceOnEventListRestricted
                0x10008738       0xc0 CMakeFiles/lab2_RTOS.dir/lib/FreeRTOS-Kernel/tasks.c.obj
                0x10008738                vTaskPlaceOnEventListRestricted
 .text.xTaskRemoveFromEventList
                0x100087f8       0xcc CMakeFiles/lab2_RTOS.dir/lib/FreeRTOS-Kernel/tasks.c.obj
                0x100087f8                xTaskRemoveFromEventList
 .text.vTaskRemoveFromUnorderedEventList
                0x100088c4       0x94 CMakeFiles/lab2_RTOS.dir/lib/FreeRTOS-Kernel/tasks.c.obj
                0x100088c4                vTaskRemoveFromUnorderedEventList
 .text.vTaskInternalSetTimeOutState
                0x10008958       0x18 CMakeFiles/lab2_RTOS.dir/lib/FreeRTOS-Kernel/tasks.c.obj
                0x10008958                vTaskInternalSetTimeOutState
 .text.xTaskCheckForTimeOut
                0x10008970       0x74 CMakeFiles/lab2_RTOS.dir/lib/FreeRTOS-Kernel/tasks.c.obj
                0x10008970                xTaskCheckForTimeOut
 .text.vTaskMissedYield
                0x100089e4        0xc CMakeFiles/lab2_RTOS.dir/lib/FreeRTOS-Kernel/tasks.c.obj
                0x100089e4                vTaskMissedYield
 .text.xTaskGetCurrentTaskHandle
                0x100089f0        0xc CMakeFiles/lab2_RTOS.dir/lib/FreeRTOS-Kernel/tasks.c.obj
                0x100089f0                xTaskGetCurrentTaskHandle
 .text.xTaskPriorityDisinherit
                0x100089fc       0x64 CMakeFiles/lab2_RTOS.dir/lib/FreeRTOS-Kernel/tasks.c.obj
                0x100089fc                xTaskPriorityDisinherit
 .text.uxTaskResetEventItemValue
                0x10008a60       0x18 CMakeFiles/lab2_RTOS.dir/lib/FreeRTOS-Kernel/tasks.c.obj
                0x10008a60                uxTaskResetEventItemValue
 .text.prvTimerTask
                0x10008a78      0x380 CMakeFiles/lab2_RTOS.dir/lib/FreeRTOS-Kernel/timers.c.obj
 .text.xTimerCreateTimerTask
                0x10008df8       0x8c CMakeFiles/lab2_RTOS.dir/lib/FreeRTOS-Kernel/timers.c.obj
                0x10008df8                xTimerCreateTimerTask
 .text.xTimerPendFunctionCallFromISR
                0x10008e84       0x2c CMakeFiles/lab2_RTOS.dir/lib/FreeRTOS-Kernel/timers.c.obj
                0x10008e84                xTimerPendFunctionCallFromISR
 .text.exception_set_exclusive_handler
                0x10008eb0       0x48 CMakeFiles/lab2_RTOS.dir/home/fen/pico-sdk/src/rp2_common/hardware_exception/exception.c.obj
                0x10008eb0                exception_set_exclusive_handler
 .text.dht_init
                0x10008ef8       0x68 CMakeFiles/lab2_RTOS.dir/dht/dht.c.obj
                0x10008ef8                dht_init
 .text.dht_start_measurement
                0x10008f60      0x1d8 CMakeFiles/lab2_RTOS.dir/dht/dht.c.obj
                0x10008f60                dht_start_measurement
 .text.dht_finish_measurement_blocking
                0x10009138      0x1ec CMakeFiles/lab2_RTOS.dir/dht/dht.c.obj
                0x10009138                dht_finish_measurement_blocking
 .text.dma_claim_unused_channel
                0x10009324       0x24 CMakeFiles/lab2_RTOS.dir/home/fen/pico-sdk/src/rp2_common/hardware_dma/dma.c.obj
                0x10009324                dma_claim_unused_channel
 .text.pio_claim_unused_sm
                0x10009348       0x38 CMakeFiles/lab2_RTOS.dir/home/fen/pico-sdk/src/rp2_common/hardware_pio/pio.c.obj
                0x10009348                pio_claim_unused_sm
 .text.pio_add_program
                0x10009380       0xf8 CMakeFiles/lab2_RTOS.dir/home/fen/pico-sdk/src/rp2_common/hardware_pio/pio.c.obj
                0x10009380                pio_add_program
 .text.pio_sm_init
                0x10009478       0x98 CMakeFiles/lab2_RTOS.dir/home/fen/pico-sdk/src/rp2_common/hardware_pio/pio.c.obj
                0x10009478                pio_sm_init
 .text.atexit   0x10009510       0x10 /usr/lib/gcc/arm-none-eabi/14.1.0/../../../../arm-none-eabi/lib/thumb/v6-m/nofp/libg.a(libc_a-atexit.o)
                0x10009510                atexit
 .text.__libc_fini_array
                0x10009520       0x28 /usr/lib/gcc/arm-none-eabi/14.1.0/../../../../arm-none-eabi/lib/thumb/v6-m/nofp/libg.a(libc_a-fini.o)
                0x10009520                __libc_fini_array
 .text.__retarget_lock_acquire_recursive
                0x10009548        0x4 /usr/lib/gcc/arm-none-eabi/14.1.0/../../../../arm-none-eabi/lib/thumb/v6-m/nofp/libg.a(libc_a-lock.o)
                0x10009548                __retarget_lock_acquire_recursive
 .text.__retarget_lock_release_recursive
                0x1000954c        0x4 /usr/lib/gcc/arm-none-eabi/14.1.0/../../../../arm-none-eabi/lib/thumb/v6-m/nofp/libg.a(libc_a-lock.o)
                0x1000954c                __retarget_lock_release_recursive
 .text.strlen   0x10009550       0x5c /usr/lib/gcc/arm-none-eabi/14.1.0/../../../../arm-none-eabi/lib/thumb/v6-m/nofp/libg.a(libc_a-strlen-stub.o)
                0x10009550                strlen
 .text.__register_exitproc
                0x100095ac       0xa8 /usr/lib/gcc/arm-none-eabi/14.1.0/../../../../arm-none-eabi/lib/thumb/v6-m/nofp/libg.a(libc_a-__atexit.o)
                0x100095ac                __register_exitproc
 .text.startup.register_fini
                0x10009654       0x18 /usr/lib/gcc/arm-none-eabi/14.1.0/../../../../arm-none-eabi/lib/thumb/v6-m/nofp/libg.a(libc_a-__call_atexit.o)
 *(.fini)
 .fini          0x1000966c        0x4 /usr/lib/gcc/arm-none-eabi/14.1.0/thumb/v6-m/nofp/crti.o
                0x1000966c                _fini
 .fini.__stub   0x10009670       0xc0 linker stubs
 *crtbegin.o(.ctors)
 *crtbegin?.o(.ctors)
 *(EXCLUDE_FILE(*crtend.o *crtend?.o) .ctors)
 *(SORT_BY_NAME(.ctors.*))
 *(.ctors)
 *crtbegin.o(.dtors)
 *crtbegin?.o(.dtors)
 *(EXCLUDE_FILE(*crtend.o *crtend?.o) .dtors)
 *(SORT_BY_NAME(.dtors.*))
 *(.dtors)
                0x10009730                        . = ALIGN (0x4)
                0x10009730                        PROVIDE (__preinit_array_start = .)
 *(SORT_BY_NAME(.preinit_array.*))
 .preinit_array.00100
                0x10009730        0x4 CMakeFiles/lab2_RTOS.dir/home/fen/pico-sdk/src/rp2_common/pico_runtime_init/runtime_init.c.obj
                0x10009730                __pre_init_runtime_init_early_resets
 .preinit_array.00101
                0x10009734        0x4 CMakeFiles/lab2_RTOS.dir/home/fen/pico-sdk/src/rp2_common/pico_runtime_init/runtime_init.c.obj
                0x10009734                __pre_init_runtime_init_usb_power_down
 .preinit_array.00275
                0x10009738        0x4 CMakeFiles/lab2_RTOS.dir/home/fen/pico-sdk/src/rp2_common/pico_bit_ops/bit_ops_aeabi.S.obj
 .preinit_array.00300
                0x1000973c        0x4 CMakeFiles/lab2_RTOS.dir/home/fen/pico-sdk/src/rp2_common/pico_mem_ops/mem_ops_aeabi.S.obj
 .preinit_array.00350
                0x10009740        0x4 CMakeFiles/lab2_RTOS.dir/home/fen/pico-sdk/src/rp2_common/pico_double/double_aeabi_rp2040.S.obj
 .preinit_array.00350
                0x10009744        0x4 CMakeFiles/lab2_RTOS.dir/home/fen/pico-sdk/src/rp2_common/pico_float/float_aeabi_rp2040.S.obj
 .preinit_array.00500
                0x10009748        0x4 CMakeFiles/lab2_RTOS.dir/home/fen/pico-sdk/src/rp2_common/pico_runtime_init/runtime_init.c.obj
                0x10009748                __pre_init_runtime_init_clocks
 .preinit_array.00600
                0x1000974c        0x4 CMakeFiles/lab2_RTOS.dir/home/fen/pico-sdk/src/rp2_common/pico_runtime_init/runtime_init.c.obj
                0x1000974c                __pre_init_runtime_init_post_clock_resets
 .preinit_array.00700
                0x10009750        0x4 CMakeFiles/lab2_RTOS.dir/home/fen/pico-sdk/src/rp2_common/pico_runtime_init/runtime_init.c.obj
                0x10009750                __pre_init_runtime_init_rp2040_gpio_ie_disable
 .preinit_array.01000
                0x10009754        0x4 CMakeFiles/lab2_RTOS.dir/home/fen/pico-sdk/src/rp2_common/pico_runtime_init/runtime_init.c.obj
                0x10009754                __pre_init_runtime_init_spin_locks_reset
 .preinit_array.01100
                0x10009758        0x4 CMakeFiles/lab2_RTOS.dir/home/fen/pico-sdk/src/common/pico_sync/mutex.c.obj
                0x10009758                __pre_init_runtime_init_mutex
 .preinit_array.10080
                0x1000975c        0x4 CMakeFiles/lab2_RTOS.dir/home/fen/pico-sdk/src/rp2_common/pico_runtime_init/runtime_init.c.obj
                0x1000975c                __pre_init_runtime_init_install_ram_vector_table
 .preinit_array.11000
                0x10009760        0x4 CMakeFiles/lab2_RTOS.dir/home/fen/pico-sdk/src/common/pico_time/time.c.obj
                0x10009760                __pre_init_runtime_init_default_alarm_pool
 .preinit_array.YYYYY
                0x10009764        0x4 CMakeFiles/lab2_RTOS.dir/home/fen/pico-sdk/src/rp2_common/pico_runtime/runtime.c.obj
                0x10009764                __pre_init_first_per_core_initializer
 .preinit_array.ZZZZZ.01200
                0x10009768        0x4 CMakeFiles/lab2_RTOS.dir/home/fen/pico-sdk/src/rp2_common/hardware_irq/irq.c.obj
                0x10009768                __pre_init_runtime_init_per_core_irq_priorities
 *(.preinit_array)
                0x1000976c                        PROVIDE (__preinit_array_end = .)
                0x1000976c                        . = ALIGN (0x4)
                0x1000976c                        PROVIDE (__init_array_start = .)
 *(SORT_BY_NAME(.init_array.*))
 .init_array.00000
                0x1000976c        0x4 /usr/lib/gcc/arm-none-eabi/14.1.0/../../../../arm-none-eabi/lib/thumb/v6-m/nofp/libg.a(libc_a-__call_atexit.o)
 *(.init_array)
 .init_array    0x10009770        0x4 /usr/lib/gcc/arm-none-eabi/14.1.0/thumb/v6-m/nofp/crtbegin.o
 .init_array    0x10009774        0x4 CMakeFiles/lab2_RTOS.dir/home/fen/pico-sdk/src/rp2_common/pico_unique_id/unique_id.c.obj
 .init_array    0x10009778        0x4 CMakeFiles/lab2_RTOS.dir/lib/FreeRTOS-Kernel/portable/ThirdParty/GCC/RP2040/port.c.obj
                0x1000977c                        PROVIDE (__init_array_end = .)
                0x1000977c                        . = ALIGN (0x4)
                0x1000977c                        PROVIDE (__fini_array_start = .)
 *(SORT_BY_NAME(.fini_array.*))
 *(.fini_array)
                0x1000977c                        PROVIDE (__fini_array_end = .)
 *(.eh_frame*)
 .eh_frame      0x1000977c        0x0 /usr/lib/gcc/arm-none-eabi/14.1.0/thumb/v6-m/nofp/crtbegin.o
                0x1000977c                        . = ALIGN (0x4)

.glue_7         0x1000977c        0x0
 .glue_7        0x1000977c        0x0 linker stubs

.glue_7t        0x1000977c        0x0
 .glue_7t       0x1000977c        0x0 linker stubs

.vfp11_veneer   0x1000977c        0x0
 .vfp11_veneer  0x1000977c        0x0 linker stubs

.v4_bx          0x1000977c        0x0
 .v4_bx         0x1000977c        0x0 linker stubs

.iplt           0x1000977c        0x0
 .iplt          0x1000977c        0x0 /usr/lib/gcc/arm-none-eabi/14.1.0/thumb/v6-m/nofp/crtbegin.o

.rodata         0x10009780      0x798
 *(EXCLUDE_FILE(*libm.a: *libc.a:*lib_a-mem*.o *libgcc.a:) .rodata*)
 .rodata.temp_task.str1.4
                0x10009780      0x28c CMakeFiles/lab2_RTOS.dir/main.c.obj
                                 0x71 (size before relaxing)
 .rodata.btn_task.str1.4
                0x10009a0c       0x12 CMakeFiles/lab2_RTOS.dir/main.c.obj
 .rodata.main.str1.4
                0x10009a0c       0x14 CMakeFiles/lab2_RTOS.dir/main.c.obj
 .rodata.panic.str1.4
                0x10009a0c       0x12 CMakeFiles/lab2_RTOS.dir/home/fen/pico-sdk/src/rp2_common/pico_platform_panic/panic.c.obj
 .rodata.panic_unsupported.str1.4
                0x10009a0c        0xe CMakeFiles/lab2_RTOS.dir/home/fen/pico-sdk/src/rp2_common/pico_platform_panic/panic.c.obj
 .rodata.spin_lock_claim_unused.str1.4
                0x10009a0c       0x1b CMakeFiles/lab2_RTOS.dir/home/fen/pico-sdk/src/rp2_common/hardware_sync/sync.c.obj
 .rodata.user_irq_claim_unused.str1.4
                0x10009a0c       0x1b CMakeFiles/lab2_RTOS.dir/home/fen/pico-sdk/src/rp2_common/hardware_irq/irq.c.obj
 .rodata.timer_hardware_alarm_claim.str1.4
                0x10009a0c       0x22 CMakeFiles/lab2_RTOS.dir/home/fen/pico-sdk/src/rp2_common/hardware_timer/timer.c.obj
 .rodata.hard_assertion_failure.str1.4
                0x10009a0c        0xc CMakeFiles/lab2_RTOS.dir/home/fen/pico-sdk/src/rp2_common/pico_runtime/runtime.c.obj
 .rodata.str1.4
                0x10009a0c       0x30 CMakeFiles/lab2_RTOS.dir/home/fen/pico-sdk/src/rp2_common/pico_standard_binary_info/standard_binary_info.c.obj
 .rodata.__bi_84
                0x10009a0c        0xc CMakeFiles/lab2_RTOS.dir/home/fen/pico-sdk/src/rp2_common/pico_standard_binary_info/standard_binary_info.c.obj
 .rodata.__bi_54
                0x10009a18        0xc CMakeFiles/lab2_RTOS.dir/home/fen/pico-sdk/src/rp2_common/pico_standard_binary_info/standard_binary_info.c.obj
 .rodata.__bi_48
                0x10009a24        0xc CMakeFiles/lab2_RTOS.dir/home/fen/pico-sdk/src/rp2_common/pico_standard_binary_info/standard_binary_info.c.obj
 .rodata.__bi_42
                0x10009a30        0xc CMakeFiles/lab2_RTOS.dir/home/fen/pico-sdk/src/rp2_common/pico_standard_binary_info/standard_binary_info.c.obj
 .rodata.__bi_34
                0x10009a3c        0xc CMakeFiles/lab2_RTOS.dir/home/fen/pico-sdk/src/rp2_common/pico_standard_binary_info/standard_binary_info.c.obj
 .rodata.__bi_26
                0x10009a48        0xc CMakeFiles/lab2_RTOS.dir/home/fen/pico-sdk/src/rp2_common/pico_standard_binary_info/standard_binary_info.c.obj
 .rodata._ftoa.str1.4
                0x10009a54       0x15 CMakeFiles/lab2_RTOS.dir/home/fen/pico-sdk/src/rp2_common/pico_printf/printf.c.obj
 .rodata._vsnprintf
                0x10009a54      0x19c CMakeFiles/lab2_RTOS.dir/home/fen/pico-sdk/src/rp2_common/pico_printf/printf.c.obj
 .rodata.pow10.0
                0x10009bf0       0x50 CMakeFiles/lab2_RTOS.dir/home/fen/pico-sdk/src/rp2_common/pico_printf/printf.c.obj
 .rodata.crlf_str.0
                0x10009c40        0x2 CMakeFiles/lab2_RTOS.dir/home/fen/pico-sdk/src/rp2_common/pico_stdio/stdio.c.obj
 .rodata.str1.4
                0x10009c42       0x2c CMakeFiles/lab2_RTOS.dir/home/fen/pico-sdk/src/rp2_common/pico_stdio_uart/stdio_uart.c.obj
 *fill*         0x10009c42        0x2 
 .rodata.__bi_45.4
                0x10009c44        0xc CMakeFiles/lab2_RTOS.dir/home/fen/pico-sdk/src/rp2_common/pico_stdio_uart/stdio_uart.c.obj
 .rodata.__bi_49.5
                0x10009c50        0x8 CMakeFiles/lab2_RTOS.dir/home/fen/pico-sdk/src/rp2_common/pico_stdio_uart/stdio_uart.c.obj
 .rodata.__bi_50.6
                0x10009c58        0x8 CMakeFiles/lab2_RTOS.dir/home/fen/pico-sdk/src/rp2_common/pico_stdio_uart/stdio_uart.c.obj
 .rodata._resetd_driver
                0x10009c60       0x20 CMakeFiles/lab2_RTOS.dir/home/fen/pico-sdk/src/rp2_common/pico_stdio_usb/reset_interface.c.obj
 .rodata.desc_ms_os_20
                0x10009c80       0xa6 CMakeFiles/lab2_RTOS.dir/home/fen/pico-sdk/src/rp2_common/pico_stdio_usb/reset_interface.c.obj
 *fill*         0x10009d26        0x2 
 .rodata.desc_bos
                0x10009d28       0x21 CMakeFiles/lab2_RTOS.dir/home/fen/pico-sdk/src/rp2_common/pico_stdio_usb/reset_interface.c.obj
                0x10009d28                desc_bos
 .rodata.str1.4
                0x10009d49       0x13 CMakeFiles/lab2_RTOS.dir/home/fen/pico-sdk/src/rp2_common/pico_stdio_usb/stdio_usb.c.obj
 *fill*         0x10009d49        0x3 
 .rodata.__bi_197.0
                0x10009d4c        0xc CMakeFiles/lab2_RTOS.dir/home/fen/pico-sdk/src/rp2_common/pico_stdio_usb/stdio_usb.c.obj
 .rodata.str1.4
                0x10009d58       0x2a CMakeFiles/lab2_RTOS.dir/home/fen/pico-sdk/src/rp2_common/pico_stdio_usb/stdio_usb_descriptors.c.obj
 .rodata.usbd_desc_str
                0x10009d58       0x18 CMakeFiles/lab2_RTOS.dir/home/fen/pico-sdk/src/rp2_common/pico_stdio_usb/stdio_usb_descriptors.c.obj
 .rodata.usbd_desc_cfg
                0x10009d70       0x54 CMakeFiles/lab2_RTOS.dir/home/fen/pico-sdk/src/rp2_common/pico_stdio_usb/stdio_usb_descriptors.c.obj
 .rodata.usbd_desc_device
                0x10009dc4       0x12 CMakeFiles/lab2_RTOS.dir/home/fen/pico-sdk/src/rp2_common/pico_stdio_usb/stdio_usb_descriptors.c.obj
 .rodata.str1.4
                0x10009dd6       0x14 CMakeFiles/lab2_RTOS.dir/home/fen/pico-sdk/lib/tinyusb/src/portable/raspberrypi/rp2040/dcd_rp2040.c.obj
 .rodata.str1.4
                0x10009dd6       0x48 CMakeFiles/lab2_RTOS.dir/home/fen/pico-sdk/lib/tinyusb/src/portable/raspberrypi/rp2040/rp2040_usb.c.obj
 *fill*         0x10009dd6        0x2 
 .rodata.tud_task_ext
                0x10009dd8       0x8c CMakeFiles/lab2_RTOS.dir/home/fen/pico-sdk/lib/tinyusb/src/device/usbd.c.obj
 .rodata        0x10009e64       0x1c CMakeFiles/lab2_RTOS.dir/home/fen/pico-sdk/lib/tinyusb/src/device/usbd.c.obj
 .rodata._usbd_driver
                0x10009e80       0x40 CMakeFiles/lab2_RTOS.dir/home/fen/pico-sdk/lib/tinyusb/src/device/usbd.c.obj
 .rodata.uxTopUsedPriority
                0x10009ec0        0x4 CMakeFiles/lab2_RTOS.dir/lib/FreeRTOS-Kernel/tasks.c.obj
                0x10009ec0                uxTopUsedPriority
 .rodata.prvTimerTask
                0x10009ec4       0x28 CMakeFiles/lab2_RTOS.dir/lib/FreeRTOS-Kernel/timers.c.obj
 .rodata.xTimerCreateTimerTask.str1.4
                0x10009eec       0x10 CMakeFiles/lab2_RTOS.dir/lib/FreeRTOS-Kernel/timers.c.obj
 .rodata.dht_program
                0x10009eec        0x8 CMakeFiles/lab2_RTOS.dir/dht/dht.c.obj
 .rodata.dht_program_instructions
                0x10009ef4       0x22 CMakeFiles/lab2_RTOS.dir/dht/dht.c.obj
 .rodata.dma_claim_unused_channel.str1.4
                0x10009f16       0x1e CMakeFiles/lab2_RTOS.dir/home/fen/pico-sdk/src/rp2_common/hardware_dma/dma.c.obj
 .rodata.pio_claim_unused_sm.str1.4
                0x10009f16       0x24 CMakeFiles/lab2_RTOS.dir/home/fen/pico-sdk/src/rp2_common/hardware_pio/pio.c.obj
                0x10009f3c                        . = ALIGN (0x4)
 *fill*         0x10009f16        0x2 
 *(SORT_BY_ALIGNMENT(SORT_BY_NAME(.flashdata*)))
                0x10009f18                        . = ALIGN (0x4)

.ARM.extab
 *(.ARM.extab* .gnu.linkonce.armextab.*)
                0x10009f18                        __exidx_start = .

.ARM.exidx
 *(.ARM.exidx* .gnu.linkonce.armexidx.*)
                0x10009f18                        __exidx_end = .
                0x10009f18                        . = ALIGN (0x4)
                0x10009f18                        __binary_info_start = .

.binary_info    0x10009f18       0x28
 *(.binary_info.keep.*)
 .binary_info.keep.__bi_ptr84
                0x10009f18        0x4 CMakeFiles/lab2_RTOS.dir/home/fen/pico-sdk/src/rp2_common/pico_standard_binary_info/standard_binary_info.c.obj
 .binary_info.keep.__bi_ptr54
                0x10009f1c        0x4 CMakeFiles/lab2_RTOS.dir/home/fen/pico-sdk/src/rp2_common/pico_standard_binary_info/standard_binary_info.c.obj
 .binary_info.keep.__bi_ptr48
                0x10009f20        0x4 CMakeFiles/lab2_RTOS.dir/home/fen/pico-sdk/src/rp2_common/pico_standard_binary_info/standard_binary_info.c.obj
 .binary_info.keep.__bi_ptr42
                0x10009f24        0x4 CMakeFiles/lab2_RTOS.dir/home/fen/pico-sdk/src/rp2_common/pico_standard_binary_info/standard_binary_info.c.obj
 .binary_info.keep.__bi_ptr34
                0x10009f28        0x4 CMakeFiles/lab2_RTOS.dir/home/fen/pico-sdk/src/rp2_common/pico_standard_binary_info/standard_binary_info.c.obj
 .binary_info.keep.__bi_ptr26
                0x10009f2c        0x4 CMakeFiles/lab2_RTOS.dir/home/fen/pico-sdk/src/rp2_common/pico_standard_binary_info/standard_binary_info.c.obj
 *(.binary_info.*)
 .binary_info.__bi_ptr50
                0x10009f30        0x4 CMakeFiles/lab2_RTOS.dir/home/fen/pico-sdk/src/rp2_common/pico_stdio_uart/stdio_uart.c.obj
 .binary_info.__bi_ptr49
                0x10009f34        0x4 CMakeFiles/lab2_RTOS.dir/home/fen/pico-sdk/src/rp2_common/pico_stdio_uart/stdio_uart.c.obj
 .binary_info.__bi_ptr45
                0x10009f38        0x4 CMakeFiles/lab2_RTOS.dir/home/fen/pico-sdk/src/rp2_common/pico_stdio_uart/stdio_uart.c.obj
 .binary_info.__bi_ptr197
                0x10009f3c        0x4 CMakeFiles/lab2_RTOS.dir/home/fen/pico-sdk/src/rp2_common/pico_stdio_usb/stdio_usb.c.obj
                0x10009f40                        __binary_info_end = .

.rel.dyn        0x10009f40        0x0
 .rel.iplt      0x10009f40        0x0 /usr/lib/gcc/arm-none-eabi/14.1.0/thumb/v6-m/nofp/crtbegin.o
                0x10009f40                        . = ALIGN (0x4)

.ram_vector_table
                0x20000000       0xc0
 *(.ram_vector_table)
 .ram_vector_table
                0x20000000       0xc0 CMakeFiles/lab2_RTOS.dir/home/fen/pico-sdk/src/rp2_common/pico_runtime_init/runtime_init.c.obj
                0x20000000                ram_vector_table

.uninitialized_data
                0x200000c0        0x0
                0x200000c0                        . = ALIGN (0x4)
 *(.uninitialized_data*)

.data           0x200000c0     0x1014 load address 0x10009f40
                0x200000c0                        __data_start__ = .
 *(vtable)
 *(.time_critical*)
 .time_critical.mutex_try_enter
                0x200000c0       0x40 CMakeFiles/lab2_RTOS.dir/home/fen/pico-sdk/src/common/pico_sync/mutex.c.obj
                0x200000c0                mutex_try_enter
 .time_critical.mutex_try_enter_block_until
                0x20000100       0xa0 CMakeFiles/lab2_RTOS.dir/home/fen/pico-sdk/src/common/pico_sync/mutex.c.obj
                0x20000100                mutex_try_enter_block_until
 .time_critical.mutex_enter_timeout_ms
                0x200001a0       0x74 CMakeFiles/lab2_RTOS.dir/home/fen/pico-sdk/src/common/pico_sync/mutex.c.obj
                0x200001a0                mutex_enter_timeout_ms
 .time_critical.mutex_exit
                0x20000214       0x20 CMakeFiles/lab2_RTOS.dir/home/fen/pico-sdk/src/common/pico_sync/mutex.c.obj
                0x20000214                mutex_exit
 .time_critical.flash_init_boot2_copyout
                0x20000234       0x30 CMakeFiles/lab2_RTOS.dir/home/fen/pico-sdk/src/rp2_common/hardware_flash/flash.c.obj
 .time_critical.flash_enable_xip_via_boot2
                0x20000264        0xc CMakeFiles/lab2_RTOS.dir/home/fen/pico-sdk/src/rp2_common/hardware_flash/flash.c.obj
 .time_critical.flash_cs_force
                0x20000270       0x38 CMakeFiles/lab2_RTOS.dir/home/fen/pico-sdk/src/rp2_common/hardware_flash/flash.c.obj
 .time_critical.flash_do_cmd
                0x200002a8      0x130 CMakeFiles/lab2_RTOS.dir/home/fen/pico-sdk/src/rp2_common/hardware_flash/flash.c.obj
                0x200002a8                flash_do_cmd
 .time_critical.reset_non_control_endpoints
                0x200003d8       0x68 CMakeFiles/lab2_RTOS.dir/home/fen/pico-sdk/lib/tinyusb/src/portable/raspberrypi/rp2040/dcd_rp2040.c.obj
 .time_critical.hw_handle_buff_status
                0x20000440       0xb8 CMakeFiles/lab2_RTOS.dir/home/fen/pico-sdk/lib/tinyusb/src/portable/raspberrypi/rp2040/dcd_rp2040.c.obj
 .time_critical.dcd_rp2040_irq
                0x200004f8      0x574 CMakeFiles/lab2_RTOS.dir/home/fen/pico-sdk/lib/tinyusb/src/portable/raspberrypi/rp2040/dcd_rp2040.c.obj
 .time_critical.prepare_ep_buffer
                0x20000a6c       0xc8 CMakeFiles/lab2_RTOS.dir/home/fen/pico-sdk/lib/tinyusb/src/portable/raspberrypi/rp2040/rp2040_usb.c.obj
 .time_critical.sync_ep_buffer
                0x20000b34       0x9c CMakeFiles/lab2_RTOS.dir/home/fen/pico-sdk/lib/tinyusb/src/portable/raspberrypi/rp2040/rp2040_usb.c.obj
 .time_critical._hw_endpoint_xfer_sync
                0x20000bd0       0x28 CMakeFiles/lab2_RTOS.dir/home/fen/pico-sdk/lib/tinyusb/src/portable/raspberrypi/rp2040/rp2040_usb.c.obj
 .time_critical.e15_is_bulkin_ep
                0x20000bf8       0x28 CMakeFiles/lab2_RTOS.dir/home/fen/pico-sdk/lib/tinyusb/src/portable/raspberrypi/rp2040/rp2040_usb.c.obj
 .time_critical.e15_is_critical_frame_period
                0x20000c20       0x34 CMakeFiles/lab2_RTOS.dir/home/fen/pico-sdk/lib/tinyusb/src/portable/raspberrypi/rp2040/rp2040_usb.c.obj
 .time_critical.hw_endpoint_reset_transfer
                0x20000c54        0xc CMakeFiles/lab2_RTOS.dir/home/fen/pico-sdk/lib/tinyusb/src/portable/raspberrypi/rp2040/rp2040_usb.c.obj
                0x20000c54                hw_endpoint_reset_transfer
 .time_critical._hw_endpoint_buffer_control_update32
                0x20000c60       0x50 CMakeFiles/lab2_RTOS.dir/home/fen/pico-sdk/lib/tinyusb/src/portable/raspberrypi/rp2040/rp2040_usb.c.obj
                0x20000c60                _hw_endpoint_buffer_control_update32
 .time_critical.hw_endpoint_start_next_buffer
                0x20000cb0       0x68 CMakeFiles/lab2_RTOS.dir/home/fen/pico-sdk/lib/tinyusb/src/portable/raspberrypi/rp2040/rp2040_usb.c.obj
                0x20000cb0                hw_endpoint_start_next_buffer
 .time_critical.hw_endpoint_xfer_continue
                0x20000d18       0x40 CMakeFiles/lab2_RTOS.dir/home/fen/pico-sdk/lib/tinyusb/src/portable/raspberrypi/rp2040/rp2040_usb.c.obj
                0x20000d18                hw_endpoint_xfer_continue
 .time_critical.tinyusb
                0x20000d58      0x1e4 CMakeFiles/lab2_RTOS.dir/home/fen/pico-sdk/lib/tinyusb/src/device/usbd.c.obj
                0x20000d58                dcd_event_handler
 *(.text*)
 .text          0x20000f3c        0x4 /usr/lib/gcc/arm-none-eabi/14.1.0/thumb/v6-m/nofp/libgcc.a(_dvmd_tls.o)
                0x20000f3c                __aeabi_ldiv0
                0x20000f3c                __aeabi_idiv0
 .text.__stub   0x20000f40       0xa0 linker stubs
                0x20000fe0                        . = ALIGN (0x4)
 *(.rodata*)
                0x20000fe0                        . = ALIGN (0x4)
 *(.data*)
 .data.striped_spin_lock_num
                0x20000fe0        0x1 CMakeFiles/lab2_RTOS.dir/home/fen/pico-sdk/src/rp2_common/hardware_sync/sync.c.obj
 *fill*         0x20000fe1        0x3 
 .data          0x20000fe4       0x48 CMakeFiles/lab2_RTOS.dir/home/fen/pico-sdk/src/rp2_common/hardware_irq/irq_handler_chain.S.obj
                0x20000fe4                irq_handler_chain_slots
                0x20001014                irq_handler_chain_first_slot
                0x2000101e                irq_handler_chain_remove_tail
 .data.default_alarm_pool
                0x2000102c       0x18 CMakeFiles/lab2_RTOS.dir/home/fen/pico-sdk/src/common/pico_time/time.c.obj
 *fill*         0x20001044        0xc 
 .data.aeabi_bits_funcs
                0x20001050       0x10 CMakeFiles/lab2_RTOS.dir/home/fen/pico-sdk/src/rp2_common/pico_bit_ops/bit_ops_aeabi.S.obj
                0x20001050                aeabi_bits_funcs
                0x20001060                aeabi_bits_funcs_end
 .data.aeabi_mem_funcs
                0x20001060       0x10 CMakeFiles/lab2_RTOS.dir/home/fen/pico-sdk/src/rp2_common/pico_mem_ops/mem_ops_aeabi.S.obj
                0x20001060                aeabi_mem_funcs
                0x20001070                aeabi_mem_funcs_end
 .data.stdio_uart
                0x20001070       0x18 CMakeFiles/lab2_RTOS.dir/home/fen/pico-sdk/src/rp2_common/pico_stdio_uart/stdio_uart.c.obj
                0x20001070                stdio_uart
 .data.stdio_usb
                0x20001088       0x18 CMakeFiles/lab2_RTOS.dir/home/fen/pico-sdk/src/rp2_common/pico_stdio_usb/stdio_usb.c.obj
                0x20001088                stdio_usb
 .data._usbd_qdef
                0x200010a0       0x1c CMakeFiles/lab2_RTOS.dir/home/fen/pico-sdk/lib/tinyusb/src/device/usbd.c.obj
                0x200010a0                _usbd_qdef
 .data._usbd_rhport
                0x200010bc        0x1 CMakeFiles/lab2_RTOS.dir/home/fen/pico-sdk/lib/tinyusb/src/device/usbd.c.obj
 .data.ucPrimaryCoreNum
                0x200010bd        0x1 CMakeFiles/lab2_RTOS.dir/lib/FreeRTOS-Kernel/portable/ThirdParty/GCC/RP2040/port.c.obj
 *fill*         0x200010be        0x2 
 .data.__atexit_recursive_mutex
                0x200010c0        0x4 /usr/lib/gcc/arm-none-eabi/14.1.0/../../../../arm-none-eabi/lib/thumb/v6-m/nofp/libg.a(libc_a-__call_atexit.o)
                0x200010c0                __atexit_recursive_mutex
                0x200010c4                        . = ALIGN (0x4)
 *(.after_data.*)
                0x200010c4                        . = ALIGN (0x4)
                0x200010c4                        PROVIDE (__mutex_array_start = .)
 *(SORT_BY_NAME(.mutex_array.*))
 *(.mutex_array)
 .mutex_array   0x200010c4        0x8 CMakeFiles/lab2_RTOS.dir/home/fen/pico-sdk/src/rp2_common/pico_malloc/malloc.c.obj
 .mutex_array   0x200010cc        0x8 CMakeFiles/lab2_RTOS.dir/home/fen/pico-sdk/src/rp2_common/pico_stdio/stdio.c.obj
                0x200010d4                        PROVIDE (__mutex_array_end = .)
                0x200010d4                        . = ALIGN (0x4)
 *(.jcr)
                0x200010d4                        . = ALIGN (0x4)

.igot.plt       0x200010d4        0x0 load address 0x1000af54
 .igot.plt      0x200010d4        0x0 /usr/lib/gcc/arm-none-eabi/14.1.0/thumb/v6-m/nofp/crtbegin.o

.tdata          0x200010d4        0x0 load address 0x1000af54
                0x200010d4                        . = ALIGN (0x4)
 *(.tdata .tdata.* .gnu.linkonce.td.*)
                0x200010d4                        __tdata_end = .
                0x200010d4                        PROVIDE (__data_end__ = .)
                0x10009f40                        __etext = LOADADDR (.data)

.tbss           0x200010d4        0x0 load address 0x1000af54
                0x200010d4                        . = ALIGN (0x4)
                0x200010d4                        __bss_start__ = .
                0x200010d4                        __tls_base = .
 *(.tbss .tbss.* .gnu.linkonce.tb.*)
 *(.tcommon)
                0x200010d4                        __tls_end = .

.bss            0x200010d8    0x21604 load address 0x1000af54
                0x200010d8                        . = ALIGN (0x4)
                0x200010d8                        __tbss_end = .
 *(SORT_BY_ALIGNMENT(SORT_BY_NAME(.bss*)))
 .bss.default_alarm_pool_entries
                0x200010d8      0x180 CMakeFiles/lab2_RTOS.dir/home/fen/pico-sdk/src/common/pico_time/time.c.obj
 .bss.last_avail_time.1
                0x20001258        0x8 CMakeFiles/lab2_RTOS.dir/home/fen/pico-sdk/src/rp2_common/pico_stdio_usb/stdio_usb.c.obj
 .bss.sd_table  0x20001260      0x100 CMakeFiles/lab2_RTOS.dir/home/fen/pico-sdk/src/rp2_common/pico_double/double_init_rom_rp2040.c.obj
                0x20001260                sd_table
 .bss.sf_table  0x20001360      0x100 CMakeFiles/lab2_RTOS.dir/home/fen/pico-sdk/src/rp2_common/pico_float/float_init_rom_rp2040.c.obj
                0x20001360                sf_table
 .bss.xQueueRegistry
                0x20001460       0x40 CMakeFiles/lab2_RTOS.dir/lib/FreeRTOS-Kernel/queue.c.obj
                0x20001460                xQueueRegistry
 .bss.__atexit  0x200014a0        0x4 /usr/lib/gcc/arm-none-eabi/14.1.0/../../../../arm-none-eabi/lib/thumb/v6-m/nofp/libg.a(libc_a-__call_atexit.o)
                0x200014a0                __atexit
 .bss.__atexit0
                0x200014a4      0x190 /usr/lib/gcc/arm-none-eabi/14.1.0/../../../../arm-none-eabi/lib/thumb/v6-m/nofp/libg.a(libc_a-__atexit.o)
                0x200014a4                __atexit0
 .bss.__lock___atexit_recursive_mutex
                0x20001634        0x1 /usr/lib/gcc/arm-none-eabi/14.1.0/../../../../arm-none-eabi/lib/thumb/v6-m/nofp/libg.a(libc_a-lock.o)
                0x20001634                __lock___atexit_recursive_mutex
 *fill*         0x20001635        0x3 
 .bss._app_driver
                0x20001638        0x4 CMakeFiles/lab2_RTOS.dir/home/fen/pico-sdk/lib/tinyusb/src/device/usbd.c.obj
 .bss._cdcd_fifo_cfg
                0x2000163c        0x1 CMakeFiles/lab2_RTOS.dir/home/fen/pico-sdk/lib/tinyusb/src/class/cdc/cdc_device.c.obj
 *fill*         0x2000163d        0x3 
 .bss._cdcd_itf
                0x20001640      0x2c8 CMakeFiles/lab2_RTOS.dir/home/fen/pico-sdk/lib/tinyusb/src/class/cdc/cdc_device.c.obj
 .bss._ctrl_xfer
                0x20001908       0x14 CMakeFiles/lab2_RTOS.dir/home/fen/pico-sdk/lib/tinyusb/src/device/usbd_control.c.obj
 .bss._ubsd_mutexdef
                0x2000191c        0x8 CMakeFiles/lab2_RTOS.dir/home/fen/pico-sdk/lib/tinyusb/src/device/usbd.c.obj
 .bss._usbd_ctrl_buf
                0x20001924       0x40 CMakeFiles/lab2_RTOS.dir/home/fen/pico-sdk/lib/tinyusb/src/device/usbd_control.c.obj
 .bss._usbd_dev
                0x20001964       0x54 CMakeFiles/lab2_RTOS.dir/home/fen/pico-sdk/lib/tinyusb/src/device/usbd.c.obj
 .bss._usbd_mutex
                0x200019b8        0x4 CMakeFiles/lab2_RTOS.dir/home/fen/pico-sdk/lib/tinyusb/src/device/usbd.c.obj
 .bss._usbd_q   0x200019bc        0x4 CMakeFiles/lab2_RTOS.dir/home/fen/pico-sdk/lib/tinyusb/src/device/usbd.c.obj
 .bss._usbd_qdef_buf
                0x200019c0       0xc0 CMakeFiles/lab2_RTOS.dir/home/fen/pico-sdk/lib/tinyusb/src/device/usbd.c.obj
                0x200019c0                _usbd_qdef_buf
 .bss._used_instruction_space
                0x20001a80        0x8 CMakeFiles/lab2_RTOS.dir/home/fen/pico-sdk/src/rp2_common/hardware_pio/pio.c.obj
 .bss._vendord_itf
                0x20001a88      0x2bc CMakeFiles/lab2_RTOS.dir/home/fen/pico-sdk/lib/tinyusb/src/class/vendor/vendor_device.c.obj